ARM GAS  C:\Users\LocalAdmin\AppData\Local\Temp\cc0tHcri.s 			page 1


   1              		.syntax unified
   2              		.cpu cortex-m3
   3              		.fpu softvfp
   4              		.eabi_attribute 20, 1
   5              		.eabi_attribute 21, 1
   6              		.eabi_attribute 23, 3
   7              		.eabi_attribute 24, 1
   8              		.eabi_attribute 25, 1
   9              		.eabi_attribute 26, 1
  10              		.eabi_attribute 30, 6
  11              		.eabi_attribute 34, 1
  12              		.eabi_attribute 18, 4
  13              		.thumb
  14              		.file	"UART_TFT_INT.c"
  15              		.text
  16              	.Ltext0:
  17              		.cfi_sections	.debug_frame
  18              		.section	.text.UART_TFT_RXISR,"ax",%progbits
  19              		.align	2
  20              		.global	UART_TFT_RXISR
  21              		.thumb
  22              		.thumb_func
  23              		.type	UART_TFT_RXISR, %function
  24              	UART_TFT_RXISR:
  25              	.LFB0:
  26              		.file 1 "Generated_Source\\PSoC5\\UART_TFT_INT.c"
   1:Generated_Source\PSoC5/UART_TFT_INT.c **** /*******************************************************************************
   2:Generated_Source\PSoC5/UART_TFT_INT.c **** * File Name: UART_TFTINT.c
   3:Generated_Source\PSoC5/UART_TFT_INT.c **** * Version 2.50
   4:Generated_Source\PSoC5/UART_TFT_INT.c **** *
   5:Generated_Source\PSoC5/UART_TFT_INT.c **** * Description:
   6:Generated_Source\PSoC5/UART_TFT_INT.c **** *  This file provides all Interrupt Service functionality of the UART component
   7:Generated_Source\PSoC5/UART_TFT_INT.c **** *
   8:Generated_Source\PSoC5/UART_TFT_INT.c **** ********************************************************************************
   9:Generated_Source\PSoC5/UART_TFT_INT.c **** * Copyright 2008-2015, Cypress Semiconductor Corporation.  All rights reserved.
  10:Generated_Source\PSoC5/UART_TFT_INT.c **** * You may use this file only in accordance with the license, terms, conditions,
  11:Generated_Source\PSoC5/UART_TFT_INT.c **** * disclaimers, and limitations in the end user license agreement accompanying
  12:Generated_Source\PSoC5/UART_TFT_INT.c **** * the software package with which this file was provided.
  13:Generated_Source\PSoC5/UART_TFT_INT.c **** *******************************************************************************/
  14:Generated_Source\PSoC5/UART_TFT_INT.c **** 
  15:Generated_Source\PSoC5/UART_TFT_INT.c **** #include "UART_TFT.h"
  16:Generated_Source\PSoC5/UART_TFT_INT.c **** 
  17:Generated_Source\PSoC5/UART_TFT_INT.c **** 
  18:Generated_Source\PSoC5/UART_TFT_INT.c **** 
  19:Generated_Source\PSoC5/UART_TFT_INT.c **** /***************************************
  20:Generated_Source\PSoC5/UART_TFT_INT.c **** * Custom Declarations
  21:Generated_Source\PSoC5/UART_TFT_INT.c **** ***************************************/
  22:Generated_Source\PSoC5/UART_TFT_INT.c **** /* `#START CUSTOM_DECLARATIONS` Place your declaration here */
  23:Generated_Source\PSoC5/UART_TFT_INT.c **** 
  24:Generated_Source\PSoC5/UART_TFT_INT.c **** /* `#END` */
  25:Generated_Source\PSoC5/UART_TFT_INT.c **** 
  26:Generated_Source\PSoC5/UART_TFT_INT.c **** #if (UART_TFT_RX_INTERRUPT_ENABLED && (UART_TFT_RX_ENABLED || UART_TFT_HD_ENABLED))
  27:Generated_Source\PSoC5/UART_TFT_INT.c ****     /*******************************************************************************
  28:Generated_Source\PSoC5/UART_TFT_INT.c ****     * Function Name: UART_TFT_RXISR
  29:Generated_Source\PSoC5/UART_TFT_INT.c ****     ********************************************************************************
  30:Generated_Source\PSoC5/UART_TFT_INT.c ****     *
  31:Generated_Source\PSoC5/UART_TFT_INT.c ****     * Summary:
ARM GAS  C:\Users\LocalAdmin\AppData\Local\Temp\cc0tHcri.s 			page 2


  32:Generated_Source\PSoC5/UART_TFT_INT.c ****     *  Interrupt Service Routine for RX portion of the UART
  33:Generated_Source\PSoC5/UART_TFT_INT.c ****     *
  34:Generated_Source\PSoC5/UART_TFT_INT.c ****     * Parameters:
  35:Generated_Source\PSoC5/UART_TFT_INT.c ****     *  None.
  36:Generated_Source\PSoC5/UART_TFT_INT.c ****     *
  37:Generated_Source\PSoC5/UART_TFT_INT.c ****     * Return:
  38:Generated_Source\PSoC5/UART_TFT_INT.c ****     *  None.
  39:Generated_Source\PSoC5/UART_TFT_INT.c ****     *
  40:Generated_Source\PSoC5/UART_TFT_INT.c ****     * Global Variables:
  41:Generated_Source\PSoC5/UART_TFT_INT.c ****     *  UART_TFT_rxBuffer - RAM buffer pointer for save received data.
  42:Generated_Source\PSoC5/UART_TFT_INT.c ****     *  UART_TFT_rxBufferWrite - cyclic index for write to rxBuffer,
  43:Generated_Source\PSoC5/UART_TFT_INT.c ****     *     increments after each byte saved to buffer.
  44:Generated_Source\PSoC5/UART_TFT_INT.c ****     *  UART_TFT_rxBufferRead - cyclic index for read from rxBuffer,
  45:Generated_Source\PSoC5/UART_TFT_INT.c ****     *     checked to detect overflow condition.
  46:Generated_Source\PSoC5/UART_TFT_INT.c ****     *  UART_TFT_rxBufferOverflow - software overflow flag. Set to one
  47:Generated_Source\PSoC5/UART_TFT_INT.c ****     *     when UART_TFT_rxBufferWrite index overtakes
  48:Generated_Source\PSoC5/UART_TFT_INT.c ****     *     UART_TFT_rxBufferRead index.
  49:Generated_Source\PSoC5/UART_TFT_INT.c ****     *  UART_TFT_rxBufferLoopDetect - additional variable to detect overflow.
  50:Generated_Source\PSoC5/UART_TFT_INT.c ****     *     Set to one when UART_TFT_rxBufferWrite is equal to
  51:Generated_Source\PSoC5/UART_TFT_INT.c ****     *    UART_TFT_rxBufferRead
  52:Generated_Source\PSoC5/UART_TFT_INT.c ****     *  UART_TFT_rxAddressMode - this variable contains the Address mode,
  53:Generated_Source\PSoC5/UART_TFT_INT.c ****     *     selected in customizer or set by UART_SetRxAddressMode() API.
  54:Generated_Source\PSoC5/UART_TFT_INT.c ****     *  UART_TFT_rxAddressDetected - set to 1 when correct address received,
  55:Generated_Source\PSoC5/UART_TFT_INT.c ****     *     and analysed to store following addressed data bytes to the buffer.
  56:Generated_Source\PSoC5/UART_TFT_INT.c ****     *     When not correct address received, set to 0 to skip following data bytes.
  57:Generated_Source\PSoC5/UART_TFT_INT.c ****     *
  58:Generated_Source\PSoC5/UART_TFT_INT.c ****     *******************************************************************************/
  59:Generated_Source\PSoC5/UART_TFT_INT.c ****     CY_ISR(UART_TFT_RXISR)
  60:Generated_Source\PSoC5/UART_TFT_INT.c ****     {
  27              		.loc 1 60 0
  28              		.cfi_startproc
  29              		@ args = 0, pretend = 0, frame = 8
  30              		@ frame_needed = 1, uses_anonymous_args = 0
  31              		@ link register save eliminated.
  32 0000 80B4     		push	{r7}
  33              		.cfi_def_cfa_offset 4
  34              		.cfi_offset 7, -4
  35 0002 83B0     		sub	sp, sp, #12
  36              		.cfi_def_cfa_offset 16
  37 0004 00AF     		add	r7, sp, #0
  38              		.cfi_def_cfa_register 7
  61:Generated_Source\PSoC5/UART_TFT_INT.c ****         uint8 readData;
  62:Generated_Source\PSoC5/UART_TFT_INT.c ****         uint8 readStatus;
  63:Generated_Source\PSoC5/UART_TFT_INT.c ****         uint8 increment_pointer = 0u;
  39              		.loc 1 63 0
  40 0006 0023     		movs	r3, #0
  41 0008 FB71     		strb	r3, [r7, #7]
  42              	.L6:
  64:Generated_Source\PSoC5/UART_TFT_INT.c **** 
  65:Generated_Source\PSoC5/UART_TFT_INT.c ****     #if(CY_PSOC3)
  66:Generated_Source\PSoC5/UART_TFT_INT.c ****         uint8 int_en;
  67:Generated_Source\PSoC5/UART_TFT_INT.c ****     #endif /* (CY_PSOC3) */
  68:Generated_Source\PSoC5/UART_TFT_INT.c **** 
  69:Generated_Source\PSoC5/UART_TFT_INT.c ****     #ifdef UART_TFT_RXISR_ENTRY_CALLBACK
  70:Generated_Source\PSoC5/UART_TFT_INT.c ****         UART_TFT_RXISR_EntryCallback();
  71:Generated_Source\PSoC5/UART_TFT_INT.c ****     #endif /* UART_TFT_RXISR_ENTRY_CALLBACK */
  72:Generated_Source\PSoC5/UART_TFT_INT.c **** 
ARM GAS  C:\Users\LocalAdmin\AppData\Local\Temp\cc0tHcri.s 			page 3


  73:Generated_Source\PSoC5/UART_TFT_INT.c ****         /* User code required at start of ISR */
  74:Generated_Source\PSoC5/UART_TFT_INT.c ****         /* `#START UART_TFT_RXISR_START` */
  75:Generated_Source\PSoC5/UART_TFT_INT.c **** 
  76:Generated_Source\PSoC5/UART_TFT_INT.c ****         /* `#END` */
  77:Generated_Source\PSoC5/UART_TFT_INT.c **** 
  78:Generated_Source\PSoC5/UART_TFT_INT.c ****     #if(CY_PSOC3)   /* Make sure nested interrupt is enabled */
  79:Generated_Source\PSoC5/UART_TFT_INT.c ****         int_en = EA;
  80:Generated_Source\PSoC5/UART_TFT_INT.c ****         CyGlobalIntEnable;
  81:Generated_Source\PSoC5/UART_TFT_INT.c ****     #endif /* (CY_PSOC3) */
  82:Generated_Source\PSoC5/UART_TFT_INT.c **** 
  83:Generated_Source\PSoC5/UART_TFT_INT.c ****         do
  84:Generated_Source\PSoC5/UART_TFT_INT.c ****         {
  85:Generated_Source\PSoC5/UART_TFT_INT.c ****             /* Read receiver status register */
  86:Generated_Source\PSoC5/UART_TFT_INT.c ****             readStatus = UART_TFT_RXSTATUS_REG;
  43              		.loc 1 86 0
  44 000a 2B4B     		ldr	r3, .L7
  45 000c 1B78     		ldrb	r3, [r3]
  46 000e BB71     		strb	r3, [r7, #6]
  87:Generated_Source\PSoC5/UART_TFT_INT.c ****             /* Copy the same status to readData variable for backward compatibility support 
  88:Generated_Source\PSoC5/UART_TFT_INT.c ****             *  of the user code in UART_TFT_RXISR_ERROR` section. 
  89:Generated_Source\PSoC5/UART_TFT_INT.c ****             */
  90:Generated_Source\PSoC5/UART_TFT_INT.c ****             readData = readStatus;
  47              		.loc 1 90 0
  48 0010 BB79     		ldrb	r3, [r7, #6]
  49 0012 7B71     		strb	r3, [r7, #5]
  91:Generated_Source\PSoC5/UART_TFT_INT.c **** 
  92:Generated_Source\PSoC5/UART_TFT_INT.c ****             if((readStatus & (UART_TFT_RX_STS_BREAK | 
  93:Generated_Source\PSoC5/UART_TFT_INT.c ****                             UART_TFT_RX_STS_PAR_ERROR |
  94:Generated_Source\PSoC5/UART_TFT_INT.c ****                             UART_TFT_RX_STS_STOP_ERROR | 
  95:Generated_Source\PSoC5/UART_TFT_INT.c ****                             UART_TFT_RX_STS_OVERRUN)) != 0u)
  50              		.loc 1 95 0
  51 0014 BB79     		ldrb	r3, [r7, #6]	@ zero_extendqisi2
  52 0016 03F01E03 		and	r3, r3, #30
  92:Generated_Source\PSoC5/UART_TFT_INT.c ****                             UART_TFT_RX_STS_PAR_ERROR |
  53              		.loc 1 92 0
  54 001a 002B     		cmp	r3, #0
  55 001c 0BD0     		beq	.L2
  96:Generated_Source\PSoC5/UART_TFT_INT.c ****             {
  97:Generated_Source\PSoC5/UART_TFT_INT.c ****                 /* ERROR handling. */
  98:Generated_Source\PSoC5/UART_TFT_INT.c ****                 UART_TFT_errorStatus |= readStatus & ( UART_TFT_RX_STS_BREAK | 
  56              		.loc 1 98 0
  57 001e BB79     		ldrb	r3, [r7, #6]	@ zero_extendqisi2
  58 0020 03F01E03 		and	r3, r3, #30
  59 0024 DAB2     		uxtb	r2, r3
  60 0026 254B     		ldr	r3, .L7+4
  61 0028 1B78     		ldrb	r3, [r3]	@ zero_extendqisi2
  62 002a DBB2     		uxtb	r3, r3
  63 002c 1343     		orrs	r3, r3, r2
  64 002e DBB2     		uxtb	r3, r3
  65 0030 DAB2     		uxtb	r2, r3
  66 0032 224B     		ldr	r3, .L7+4
  67 0034 1A70     		strb	r2, [r3]
  68              	.L2:
  99:Generated_Source\PSoC5/UART_TFT_INT.c ****                                                             UART_TFT_RX_STS_PAR_ERROR | 
 100:Generated_Source\PSoC5/UART_TFT_INT.c ****                                                             UART_TFT_RX_STS_STOP_ERROR | 
 101:Generated_Source\PSoC5/UART_TFT_INT.c ****                                                             UART_TFT_RX_STS_OVERRUN);
 102:Generated_Source\PSoC5/UART_TFT_INT.c ****                 /* `#START UART_TFT_RXISR_ERROR` */
ARM GAS  C:\Users\LocalAdmin\AppData\Local\Temp\cc0tHcri.s 			page 4


 103:Generated_Source\PSoC5/UART_TFT_INT.c **** 
 104:Generated_Source\PSoC5/UART_TFT_INT.c ****                 /* `#END` */
 105:Generated_Source\PSoC5/UART_TFT_INT.c ****                 
 106:Generated_Source\PSoC5/UART_TFT_INT.c ****             #ifdef UART_TFT_RXISR_ERROR_CALLBACK
 107:Generated_Source\PSoC5/UART_TFT_INT.c ****                 UART_TFT_RXISR_ERROR_Callback();
 108:Generated_Source\PSoC5/UART_TFT_INT.c ****             #endif /* UART_TFT_RXISR_ERROR_CALLBACK */
 109:Generated_Source\PSoC5/UART_TFT_INT.c ****             }
 110:Generated_Source\PSoC5/UART_TFT_INT.c ****             
 111:Generated_Source\PSoC5/UART_TFT_INT.c ****             if((readStatus & UART_TFT_RX_STS_FIFO_NOTEMPTY) != 0u)
  69              		.loc 1 111 0
  70 0036 BB79     		ldrb	r3, [r7, #6]	@ zero_extendqisi2
  71 0038 03F02003 		and	r3, r3, #32
  72 003c 002B     		cmp	r3, #0
  73 003e 30D0     		beq	.L3
 112:Generated_Source\PSoC5/UART_TFT_INT.c ****             {
 113:Generated_Source\PSoC5/UART_TFT_INT.c ****                 /* Read data from the RX data register */
 114:Generated_Source\PSoC5/UART_TFT_INT.c ****                 readData = UART_TFT_RXDATA_REG;
  74              		.loc 1 114 0
  75 0040 1F4B     		ldr	r3, .L7+8
  76 0042 1B78     		ldrb	r3, [r3]
  77 0044 7B71     		strb	r3, [r7, #5]
 115:Generated_Source\PSoC5/UART_TFT_INT.c ****             #if (UART_TFT_RXHW_ADDRESS_ENABLED)
 116:Generated_Source\PSoC5/UART_TFT_INT.c ****                 if(UART_TFT_rxAddressMode == (uint8)UART_TFT__B_UART__AM_SW_DETECT_TO_BUFFER)
 117:Generated_Source\PSoC5/UART_TFT_INT.c ****                 {
 118:Generated_Source\PSoC5/UART_TFT_INT.c ****                     if((readStatus & UART_TFT_RX_STS_MRKSPC) != 0u)
 119:Generated_Source\PSoC5/UART_TFT_INT.c ****                     {
 120:Generated_Source\PSoC5/UART_TFT_INT.c ****                         if ((readStatus & UART_TFT_RX_STS_ADDR_MATCH) != 0u)
 121:Generated_Source\PSoC5/UART_TFT_INT.c ****                         {
 122:Generated_Source\PSoC5/UART_TFT_INT.c ****                             UART_TFT_rxAddressDetected = 1u;
 123:Generated_Source\PSoC5/UART_TFT_INT.c ****                         }
 124:Generated_Source\PSoC5/UART_TFT_INT.c ****                         else
 125:Generated_Source\PSoC5/UART_TFT_INT.c ****                         {
 126:Generated_Source\PSoC5/UART_TFT_INT.c ****                             UART_TFT_rxAddressDetected = 0u;
 127:Generated_Source\PSoC5/UART_TFT_INT.c ****                         }
 128:Generated_Source\PSoC5/UART_TFT_INT.c ****                     }
 129:Generated_Source\PSoC5/UART_TFT_INT.c ****                     if(UART_TFT_rxAddressDetected != 0u)
 130:Generated_Source\PSoC5/UART_TFT_INT.c ****                     {   /* Store only addressed data */
 131:Generated_Source\PSoC5/UART_TFT_INT.c ****                         UART_TFT_rxBuffer[UART_TFT_rxBufferWrite] = readData;
 132:Generated_Source\PSoC5/UART_TFT_INT.c ****                         increment_pointer = 1u;
 133:Generated_Source\PSoC5/UART_TFT_INT.c ****                     }
 134:Generated_Source\PSoC5/UART_TFT_INT.c ****                 }
 135:Generated_Source\PSoC5/UART_TFT_INT.c ****                 else /* Without software addressing */
 136:Generated_Source\PSoC5/UART_TFT_INT.c ****                 {
 137:Generated_Source\PSoC5/UART_TFT_INT.c ****                     UART_TFT_rxBuffer[UART_TFT_rxBufferWrite] = readData;
 138:Generated_Source\PSoC5/UART_TFT_INT.c ****                     increment_pointer = 1u;
 139:Generated_Source\PSoC5/UART_TFT_INT.c ****                 }
 140:Generated_Source\PSoC5/UART_TFT_INT.c ****             #else  /* Without addressing */
 141:Generated_Source\PSoC5/UART_TFT_INT.c ****                 UART_TFT_rxBuffer[UART_TFT_rxBufferWrite] = readData;
  78              		.loc 1 141 0
  79 0046 1F4B     		ldr	r3, .L7+12
  80 0048 1B78     		ldrb	r3, [r3]
  81 004a DBB2     		uxtb	r3, r3
  82 004c 1946     		mov	r1, r3
  83 004e 1E4A     		ldr	r2, .L7+16
  84 0050 7B79     		ldrb	r3, [r7, #5]
  85 0052 5354     		strb	r3, [r2, r1]
 142:Generated_Source\PSoC5/UART_TFT_INT.c ****                 increment_pointer = 1u;
ARM GAS  C:\Users\LocalAdmin\AppData\Local\Temp\cc0tHcri.s 			page 5


  86              		.loc 1 142 0
  87 0054 0123     		movs	r3, #1
  88 0056 FB71     		strb	r3, [r7, #7]
 143:Generated_Source\PSoC5/UART_TFT_INT.c ****             #endif /* (UART_TFT_RXHW_ADDRESS_ENABLED) */
 144:Generated_Source\PSoC5/UART_TFT_INT.c **** 
 145:Generated_Source\PSoC5/UART_TFT_INT.c ****                 /* Do not increment buffer pointer when skip not addressed data */
 146:Generated_Source\PSoC5/UART_TFT_INT.c ****                 if(increment_pointer != 0u)
  89              		.loc 1 146 0
  90 0058 FB79     		ldrb	r3, [r7, #7]	@ zero_extendqisi2
  91 005a 002B     		cmp	r3, #0
  92 005c 21D0     		beq	.L3
 147:Generated_Source\PSoC5/UART_TFT_INT.c ****                 {
 148:Generated_Source\PSoC5/UART_TFT_INT.c ****                     if(UART_TFT_rxBufferLoopDetect != 0u)
  93              		.loc 1 148 0
  94 005e 1B4B     		ldr	r3, .L7+20
  95 0060 1B78     		ldrb	r3, [r3]
  96 0062 DBB2     		uxtb	r3, r3
  97 0064 002B     		cmp	r3, #0
  98 0066 02D0     		beq	.L4
 149:Generated_Source\PSoC5/UART_TFT_INT.c ****                     {   /* Set Software Buffer status Overflow */
 150:Generated_Source\PSoC5/UART_TFT_INT.c ****                         UART_TFT_rxBufferOverflow = 1u;
  99              		.loc 1 150 0
 100 0068 194B     		ldr	r3, .L7+24
 101 006a 0122     		movs	r2, #1
 102 006c 1A70     		strb	r2, [r3]
 103              	.L4:
 151:Generated_Source\PSoC5/UART_TFT_INT.c ****                     }
 152:Generated_Source\PSoC5/UART_TFT_INT.c ****                     /* Set next pointer. */
 153:Generated_Source\PSoC5/UART_TFT_INT.c ****                     UART_TFT_rxBufferWrite++;
 104              		.loc 1 153 0
 105 006e 154B     		ldr	r3, .L7+12
 106 0070 1B78     		ldrb	r3, [r3]
 107 0072 DBB2     		uxtb	r3, r3
 108 0074 0133     		adds	r3, r3, #1
 109 0076 DAB2     		uxtb	r2, r3
 110 0078 124B     		ldr	r3, .L7+12
 111 007a 1A70     		strb	r2, [r3]
 154:Generated_Source\PSoC5/UART_TFT_INT.c **** 
 155:Generated_Source\PSoC5/UART_TFT_INT.c ****                     /* Check pointer for a loop condition */
 156:Generated_Source\PSoC5/UART_TFT_INT.c ****                     if(UART_TFT_rxBufferWrite >= UART_TFT_RX_BUFFER_SIZE)
 112              		.loc 1 156 0
 113 007c 114B     		ldr	r3, .L7+12
 114 007e 1B78     		ldrb	r3, [r3]
 115 0080 DBB2     		uxtb	r3, r3
 116 0082 132B     		cmp	r3, #19
 117 0084 02D9     		bls	.L5
 157:Generated_Source\PSoC5/UART_TFT_INT.c ****                     {
 158:Generated_Source\PSoC5/UART_TFT_INT.c ****                         UART_TFT_rxBufferWrite = 0u;
 118              		.loc 1 158 0
 119 0086 0F4B     		ldr	r3, .L7+12
 120 0088 0022     		movs	r2, #0
 121 008a 1A70     		strb	r2, [r3]
 122              	.L5:
 159:Generated_Source\PSoC5/UART_TFT_INT.c ****                     }
 160:Generated_Source\PSoC5/UART_TFT_INT.c **** 
 161:Generated_Source\PSoC5/UART_TFT_INT.c ****                     /* Detect pre-overload condition and set flag */
 162:Generated_Source\PSoC5/UART_TFT_INT.c ****                     if(UART_TFT_rxBufferWrite == UART_TFT_rxBufferRead)
ARM GAS  C:\Users\LocalAdmin\AppData\Local\Temp\cc0tHcri.s 			page 6


 123              		.loc 1 162 0
 124 008c 0D4B     		ldr	r3, .L7+12
 125 008e 1B78     		ldrb	r3, [r3]
 126 0090 DAB2     		uxtb	r2, r3
 127 0092 104B     		ldr	r3, .L7+28
 128 0094 1B78     		ldrb	r3, [r3]
 129 0096 DBB2     		uxtb	r3, r3
 130 0098 9A42     		cmp	r2, r3
 131 009a 02D1     		bne	.L3
 163:Generated_Source\PSoC5/UART_TFT_INT.c ****                     {
 164:Generated_Source\PSoC5/UART_TFT_INT.c ****                         UART_TFT_rxBufferLoopDetect = 1u;
 132              		.loc 1 164 0
 133 009c 0B4B     		ldr	r3, .L7+20
 134 009e 0122     		movs	r2, #1
 135 00a0 1A70     		strb	r2, [r3]
 136              	.L3:
 165:Generated_Source\PSoC5/UART_TFT_INT.c ****                         /* When Hardware Flow Control selected */
 166:Generated_Source\PSoC5/UART_TFT_INT.c ****                         #if (UART_TFT_FLOW_CONTROL != 0u)
 167:Generated_Source\PSoC5/UART_TFT_INT.c ****                             /* Disable RX interrupt mask, it is enabled when user read data from th
 168:Generated_Source\PSoC5/UART_TFT_INT.c ****                             UART_TFT_RXSTATUS_MASK_REG  &= (uint8)~UART_TFT_RX_STS_FIFO_NOTEMPTY;
 169:Generated_Source\PSoC5/UART_TFT_INT.c ****                             CyIntClearPending(UART_TFT_RX_VECT_NUM);
 170:Generated_Source\PSoC5/UART_TFT_INT.c ****                             break; /* Break the reading of the FIFO loop, leave the data there for 
 171:Generated_Source\PSoC5/UART_TFT_INT.c ****                         #endif /* (UART_TFT_FLOW_CONTROL != 0u) */
 172:Generated_Source\PSoC5/UART_TFT_INT.c ****                     }
 173:Generated_Source\PSoC5/UART_TFT_INT.c ****                 }
 174:Generated_Source\PSoC5/UART_TFT_INT.c ****             }
 175:Generated_Source\PSoC5/UART_TFT_INT.c ****         }while((readStatus & UART_TFT_RX_STS_FIFO_NOTEMPTY) != 0u);
 137              		.loc 1 175 0
 138 00a2 BB79     		ldrb	r3, [r7, #6]	@ zero_extendqisi2
 139 00a4 03F02003 		and	r3, r3, #32
 140 00a8 002B     		cmp	r3, #0
 141 00aa AED1     		bne	.L6
 176:Generated_Source\PSoC5/UART_TFT_INT.c **** 
 177:Generated_Source\PSoC5/UART_TFT_INT.c ****         /* User code required at end of ISR (Optional) */
 178:Generated_Source\PSoC5/UART_TFT_INT.c ****         /* `#START UART_TFT_RXISR_END` */
 179:Generated_Source\PSoC5/UART_TFT_INT.c **** 
 180:Generated_Source\PSoC5/UART_TFT_INT.c ****         /* `#END` */
 181:Generated_Source\PSoC5/UART_TFT_INT.c **** 
 182:Generated_Source\PSoC5/UART_TFT_INT.c ****     #ifdef UART_TFT_RXISR_EXIT_CALLBACK
 183:Generated_Source\PSoC5/UART_TFT_INT.c ****         UART_TFT_RXISR_ExitCallback();
 184:Generated_Source\PSoC5/UART_TFT_INT.c ****     #endif /* UART_TFT_RXISR_EXIT_CALLBACK */
 185:Generated_Source\PSoC5/UART_TFT_INT.c **** 
 186:Generated_Source\PSoC5/UART_TFT_INT.c ****     #if(CY_PSOC3)
 187:Generated_Source\PSoC5/UART_TFT_INT.c ****         EA = int_en;
 188:Generated_Source\PSoC5/UART_TFT_INT.c ****     #endif /* (CY_PSOC3) */
 189:Generated_Source\PSoC5/UART_TFT_INT.c ****     }
 142              		.loc 1 189 0
 143 00ac 0C37     		adds	r7, r7, #12
 144              		.cfi_def_cfa_offset 4
 145 00ae BD46     		mov	sp, r7
 146              		.cfi_def_cfa_register 13
 147              		@ sp needed
 148 00b0 5DF8047B 		ldr	r7, [sp], #4
 149              		.cfi_restore 7
 150              		.cfi_def_cfa_offset 0
 151 00b4 7047     		bx	lr
 152              	.L8:
ARM GAS  C:\Users\LocalAdmin\AppData\Local\Temp\cc0tHcri.s 			page 7


 153 00b6 00BF     		.align	2
 154              	.L7:
 155 00b8 6A650040 		.word	1073767786
 156 00bc 00000000 		.word	UART_TFT_errorStatus
 157 00c0 49650040 		.word	1073767753
 158 00c4 00000000 		.word	UART_TFT_rxBufferWrite
 159 00c8 00000000 		.word	UART_TFT_rxBuffer
 160 00cc 00000000 		.word	UART_TFT_rxBufferLoopDetect
 161 00d0 00000000 		.word	UART_TFT_rxBufferOverflow
 162 00d4 00000000 		.word	UART_TFT_rxBufferRead
 163              		.cfi_endproc
 164              	.LFE0:
 165              		.size	UART_TFT_RXISR, .-UART_TFT_RXISR
 166              		.section	.text.UART_TFT_TXISR,"ax",%progbits
 167              		.align	2
 168              		.global	UART_TFT_TXISR
 169              		.thumb
 170              		.thumb_func
 171              		.type	UART_TFT_TXISR, %function
 172              	UART_TFT_TXISR:
 173              	.LFB1:
 190:Generated_Source\PSoC5/UART_TFT_INT.c ****     
 191:Generated_Source\PSoC5/UART_TFT_INT.c **** #endif /* (UART_TFT_RX_INTERRUPT_ENABLED && (UART_TFT_RX_ENABLED || UART_TFT_HD_ENABLED)) */
 192:Generated_Source\PSoC5/UART_TFT_INT.c **** 
 193:Generated_Source\PSoC5/UART_TFT_INT.c **** 
 194:Generated_Source\PSoC5/UART_TFT_INT.c **** #if (UART_TFT_TX_INTERRUPT_ENABLED && UART_TFT_TX_ENABLED)
 195:Generated_Source\PSoC5/UART_TFT_INT.c ****     /*******************************************************************************
 196:Generated_Source\PSoC5/UART_TFT_INT.c ****     * Function Name: UART_TFT_TXISR
 197:Generated_Source\PSoC5/UART_TFT_INT.c ****     ********************************************************************************
 198:Generated_Source\PSoC5/UART_TFT_INT.c ****     *
 199:Generated_Source\PSoC5/UART_TFT_INT.c ****     * Summary:
 200:Generated_Source\PSoC5/UART_TFT_INT.c ****     * Interrupt Service Routine for the TX portion of the UART
 201:Generated_Source\PSoC5/UART_TFT_INT.c ****     *
 202:Generated_Source\PSoC5/UART_TFT_INT.c ****     * Parameters:
 203:Generated_Source\PSoC5/UART_TFT_INT.c ****     *  None.
 204:Generated_Source\PSoC5/UART_TFT_INT.c ****     *
 205:Generated_Source\PSoC5/UART_TFT_INT.c ****     * Return:
 206:Generated_Source\PSoC5/UART_TFT_INT.c ****     *  None.
 207:Generated_Source\PSoC5/UART_TFT_INT.c ****     *
 208:Generated_Source\PSoC5/UART_TFT_INT.c ****     * Global Variables:
 209:Generated_Source\PSoC5/UART_TFT_INT.c ****     *  UART_TFT_txBuffer - RAM buffer pointer for transmit data from.
 210:Generated_Source\PSoC5/UART_TFT_INT.c ****     *  UART_TFT_txBufferRead - cyclic index for read and transmit data
 211:Generated_Source\PSoC5/UART_TFT_INT.c ****     *     from txBuffer, increments after each transmitted byte.
 212:Generated_Source\PSoC5/UART_TFT_INT.c ****     *  UART_TFT_rxBufferWrite - cyclic index for write to txBuffer,
 213:Generated_Source\PSoC5/UART_TFT_INT.c ****     *     checked to detect available for transmission bytes.
 214:Generated_Source\PSoC5/UART_TFT_INT.c ****     *
 215:Generated_Source\PSoC5/UART_TFT_INT.c ****     *******************************************************************************/
 216:Generated_Source\PSoC5/UART_TFT_INT.c ****     CY_ISR(UART_TFT_TXISR)
 217:Generated_Source\PSoC5/UART_TFT_INT.c ****     {
 174              		.loc 1 217 0
 175              		.cfi_startproc
 176              		@ args = 0, pretend = 0, frame = 0
 177              		@ frame_needed = 1, uses_anonymous_args = 0
 178              		@ link register save eliminated.
 179 0000 80B4     		push	{r7}
 180              		.cfi_def_cfa_offset 4
 181              		.cfi_offset 7, -4
ARM GAS  C:\Users\LocalAdmin\AppData\Local\Temp\cc0tHcri.s 			page 8


 182 0002 00AF     		add	r7, sp, #0
 183              		.cfi_def_cfa_register 7
 218:Generated_Source\PSoC5/UART_TFT_INT.c ****     #if(CY_PSOC3)
 219:Generated_Source\PSoC5/UART_TFT_INT.c ****         uint8 int_en;
 220:Generated_Source\PSoC5/UART_TFT_INT.c ****     #endif /* (CY_PSOC3) */
 221:Generated_Source\PSoC5/UART_TFT_INT.c **** 
 222:Generated_Source\PSoC5/UART_TFT_INT.c ****     #ifdef UART_TFT_TXISR_ENTRY_CALLBACK
 223:Generated_Source\PSoC5/UART_TFT_INT.c ****         UART_TFT_TXISR_EntryCallback();
 224:Generated_Source\PSoC5/UART_TFT_INT.c ****     #endif /* UART_TFT_TXISR_ENTRY_CALLBACK */
 225:Generated_Source\PSoC5/UART_TFT_INT.c **** 
 226:Generated_Source\PSoC5/UART_TFT_INT.c ****         /* User code required at start of ISR */
 227:Generated_Source\PSoC5/UART_TFT_INT.c ****         /* `#START UART_TFT_TXISR_START` */
 228:Generated_Source\PSoC5/UART_TFT_INT.c **** 
 229:Generated_Source\PSoC5/UART_TFT_INT.c ****         /* `#END` */
 230:Generated_Source\PSoC5/UART_TFT_INT.c **** 
 231:Generated_Source\PSoC5/UART_TFT_INT.c ****     #if(CY_PSOC3)   /* Make sure nested interrupt is enabled */
 232:Generated_Source\PSoC5/UART_TFT_INT.c ****         int_en = EA;
 233:Generated_Source\PSoC5/UART_TFT_INT.c ****         CyGlobalIntEnable;
 234:Generated_Source\PSoC5/UART_TFT_INT.c ****     #endif /* (CY_PSOC3) */
 235:Generated_Source\PSoC5/UART_TFT_INT.c **** 
 236:Generated_Source\PSoC5/UART_TFT_INT.c ****         while((UART_TFT_txBufferRead != UART_TFT_txBufferWrite) &&
 184              		.loc 1 236 0
 185 0004 17E0     		b	.L10
 186              	.L13:
 237:Generated_Source\PSoC5/UART_TFT_INT.c ****              ((UART_TFT_TXSTATUS_REG & UART_TFT_TX_STS_FIFO_FULL) == 0u))
 238:Generated_Source\PSoC5/UART_TFT_INT.c ****         {
 239:Generated_Source\PSoC5/UART_TFT_INT.c ****             /* Check pointer wrap around */
 240:Generated_Source\PSoC5/UART_TFT_INT.c ****             if(UART_TFT_txBufferRead >= UART_TFT_TX_BUFFER_SIZE)
 187              		.loc 1 240 0
 188 0006 154B     		ldr	r3, .L14
 189 0008 1B78     		ldrb	r3, [r3]
 190 000a DBB2     		uxtb	r3, r3
 191 000c 132B     		cmp	r3, #19
 192 000e 02D9     		bls	.L11
 241:Generated_Source\PSoC5/UART_TFT_INT.c ****             {
 242:Generated_Source\PSoC5/UART_TFT_INT.c ****                 UART_TFT_txBufferRead = 0u;
 193              		.loc 1 242 0
 194 0010 124B     		ldr	r3, .L14
 195 0012 0022     		movs	r2, #0
 196 0014 1A70     		strb	r2, [r3]
 197              	.L11:
 243:Generated_Source\PSoC5/UART_TFT_INT.c ****             }
 244:Generated_Source\PSoC5/UART_TFT_INT.c **** 
 245:Generated_Source\PSoC5/UART_TFT_INT.c ****             UART_TFT_TXDATA_REG = UART_TFT_txBuffer[UART_TFT_txBufferRead];
 198              		.loc 1 245 0
 199 0016 124B     		ldr	r3, .L14+4
 200 0018 104A     		ldr	r2, .L14
 201 001a 1278     		ldrb	r2, [r2]
 202 001c D2B2     		uxtb	r2, r2
 203 001e 1146     		mov	r1, r2
 204 0020 104A     		ldr	r2, .L14+8
 205 0022 525C     		ldrb	r2, [r2, r1]
 206 0024 D2B2     		uxtb	r2, r2
 207 0026 1A70     		strb	r2, [r3]
 246:Generated_Source\PSoC5/UART_TFT_INT.c **** 
 247:Generated_Source\PSoC5/UART_TFT_INT.c ****             /* Set next pointer */
 248:Generated_Source\PSoC5/UART_TFT_INT.c ****             UART_TFT_txBufferRead++;
ARM GAS  C:\Users\LocalAdmin\AppData\Local\Temp\cc0tHcri.s 			page 9


 208              		.loc 1 248 0
 209 0028 0C4B     		ldr	r3, .L14
 210 002a 1B78     		ldrb	r3, [r3]
 211 002c DBB2     		uxtb	r3, r3
 212 002e 0133     		adds	r3, r3, #1
 213 0030 DAB2     		uxtb	r2, r3
 214 0032 0A4B     		ldr	r3, .L14
 215 0034 1A70     		strb	r2, [r3]
 216              	.L10:
 236:Generated_Source\PSoC5/UART_TFT_INT.c ****              ((UART_TFT_TXSTATUS_REG & UART_TFT_TX_STS_FIFO_FULL) == 0u))
 217              		.loc 1 236 0
 218 0036 094B     		ldr	r3, .L14
 219 0038 1B78     		ldrb	r3, [r3]
 220 003a DAB2     		uxtb	r2, r3
 221 003c 0A4B     		ldr	r3, .L14+12
 222 003e 1B78     		ldrb	r3, [r3]	@ zero_extendqisi2
 223 0040 9A42     		cmp	r2, r3
 224 0042 06D0     		beq	.L9
 237:Generated_Source\PSoC5/UART_TFT_INT.c ****         {
 225              		.loc 1 237 0 discriminator 1
 226 0044 094B     		ldr	r3, .L14+16
 227 0046 1B78     		ldrb	r3, [r3]
 228 0048 DBB2     		uxtb	r3, r3
 229 004a 03F00403 		and	r3, r3, #4
 236:Generated_Source\PSoC5/UART_TFT_INT.c ****              ((UART_TFT_TXSTATUS_REG & UART_TFT_TX_STS_FIFO_FULL) == 0u))
 230              		.loc 1 236 0 discriminator 1
 231 004e 002B     		cmp	r3, #0
 232 0050 D9D0     		beq	.L13
 233              	.L9:
 249:Generated_Source\PSoC5/UART_TFT_INT.c ****         }
 250:Generated_Source\PSoC5/UART_TFT_INT.c **** 
 251:Generated_Source\PSoC5/UART_TFT_INT.c ****         /* User code required at end of ISR (Optional) */
 252:Generated_Source\PSoC5/UART_TFT_INT.c ****         /* `#START UART_TFT_TXISR_END` */
 253:Generated_Source\PSoC5/UART_TFT_INT.c **** 
 254:Generated_Source\PSoC5/UART_TFT_INT.c ****         /* `#END` */
 255:Generated_Source\PSoC5/UART_TFT_INT.c **** 
 256:Generated_Source\PSoC5/UART_TFT_INT.c ****     #ifdef UART_TFT_TXISR_EXIT_CALLBACK
 257:Generated_Source\PSoC5/UART_TFT_INT.c ****         UART_TFT_TXISR_ExitCallback();
 258:Generated_Source\PSoC5/UART_TFT_INT.c ****     #endif /* UART_TFT_TXISR_EXIT_CALLBACK */
 259:Generated_Source\PSoC5/UART_TFT_INT.c **** 
 260:Generated_Source\PSoC5/UART_TFT_INT.c ****     #if(CY_PSOC3)
 261:Generated_Source\PSoC5/UART_TFT_INT.c ****         EA = int_en;
 262:Generated_Source\PSoC5/UART_TFT_INT.c ****     #endif /* (CY_PSOC3) */
 263:Generated_Source\PSoC5/UART_TFT_INT.c ****    }
 234              		.loc 1 263 0
 235 0052 BD46     		mov	sp, r7
 236              		.cfi_def_cfa_register 13
 237              		@ sp needed
 238 0054 5DF8047B 		ldr	r7, [sp], #4
 239              		.cfi_restore 7
 240              		.cfi_def_cfa_offset 0
 241 0058 7047     		bx	lr
 242              	.L15:
 243 005a 00BF     		.align	2
 244              	.L14:
 245 005c 00000000 		.word	UART_TFT_txBufferRead
 246 0060 4F640040 		.word	1073767503
ARM GAS  C:\Users\LocalAdmin\AppData\Local\Temp\cc0tHcri.s 			page 10


 247 0064 00000000 		.word	UART_TFT_txBuffer
 248 0068 00000000 		.word	UART_TFT_txBufferWrite
 249 006c 6F640040 		.word	1073767535
 250              		.cfi_endproc
 251              	.LFE1:
 252              		.size	UART_TFT_TXISR, .-UART_TFT_TXISR
 253              		.text
 254              	.Letext0:
 255              		.file 2 "Generated_Source\\PSoC5\\cytypes.h"
 256              		.file 3 "Generated_Source\\PSoC5\\UART_TFT.h"
 257              		.section	.debug_info,"",%progbits
 258              	.Ldebug_info0:
 259 0000 77010000 		.4byte	0x177
 260 0004 0400     		.2byte	0x4
 261 0006 00000000 		.4byte	.Ldebug_abbrev0
 262 000a 04       		.byte	0x4
 263 000b 01       		.uleb128 0x1
 264 000c A2010000 		.4byte	.LASF27
 265 0010 01       		.byte	0x1
 266 0011 51020000 		.4byte	.LASF28
 267 0015 9D000000 		.4byte	.LASF29
 268 0019 00000000 		.4byte	.Ldebug_ranges0+0
 269 001d 00000000 		.4byte	0
 270 0021 00000000 		.4byte	.Ldebug_line0
 271 0025 02       		.uleb128 0x2
 272 0026 01       		.byte	0x1
 273 0027 06       		.byte	0x6
 274 0028 B5020000 		.4byte	.LASF0
 275 002c 02       		.uleb128 0x2
 276 002d 01       		.byte	0x1
 277 002e 08       		.byte	0x8
 278 002f 60000000 		.4byte	.LASF1
 279 0033 02       		.uleb128 0x2
 280 0034 02       		.byte	0x2
 281 0035 05       		.byte	0x5
 282 0036 30020000 		.4byte	.LASF2
 283 003a 02       		.uleb128 0x2
 284 003b 02       		.byte	0x2
 285 003c 07       		.byte	0x7
 286 003d 42000000 		.4byte	.LASF3
 287 0041 02       		.uleb128 0x2
 288 0042 04       		.byte	0x4
 289 0043 05       		.byte	0x5
 290 0044 91020000 		.4byte	.LASF4
 291 0048 02       		.uleb128 0x2
 292 0049 04       		.byte	0x4
 293 004a 07       		.byte	0x7
 294 004b 73000000 		.4byte	.LASF5
 295 004f 02       		.uleb128 0x2
 296 0050 08       		.byte	0x8
 297 0051 05       		.byte	0x5
 298 0052 82010000 		.4byte	.LASF6
 299 0056 02       		.uleb128 0x2
 300 0057 08       		.byte	0x8
 301 0058 07       		.byte	0x7
 302 0059 4D010000 		.4byte	.LASF7
 303 005d 03       		.uleb128 0x3
ARM GAS  C:\Users\LocalAdmin\AppData\Local\Temp\cc0tHcri.s 			page 11


 304 005e 04       		.byte	0x4
 305 005f 05       		.byte	0x5
 306 0060 696E7400 		.ascii	"int\000"
 307 0064 02       		.uleb128 0x2
 308 0065 04       		.byte	0x4
 309 0066 07       		.byte	0x7
 310 0067 40010000 		.4byte	.LASF8
 311 006b 04       		.uleb128 0x4
 312 006c 85000000 		.4byte	.LASF12
 313 0070 02       		.byte	0x2
 314 0071 A1       		.byte	0xa1
 315 0072 2C000000 		.4byte	0x2c
 316 0076 02       		.uleb128 0x2
 317 0077 04       		.byte	0x4
 318 0078 04       		.byte	0x4
 319 0079 25000000 		.4byte	.LASF9
 320 007d 02       		.uleb128 0x2
 321 007e 08       		.byte	0x8
 322 007f 04       		.byte	0x4
 323 0080 18010000 		.4byte	.LASF10
 324 0084 02       		.uleb128 0x2
 325 0085 01       		.byte	0x1
 326 0086 08       		.byte	0x8
 327 0087 9A020000 		.4byte	.LASF11
 328 008b 05       		.uleb128 0x5
 329 008c 6E000000 		.4byte	.LASF13
 330 0090 02       		.byte	0x2
 331 0091 4B01     		.2byte	0x14b
 332 0093 97000000 		.4byte	0x97
 333 0097 06       		.uleb128 0x6
 334 0098 6B000000 		.4byte	0x6b
 335 009c 02       		.uleb128 0x2
 336 009d 04       		.byte	0x4
 337 009e 07       		.byte	0x7
 338 009f 79010000 		.4byte	.LASF14
 339 00a3 07       		.uleb128 0x7
 340 00a4 00000000 		.4byte	.LASF30
 341 00a8 01       		.byte	0x1
 342 00a9 3B       		.byte	0x3b
 343 00aa 00000000 		.4byte	.LFB0
 344 00ae D8000000 		.4byte	.LFE0-.LFB0
 345 00b2 01       		.uleb128 0x1
 346 00b3 9C       		.byte	0x9c
 347 00b4 E3000000 		.4byte	0xe3
 348 00b8 08       		.uleb128 0x8
 349 00b9 C1020000 		.4byte	.LASF15
 350 00bd 01       		.byte	0x1
 351 00be 3D       		.byte	0x3d
 352 00bf 6B000000 		.4byte	0x6b
 353 00c3 02       		.uleb128 0x2
 354 00c4 91       		.byte	0x91
 355 00c5 75       		.sleb128 -11
 356 00c6 08       		.uleb128 0x8
 357 00c7 55000000 		.4byte	.LASF16
 358 00cb 01       		.byte	0x1
 359 00cc 3E       		.byte	0x3e
 360 00cd 6B000000 		.4byte	0x6b
ARM GAS  C:\Users\LocalAdmin\AppData\Local\Temp\cc0tHcri.s 			page 12


 361 00d1 02       		.uleb128 0x2
 362 00d2 91       		.byte	0x91
 363 00d3 76       		.sleb128 -10
 364 00d4 08       		.uleb128 0x8
 365 00d5 90010000 		.4byte	.LASF17
 366 00d9 01       		.byte	0x1
 367 00da 3F       		.byte	0x3f
 368 00db 6B000000 		.4byte	0x6b
 369 00df 02       		.uleb128 0x2
 370 00e0 91       		.byte	0x91
 371 00e1 77       		.sleb128 -9
 372 00e2 00       		.byte	0
 373 00e3 09       		.uleb128 0x9
 374 00e4 31010000 		.4byte	.LASF31
 375 00e8 01       		.byte	0x1
 376 00e9 D8       		.byte	0xd8
 377 00ea 00000000 		.4byte	.LFB1
 378 00ee 70000000 		.4byte	.LFE1-.LFB1
 379 00f2 01       		.uleb128 0x1
 380 00f3 9C       		.byte	0x9c
 381 00f4 0A       		.uleb128 0xa
 382 00f5 6B000000 		.4byte	0x6b
 383 00f9 04010000 		.4byte	0x104
 384 00fd 0B       		.uleb128 0xb
 385 00fe 9C000000 		.4byte	0x9c
 386 0102 13       		.byte	0x13
 387 0103 00       		.byte	0
 388 0104 0C       		.uleb128 0xc
 389 0105 1F010000 		.4byte	.LASF18
 390 0109 03       		.byte	0x3
 391 010a 3801     		.2byte	0x138
 392 010c 10010000 		.4byte	0x110
 393 0110 06       		.uleb128 0x6
 394 0111 F4000000 		.4byte	0xf4
 395 0115 0C       		.uleb128 0xc
 396 0116 9F020000 		.4byte	.LASF19
 397 011a 03       		.byte	0x3
 398 011b 3901     		.2byte	0x139
 399 011d 97000000 		.4byte	0x97
 400 0121 0C       		.uleb128 0xc
 401 0122 2B000000 		.4byte	.LASF20
 402 0126 03       		.byte	0x3
 403 0127 3A01     		.2byte	0x13a
 404 0129 6B000000 		.4byte	0x6b
 405 012d 0C       		.uleb128 0xc
 406 012e 64010000 		.4byte	.LASF21
 407 0132 03       		.byte	0x3
 408 0133 3D01     		.2byte	0x13d
 409 0135 6B000000 		.4byte	0x6b
 410 0139 0C       		.uleb128 0xc
 411 013a 8B000000 		.4byte	.LASF22
 412 013e 03       		.byte	0x3
 413 013f 3E01     		.2byte	0x13e
 414 0141 45010000 		.4byte	0x145
 415 0145 06       		.uleb128 0x6
 416 0146 F4000000 		.4byte	0xf4
 417 014a 0C       		.uleb128 0xc
ARM GAS  C:\Users\LocalAdmin\AppData\Local\Temp\cc0tHcri.s 			page 13


 418 014b 0F000000 		.4byte	.LASF23
 419 014f 03       		.byte	0x3
 420 0150 3F01     		.2byte	0x13f
 421 0152 97000000 		.4byte	0x97
 422 0156 0C       		.uleb128 0xc
 423 0157 3A020000 		.4byte	.LASF24
 424 015b 03       		.byte	0x3
 425 015c 4001     		.2byte	0x140
 426 015e 97000000 		.4byte	0x97
 427 0162 0C       		.uleb128 0xc
 428 0163 CA020000 		.4byte	.LASF25
 429 0167 03       		.byte	0x3
 430 0168 4101     		.2byte	0x141
 431 016a 97000000 		.4byte	0x97
 432 016e 0C       		.uleb128 0xc
 433 016f 77020000 		.4byte	.LASF26
 434 0173 03       		.byte	0x3
 435 0174 4201     		.2byte	0x142
 436 0176 97000000 		.4byte	0x97
 437 017a 00       		.byte	0
 438              		.section	.debug_abbrev,"",%progbits
 439              	.Ldebug_abbrev0:
 440 0000 01       		.uleb128 0x1
 441 0001 11       		.uleb128 0x11
 442 0002 01       		.byte	0x1
 443 0003 25       		.uleb128 0x25
 444 0004 0E       		.uleb128 0xe
 445 0005 13       		.uleb128 0x13
 446 0006 0B       		.uleb128 0xb
 447 0007 03       		.uleb128 0x3
 448 0008 0E       		.uleb128 0xe
 449 0009 1B       		.uleb128 0x1b
 450 000a 0E       		.uleb128 0xe
 451 000b 55       		.uleb128 0x55
 452 000c 17       		.uleb128 0x17
 453 000d 11       		.uleb128 0x11
 454 000e 01       		.uleb128 0x1
 455 000f 10       		.uleb128 0x10
 456 0010 17       		.uleb128 0x17
 457 0011 00       		.byte	0
 458 0012 00       		.byte	0
 459 0013 02       		.uleb128 0x2
 460 0014 24       		.uleb128 0x24
 461 0015 00       		.byte	0
 462 0016 0B       		.uleb128 0xb
 463 0017 0B       		.uleb128 0xb
 464 0018 3E       		.uleb128 0x3e
 465 0019 0B       		.uleb128 0xb
 466 001a 03       		.uleb128 0x3
 467 001b 0E       		.uleb128 0xe
 468 001c 00       		.byte	0
 469 001d 00       		.byte	0
 470 001e 03       		.uleb128 0x3
 471 001f 24       		.uleb128 0x24
 472 0020 00       		.byte	0
 473 0021 0B       		.uleb128 0xb
 474 0022 0B       		.uleb128 0xb
ARM GAS  C:\Users\LocalAdmin\AppData\Local\Temp\cc0tHcri.s 			page 14


 475 0023 3E       		.uleb128 0x3e
 476 0024 0B       		.uleb128 0xb
 477 0025 03       		.uleb128 0x3
 478 0026 08       		.uleb128 0x8
 479 0027 00       		.byte	0
 480 0028 00       		.byte	0
 481 0029 04       		.uleb128 0x4
 482 002a 16       		.uleb128 0x16
 483 002b 00       		.byte	0
 484 002c 03       		.uleb128 0x3
 485 002d 0E       		.uleb128 0xe
 486 002e 3A       		.uleb128 0x3a
 487 002f 0B       		.uleb128 0xb
 488 0030 3B       		.uleb128 0x3b
 489 0031 0B       		.uleb128 0xb
 490 0032 49       		.uleb128 0x49
 491 0033 13       		.uleb128 0x13
 492 0034 00       		.byte	0
 493 0035 00       		.byte	0
 494 0036 05       		.uleb128 0x5
 495 0037 16       		.uleb128 0x16
 496 0038 00       		.byte	0
 497 0039 03       		.uleb128 0x3
 498 003a 0E       		.uleb128 0xe
 499 003b 3A       		.uleb128 0x3a
 500 003c 0B       		.uleb128 0xb
 501 003d 3B       		.uleb128 0x3b
 502 003e 05       		.uleb128 0x5
 503 003f 49       		.uleb128 0x49
 504 0040 13       		.uleb128 0x13
 505 0041 00       		.byte	0
 506 0042 00       		.byte	0
 507 0043 06       		.uleb128 0x6
 508 0044 35       		.uleb128 0x35
 509 0045 00       		.byte	0
 510 0046 49       		.uleb128 0x49
 511 0047 13       		.uleb128 0x13
 512 0048 00       		.byte	0
 513 0049 00       		.byte	0
 514 004a 07       		.uleb128 0x7
 515 004b 2E       		.uleb128 0x2e
 516 004c 01       		.byte	0x1
 517 004d 3F       		.uleb128 0x3f
 518 004e 19       		.uleb128 0x19
 519 004f 03       		.uleb128 0x3
 520 0050 0E       		.uleb128 0xe
 521 0051 3A       		.uleb128 0x3a
 522 0052 0B       		.uleb128 0xb
 523 0053 3B       		.uleb128 0x3b
 524 0054 0B       		.uleb128 0xb
 525 0055 27       		.uleb128 0x27
 526 0056 19       		.uleb128 0x19
 527 0057 11       		.uleb128 0x11
 528 0058 01       		.uleb128 0x1
 529 0059 12       		.uleb128 0x12
 530 005a 06       		.uleb128 0x6
 531 005b 40       		.uleb128 0x40
ARM GAS  C:\Users\LocalAdmin\AppData\Local\Temp\cc0tHcri.s 			page 15


 532 005c 18       		.uleb128 0x18
 533 005d 9742     		.uleb128 0x2117
 534 005f 19       		.uleb128 0x19
 535 0060 01       		.uleb128 0x1
 536 0061 13       		.uleb128 0x13
 537 0062 00       		.byte	0
 538 0063 00       		.byte	0
 539 0064 08       		.uleb128 0x8
 540 0065 34       		.uleb128 0x34
 541 0066 00       		.byte	0
 542 0067 03       		.uleb128 0x3
 543 0068 0E       		.uleb128 0xe
 544 0069 3A       		.uleb128 0x3a
 545 006a 0B       		.uleb128 0xb
 546 006b 3B       		.uleb128 0x3b
 547 006c 0B       		.uleb128 0xb
 548 006d 49       		.uleb128 0x49
 549 006e 13       		.uleb128 0x13
 550 006f 02       		.uleb128 0x2
 551 0070 18       		.uleb128 0x18
 552 0071 00       		.byte	0
 553 0072 00       		.byte	0
 554 0073 09       		.uleb128 0x9
 555 0074 2E       		.uleb128 0x2e
 556 0075 00       		.byte	0
 557 0076 3F       		.uleb128 0x3f
 558 0077 19       		.uleb128 0x19
 559 0078 03       		.uleb128 0x3
 560 0079 0E       		.uleb128 0xe
 561 007a 3A       		.uleb128 0x3a
 562 007b 0B       		.uleb128 0xb
 563 007c 3B       		.uleb128 0x3b
 564 007d 0B       		.uleb128 0xb
 565 007e 27       		.uleb128 0x27
 566 007f 19       		.uleb128 0x19
 567 0080 11       		.uleb128 0x11
 568 0081 01       		.uleb128 0x1
 569 0082 12       		.uleb128 0x12
 570 0083 06       		.uleb128 0x6
 571 0084 40       		.uleb128 0x40
 572 0085 18       		.uleb128 0x18
 573 0086 9742     		.uleb128 0x2117
 574 0088 19       		.uleb128 0x19
 575 0089 00       		.byte	0
 576 008a 00       		.byte	0
 577 008b 0A       		.uleb128 0xa
 578 008c 01       		.uleb128 0x1
 579 008d 01       		.byte	0x1
 580 008e 49       		.uleb128 0x49
 581 008f 13       		.uleb128 0x13
 582 0090 01       		.uleb128 0x1
 583 0091 13       		.uleb128 0x13
 584 0092 00       		.byte	0
 585 0093 00       		.byte	0
 586 0094 0B       		.uleb128 0xb
 587 0095 21       		.uleb128 0x21
 588 0096 00       		.byte	0
ARM GAS  C:\Users\LocalAdmin\AppData\Local\Temp\cc0tHcri.s 			page 16


 589 0097 49       		.uleb128 0x49
 590 0098 13       		.uleb128 0x13
 591 0099 2F       		.uleb128 0x2f
 592 009a 0B       		.uleb128 0xb
 593 009b 00       		.byte	0
 594 009c 00       		.byte	0
 595 009d 0C       		.uleb128 0xc
 596 009e 34       		.uleb128 0x34
 597 009f 00       		.byte	0
 598 00a0 03       		.uleb128 0x3
 599 00a1 0E       		.uleb128 0xe
 600 00a2 3A       		.uleb128 0x3a
 601 00a3 0B       		.uleb128 0xb
 602 00a4 3B       		.uleb128 0x3b
 603 00a5 05       		.uleb128 0x5
 604 00a6 49       		.uleb128 0x49
 605 00a7 13       		.uleb128 0x13
 606 00a8 3F       		.uleb128 0x3f
 607 00a9 19       		.uleb128 0x19
 608 00aa 3C       		.uleb128 0x3c
 609 00ab 19       		.uleb128 0x19
 610 00ac 00       		.byte	0
 611 00ad 00       		.byte	0
 612 00ae 00       		.byte	0
 613              		.section	.debug_aranges,"",%progbits
 614 0000 24000000 		.4byte	0x24
 615 0004 0200     		.2byte	0x2
 616 0006 00000000 		.4byte	.Ldebug_info0
 617 000a 04       		.byte	0x4
 618 000b 00       		.byte	0
 619 000c 0000     		.2byte	0
 620 000e 0000     		.2byte	0
 621 0010 00000000 		.4byte	.LFB0
 622 0014 D8000000 		.4byte	.LFE0-.LFB0
 623 0018 00000000 		.4byte	.LFB1
 624 001c 70000000 		.4byte	.LFE1-.LFB1
 625 0020 00000000 		.4byte	0
 626 0024 00000000 		.4byte	0
 627              		.section	.debug_ranges,"",%progbits
 628              	.Ldebug_ranges0:
 629 0000 00000000 		.4byte	.LFB0
 630 0004 D8000000 		.4byte	.LFE0
 631 0008 00000000 		.4byte	.LFB1
 632 000c 70000000 		.4byte	.LFE1
 633 0010 00000000 		.4byte	0
 634 0014 00000000 		.4byte	0
 635              		.section	.debug_line,"",%progbits
 636              	.Ldebug_line0:
 637 0000 B1000000 		.section	.debug_str,"MS",%progbits,1
 637      02005700 
 637      00000201 
 637      FB0E0D00 
 637      01010101 
 638              	.LASF30:
 639 0000 55415254 		.ascii	"UART_TFT_RXISR\000"
 639      5F544654 
 639      5F525849 
ARM GAS  C:\Users\LocalAdmin\AppData\Local\Temp\cc0tHcri.s 			page 17


 639      535200
 640              	.LASF23:
 641 000f 55415254 		.ascii	"UART_TFT_rxBufferRead\000"
 641      5F544654 
 641      5F727842 
 641      75666665 
 641      72526561 
 642              	.LASF9:
 643 0025 666C6F61 		.ascii	"float\000"
 643      7400
 644              	.LASF20:
 645 002b 55415254 		.ascii	"UART_TFT_txBufferWrite\000"
 645      5F544654 
 645      5F747842 
 645      75666665 
 645      72577269 
 646              	.LASF3:
 647 0042 73686F72 		.ascii	"short unsigned int\000"
 647      7420756E 
 647      7369676E 
 647      65642069 
 647      6E7400
 648              	.LASF16:
 649 0055 72656164 		.ascii	"readStatus\000"
 649      53746174 
 649      757300
 650              	.LASF1:
 651 0060 756E7369 		.ascii	"unsigned char\000"
 651      676E6564 
 651      20636861 
 651      7200
 652              	.LASF13:
 653 006e 72656738 		.ascii	"reg8\000"
 653      00
 654              	.LASF5:
 655 0073 6C6F6E67 		.ascii	"long unsigned int\000"
 655      20756E73 
 655      69676E65 
 655      6420696E 
 655      7400
 656              	.LASF12:
 657 0085 75696E74 		.ascii	"uint8\000"
 657      3800
 658              	.LASF22:
 659 008b 55415254 		.ascii	"UART_TFT_rxBuffer\000"
 659      5F544654 
 659      5F727842 
 659      75666665 
 659      7200
 660              	.LASF29:
 661 009d 433A5C55 		.ascii	"C:\\Users\\LocalAdmin\\Documents\\GitHub\\phd-proje"
 661      73657273 
 661      5C4C6F63 
 661      616C4164 
 661      6D696E5C 
 662 00cb 6374735C 		.ascii	"cts\\Devices\\One Laser Lamella\\PSOC5_LamellaDevic"
 662      44657669 
ARM GAS  C:\Users\LocalAdmin\AppData\Local\Temp\cc0tHcri.s 			page 18


 662      6365735C 
 662      4F6E6520 
 662      4C617365 
 663 00fb 655C5053 		.ascii	"e\\PSOC5_Blinkschaltung.cydsn\000"
 663      4F43355F 
 663      426C696E 
 663      6B736368 
 663      616C7475 
 664              	.LASF10:
 665 0118 646F7562 		.ascii	"double\000"
 665      6C6500
 666              	.LASF18:
 667 011f 55415254 		.ascii	"UART_TFT_txBuffer\000"
 667      5F544654 
 667      5F747842 
 667      75666665 
 667      7200
 668              	.LASF31:
 669 0131 55415254 		.ascii	"UART_TFT_TXISR\000"
 669      5F544654 
 669      5F545849 
 669      535200
 670              	.LASF8:
 671 0140 756E7369 		.ascii	"unsigned int\000"
 671      676E6564 
 671      20696E74 
 671      00
 672              	.LASF7:
 673 014d 6C6F6E67 		.ascii	"long long unsigned int\000"
 673      206C6F6E 
 673      6720756E 
 673      7369676E 
 673      65642069 
 674              	.LASF21:
 675 0164 55415254 		.ascii	"UART_TFT_errorStatus\000"
 675      5F544654 
 675      5F657272 
 675      6F725374 
 675      61747573 
 676              	.LASF14:
 677 0179 73697A65 		.ascii	"sizetype\000"
 677      74797065 
 677      00
 678              	.LASF6:
 679 0182 6C6F6E67 		.ascii	"long long int\000"
 679      206C6F6E 
 679      6720696E 
 679      7400
 680              	.LASF17:
 681 0190 696E6372 		.ascii	"increment_pointer\000"
 681      656D656E 
 681      745F706F 
 681      696E7465 
 681      7200
 682              	.LASF27:
 683 01a2 474E5520 		.ascii	"GNU C 4.9.3 20150303 (release) [ARM/embedded-4_9-br"
 683      4320342E 
ARM GAS  C:\Users\LocalAdmin\AppData\Local\Temp\cc0tHcri.s 			page 19


 683      392E3320 
 683      32303135 
 683      30333033 
 684 01d5 616E6368 		.ascii	"anch revision 221220] -mcpu=cortex-m3 -mthumb -g -O"
 684      20726576 
 684      6973696F 
 684      6E203232 
 684      31323230 
 685 0208 30202D66 		.ascii	"0 -ffunction-sections -ffat-lto-objects\000"
 685      66756E63 
 685      74696F6E 
 685      2D736563 
 685      74696F6E 
 686              	.LASF2:
 687 0230 73686F72 		.ascii	"short int\000"
 687      7420696E 
 687      7400
 688              	.LASF24:
 689 023a 55415254 		.ascii	"UART_TFT_rxBufferWrite\000"
 689      5F544654 
 689      5F727842 
 689      75666665 
 689      72577269 
 690              	.LASF28:
 691 0251 47656E65 		.ascii	"Generated_Source\\PSoC5\\UART_TFT_INT.c\000"
 691      72617465 
 691      645F536F 
 691      75726365 
 691      5C50536F 
 692              	.LASF26:
 693 0277 55415254 		.ascii	"UART_TFT_rxBufferOverflow\000"
 693      5F544654 
 693      5F727842 
 693      75666665 
 693      724F7665 
 694              	.LASF4:
 695 0291 6C6F6E67 		.ascii	"long int\000"
 695      20696E74 
 695      00
 696              	.LASF11:
 697 029a 63686172 		.ascii	"char\000"
 697      00
 698              	.LASF19:
 699 029f 55415254 		.ascii	"UART_TFT_txBufferRead\000"
 699      5F544654 
 699      5F747842 
 699      75666665 
 699      72526561 
 700              	.LASF0:
 701 02b5 7369676E 		.ascii	"signed char\000"
 701      65642063 
 701      68617200 
 702              	.LASF15:
 703 02c1 72656164 		.ascii	"readData\000"
 703      44617461 
 703      00
 704              	.LASF25:
ARM GAS  C:\Users\LocalAdmin\AppData\Local\Temp\cc0tHcri.s 			page 20


 705 02ca 55415254 		.ascii	"UART_TFT_rxBufferLoopDetect\000"
 705      5F544654 
 705      5F727842 
 705      75666665 
 705      724C6F6F 
 706              		.ident	"GCC: (GNU Tools for ARM Embedded Processors) 4.9.3 20150303 (release) [ARM/embedded-4_9-br
