Archive member included to satisfy reference by file (symbol)

.\CortexM3\ARM_GCC_541\Debug\PSOC5_LamellaControlHofmann.a(CyLib.o)
                              .\CortexM3\ARM_GCC_541\Debug\Cm3Start.o (CyResetStatus)
.\CortexM3\ARM_GCC_541\Debug\PSOC5_LamellaControlHofmann.a(cyPm.o)
                              .\CortexM3\ARM_GCC_541\Debug\PSOC5_LamellaControlHofmann.a(CyLib.o) (CyPmReadStatus)
.\CortexM3\ARM_GCC_541\Debug\PSOC5_LamellaControlHofmann.a(Pin_LED.o)
                              .\CortexM3\ARM_GCC_541\Debug\main.o (Pin_LED_Write)
.\CortexM3\ARM_GCC_541\Debug\PSOC5_LamellaControlHofmann.a(Pin_StepperCLK.o)
                              .\CortexM3\ARM_GCC_541\Debug\main.o (Pin_StepperCLK_Write)
.\CortexM3\ARM_GCC_541\Debug\PSOC5_LamellaControlHofmann.a(Pin_StepperDIR.o)
                              .\CortexM3\ARM_GCC_541\Debug\main.o (Pin_StepperDIR_Write)
.\CortexM3\ARM_GCC_541\Debug\PSOC5_LamellaControlHofmann.a(Pin_StepperEN.o)
                              .\CortexM3\ARM_GCC_541\Debug\main.o (Pin_StepperEN_Write)
.\CortexM3\ARM_GCC_541\Debug\PSOC5_LamellaControlHofmann.a(Analog_Digital_Converter.o)
                              .\CortexM3\ARM_GCC_541\Debug\main.o (Analog_Digital_Converter_Start)
.\CortexM3\ARM_GCC_541\Debug\PSOC5_LamellaControlHofmann.a(Analog_Digital_Converter_INT.o)
                              .\CortexM3\ARM_GCC_541\Debug\PSOC5_LamellaControlHofmann.a(Analog_Digital_Converter.o) (Analog_Digital_Converter_ISR)
.\CortexM3\ARM_GCC_541\Debug\PSOC5_LamellaControlHofmann.a(Analog_Digital_Converter_theACLK.o)
                              .\CortexM3\ARM_GCC_541\Debug\PSOC5_LamellaControlHofmann.a(Analog_Digital_Converter.o) (Analog_Digital_Converter_theACLK_SetModeRegister)
.\CortexM3\ARM_GCC_541\Debug\PSOC5_LamellaControlHofmann.a(UART_TFT.o)
                              .\CortexM3\ARM_GCC_541\Debug\main.o (UART_TFT_Start)
.\CortexM3\ARM_GCC_541\Debug\PSOC5_LamellaControlHofmann.a(UART_TFT_INT.o)
                              .\CortexM3\ARM_GCC_541\Debug\PSOC5_LamellaControlHofmann.a(UART_TFT.o) (UART_TFT_RXISR)
.\CortexM3\ARM_GCC_541\Debug\PSOC5_LamellaControlHofmann.a(UART_TFT_IntClock.o)
                              .\CortexM3\ARM_GCC_541\Debug\PSOC5_LamellaControlHofmann.a(UART_TFT.o) (UART_TFT_IntClock_Start)
.\CortexM3\ARM_GCC_541\Debug\PSOC5_LamellaControlHofmann.a(Interr_TFT.o)
                              .\CortexM3\ARM_GCC_541\Debug\main.o (Interr_TFT_StartEx)
.\CortexM3\ARM_GCC_541\Debug\PSOC5_LamellaControlHofmann.a(Timer1.o)
                              .\CortexM3\ARM_GCC_541\Debug\main.o (Timer1_Start)
.\CortexM3\ARM_GCC_541\Debug\PSOC5_LamellaControlHofmann.a(Timer1_Function.o)
                              .\CortexM3\ARM_GCC_541\Debug\main.o (Timer1_Function_StartEx)
.\CortexM3\ARM_GCC_541\Debug\PSOC5_LamellaControlHofmann.a(PGA_Photo.o)
                              .\CortexM3\ARM_GCC_541\Debug\main.o (PGA_Photo_Start)
.\CortexM3\ARM_GCC_541\Debug\PSOC5_LamellaControlHofmann.a(Pin_StepperSLEEP.o)
                              .\CortexM3\ARM_GCC_541\Debug\main.o (Pin_StepperSLEEP_Write)
.\CortexM3\ARM_GCC_541\Debug\PSOC5_LamellaControlHofmann.a(Pin_StepperRES.o)
                              .\CortexM3\ARM_GCC_541\Debug\main.o (Pin_StepperRES_Write)
.\CortexM3\ARM_GCC_541\Debug\PSOC5_LamellaControlHofmann.a(Pin_StepperMS3.o)
                              .\CortexM3\ARM_GCC_541\Debug\main.o (Pin_StepperMS3_Write)
.\CortexM3\ARM_GCC_541\Debug\PSOC5_LamellaControlHofmann.a(Pin_StepperMS2.o)
                              .\CortexM3\ARM_GCC_541\Debug\main.o (Pin_StepperMS2_Write)
.\CortexM3\ARM_GCC_541\Debug\PSOC5_LamellaControlHofmann.a(Pin_StepperMS1.o)
                              .\CortexM3\ARM_GCC_541\Debug\main.o (Pin_StepperMS1_Write)
.\CortexM3\ARM_GCC_541\Debug\PSOC5_LamellaControlHofmann.a(TIA_1.o)
                              .\CortexM3\ARM_GCC_541\Debug\main.o (TIA_1_Start)
.\CortexM3\ARM_GCC_541\Debug\PSOC5_LamellaControlHofmann.a(Pin_LaserEN1.o)
                              .\CortexM3\ARM_GCC_541\Debug\main.o (Pin_LaserEN1_Write)
.\CortexM3\ARM_GCC_541\Debug\PSOC5_LamellaControlHofmann.a(Pin_LaserEN2.o)
                              .\CortexM3\ARM_GCC_541\Debug\main.o (Pin_LaserEN2_Write)
.\CortexM3\ARM_GCC_541\Debug\PSOC5_LamellaControlHofmann.a(UART_PC.o)
                              .\CortexM3\ARM_GCC_541\Debug\main.o (UART_PC_Start)
.\CortexM3\ARM_GCC_541\Debug\PSOC5_LamellaControlHofmann.a(UART_PC_IntClock.o)
                              .\CortexM3\ARM_GCC_541\Debug\PSOC5_LamellaControlHofmann.a(UART_PC.o) (UART_PC_IntClock_Start)
.\CortexM3\ARM_GCC_541\Debug\PSOC5_LamellaControlHofmann.a(Interr_PC.o)
                              .\CortexM3\ARM_GCC_541\Debug\main.o (Interr_PC_StartEx)
.\CortexM3\ARM_GCC_541\Debug\PSOC5_LamellaControlHofmann.a(Pin_Relais2.o)
                              .\CortexM3\ARM_GCC_541\Debug\main.o (Pin_Relais2_Write)
.\CortexM3\ARM_GCC_541\Debug\PSOC5_LamellaControlHofmann.a(Pin_Relais1.o)
[...]
Memory Configuration

Name             Origin             Length             Attributes
rom              0x00000000         0x00040000         xr
ram              0x1fff8000         0x00010000         xrw
*default*        0x00000000         0xffffffff

Linker script and memory map

LOAD d:/programme/psoc/psoc creator/4.2/psoc creator/import/gnu/arm/5.4.1/bin/../lib/gcc/arm-none-eabi/5.4.1/armv7-m/crti.o
LOAD d:/programme/psoc/psoc creator/4.2/psoc creator/import/gnu/arm/5.4.1/bin/../lib/gcc/arm-none-eabi/5.4.1/armv7-m/crtbegin.o
LOAD d:/programme/psoc/psoc creator/4.2/psoc creator/import/gnu/arm/5.4.1/bin/../lib/gcc/arm-none-eabi/5.4.1/../../../../arm-none-eabi/lib/armv7-m/crt0.o
START GROUP
LOAD .\CortexM3\ARM_GCC_541\Debug\main.o
LOAD .\CortexM3\ARM_GCC_541\Debug\cyfitter_cfg.o
LOAD .\CortexM3\ARM_GCC_541\Debug\cymetadata.o
LOAD .\CortexM3\ARM_GCC_541\Debug\Cm3Start.o
LOAD .\CortexM3\ARM_GCC_541\Debug\PSOC5_LamellaControlHofmann.a
LOAD D:\Programme\PSoC\PSoC Creator\4.2\PSoC Creator\psoc\content\cycomponentlibrary\CyComponentLibrary.cylib\CortexM3\ARM_GCC_541\Debug\CyComponentLibrary.a
LOAD .\emFile_V322c\LinkLibrary\PSoC5\GCC\libemf32noslfn.a
LOAD d:/programme/psoc/psoc creator/4.2/psoc creator/import/gnu/arm/5.4.1/bin/../lib/gcc/arm-none-eabi/5.4.1/../../../../arm-none-eabi/lib/armv7-m\libm.a
END GROUP
START GROUP
LOAD d:/programme/psoc/psoc creator/4.2/psoc creator/import/gnu/arm/5.4.1/bin/../lib/gcc/arm-none-eabi/5.4.1/armv7-m\libgcc.a
LOAD d:/programme/psoc/psoc creator/4.2/psoc creator/import/gnu/arm/5.4.1/bin/../lib/gcc/arm-none-eabi/5.4.1/../../../../arm-none-eabi/lib/armv7-m\libg_nano.a
LOAD d:/programme/psoc/psoc creator/4.2/psoc creator/import/gnu/arm/5.4.1/bin/../lib/gcc/arm-none-eabi/5.4.1/../../../../arm-none-eabi/lib/armv7-m\libc_nano.a
END GROUP
START GROUP
LOAD d:/programme/psoc/psoc creator/4.2/psoc creator/import/gnu/arm/5.4.1/bin/../lib/gcc/arm-none-eabi/5.4.1/armv7-m\libgcc.a
LOAD d:/programme/psoc/psoc creator/4.2/psoc creator/import/gnu/arm/5.4.1/bin/../lib/gcc/arm-none-eabi/5.4.1/../../../../arm-none-eabi/lib/armv7-m\libc_nano.a
END GROUP
LOAD d:/programme/psoc/psoc creator/4.2/psoc creator/import/gnu/arm/5.4.1/bin/../lib/gcc/arm-none-eabi/5.4.1/armv7-m/crtend.o
LOAD d:/programme/psoc/psoc creator/4.2/psoc creator/import/gnu/arm/5.4.1/bin/../lib/gcc/arm-none-eabi/5.4.1/armv7-m/crtn.o
START GROUP
LOAD d:/programme/psoc/psoc creator/4.2/psoc creator/import/gnu/arm/5.4.1/bin/../lib/gcc/arm-none-eabi/5.4.1/armv7-m\libgcc.a
LOAD d:/programme/psoc/psoc creator/4.2/psoc creator/import/gnu/arm/5.4.1/bin/../lib/gcc/arm-none-eabi/5.4.1/../../../../arm-none-eabi/lib/armv7-m\libc.a
LOAD d:/programme/psoc/psoc creator/4.2/psoc creator/import/gnu/arm/5.4.1/bin/../lib/gcc/arm-none-eabi/5.4.1/../../../../arm-none-eabi/lib/armv7-m\libnosys.a
END GROUP
                0x00000000                CY_APPL_ORIGIN = 0x0
                0x00000100                CY_FLASH_ROW_SIZE = 0x100
                0x00000020                CY_ECC_ROW_SIZE = 0x20
                0x00000000                CY_EE_IN_BTLDR = 0x0
                0x00000000                CY_APPL_LOADABLE = 0x0
                0x00000800                CY_EE_SIZE = 0x800
                0x00000001                CY_APPL_NUM = 0x1
                0x00000001                CY_APPL_MAX = 0x1
                0x00000040                CY_METADATA_SIZE = 0x40
                0x00000000                CY_APPL_LOADABLE = 0x0
                0x00000000                CY_CHECKSUM_EXCLUDE_SIZE = ALIGN (0x0, CY_FLASH_ROW_SIZE)
                [!provide]                PROVIDE (__cy_heap_start, _end)
                0x00000001                PROVIDE (__cy_region_num, ((__cy_regions_end - __cy_regions) / 0x10))
                0x20008000                PROVIDE (__cy_stack, (ORIGIN (ram) + LENGTH (ram)))
                [!provide]                PROVIDE (__cy_heap_end, (__cy_stack - 0x800))

.cybootloader   0x00000000        0x0
 *(.cybootloader)
                0x00000000                appl1_start = CY_APPL_ORIGIN?CY_APPL_ORIGIN:ALIGN (CY_FLASH_ROW_SIZE)
                0x0001ff00                appl2_start = (appl1_start + ALIGN ((((LENGTH (rom) - appl1_start) - (0x2 * CY_FLASH_ROW_SIZE)) / 0x2), CY_FLASH_ROW_SIZE))
                0x00000000                appl_start = (CY_APPL_NUM == 0x1)?appl1_start:appl2_start
                0x00000000                ecc_offset = ((appl_start / CY_FLASH_ROW_SIZE) * CY_ECC_ROW_SIZE)
                0x00000000                ee_offset = (CY_APPL_LOADABLE && ! (CY_EE_IN_BTLDR))?((CY_EE_SIZE / CY_APPL_MAX) * (CY_APPL_NUM - 0x1)):0x0
                0x00000800                ee_size = (CY_APPL_LOADABLE && ! (CY_EE_IN_BTLDR))?(CY_EE_SIZE / CY_APPL_MAX):CY_EE_SIZE
                [!provide]                PROVIDE (CY_ECC_OFFSET, ecc_offset)

.text           0x00000000     0x50c4
 CREATE_OBJECT_SYMBOLS
                0x00000000                PROVIDE (__cy_interrupt_vector, RomVectors)
 *(.romvectors)
 .romvectors    0x00000000       0x10 .\CortexM3\ARM_GCC_541\Debug\Cm3Start.o
                0x00000000                RomVectors
                0x00000001                ASSERT ((. != __cy_interrupt_vector), No interrupt vector)
                0x00000001                ASSERT (CY_APPL_ORIGIN?(SIZEOF (.cybootloader) <= CY_APPL_ORIGIN):0x1, Wrong image location)
                0x00000010                PROVIDE (__cy_reset, Reset)
 *(.text.Reset)
 .text.Reset    0x00000010       0x18 .\CortexM3\ARM_GCC_541\Debug\Cm3Start.o
                0x00000010                Reset
                0x00000001                ASSERT ((. != __cy_reset), No reset code)
 *(.dma_init)
                0x00000001                ASSERT ((((appl_start + .) <= 0x10000) || 0x1), DMA Init must be within the first 64k of flash)
 *(.text .text.* .gnu.linkonce.t.*)
 .text          0x00000028       0x5c d:/programme/psoc/psoc creator/4.2/psoc creator/import/gnu/arm/5.4.1/bin/../lib/gcc/arm-none-eabi/5.4.1/armv7-m/crtbegin.o
 .text.Switch_PCInterrupt
                0x00000084       0x38 .\CortexM3\ARM_GCC_541\Debug\main.o
                0x00000084                Switch_PCInterrupt
 .text.Switch_NextionInterrupt
                0x000000bc       0x38 .\CortexM3\ARM_GCC_541\Debug\main.o
                0x000000bc                Switch_NextionInterrupt
 .text.Nextion_EndOfCommunication
                0x000000f4       0x1c .\CortexM3\ARM_GCC_541\Debug\main.o
                0x000000f4                Nextion_EndOfCommunication
 .text.Nextion_SendString
                0x00000110       0x34 .\CortexM3\ARM_GCC_541\Debug\main.o
                0x00000110                Nextion_SendString
 .text.InitNextion
                0x00000144       0x24 .\CortexM3\ARM_GCC_541\Debug\main.o
                0x00000144                InitNextion
 .text.Nextion_Interrupt
                0x00000168       0x44 .\CortexM3\ARM_GCC_541\Debug\main.o
                0x00000168                Nextion_Interrupt
 .text.PCUART_Interrupt
                0x000001ac       0x3c .\CortexM3\ARM_GCC_541\Debug\main.o
                0x000001ac                PCUART_Interrupt
 .text.Timer_Interrupt
                0x000001e8       0x64 .\CortexM3\ARM_GCC_541\Debug\main.o
                0x000001e8                Timer_Interrupt
 .text.InitADC  0x0000024c       0x18 .\CortexM3\ARM_GCC_541\Debug\main.o
                0x0000024c                InitADC
 .text.getADCValue
                0x00000264       0x48 .\CortexM3\ARM_GCC_541\Debug\main.o
                0x00000264                getADCValue
 .text.InitStepper
                0x000002ac       0x2c .\CortexM3\ARM_GCC_541\Debug\main.o
                0x000002ac                InitStepper
 .text.SetDirection
                0x000002d8       0x38 .\CortexM3\ARM_GCC_541\Debug\main.o
                0x000002d8                SetDirection
 .text.MoveTo   0x00000310      0x2d0 .\CortexM3\ARM_GCC_541\Debug\main.o
                0x00000310                MoveTo
 .text.MoveToWithConstantSpeed
                0x000005e0       0xa4 .\CortexM3\ARM_GCC_541\Debug\main.o
                0x000005e0                MoveToWithConstantSpeed
 .text.MoveOneStep_CW
                0x00000684       0x2c .\CortexM3\ARM_GCC_541\Debug\main.o
                0x00000684                MoveOneStep_CW
 .text.MoveOneStep_CCW
                0x000006b0       0x2c .\CortexM3\ARM_GCC_541\Debug\main.o
                0x000006b0                MoveOneStep_CCW
 .text.Move90Degree_CW
                0x000006dc       0x2c .\CortexM3\ARM_GCC_541\Debug\main.o
                0x000006dc                Move90Degree_CW
 .text.Move90Degree_CCW
                0x00000708       0x2c .\CortexM3\ARM_GCC_541\Debug\main.o
                0x00000708                Move90Degree_CCW
 .text.Toggle_LASER1
                0x00000734       0x24 .\CortexM3\ARM_GCC_541\Debug\main.o
                0x00000734                Toggle_LASER1
 .text.LASER1   0x00000758       0x1c .\CortexM3\ARM_GCC_541\Debug\main.o
                0x00000758                LASER1
 .text.Toggle_LASER2
                0x00000774       0x24 .\CortexM3\ARM_GCC_541\Debug\main.o
                0x00000774                Toggle_LASER2
 .text.LASER2   0x00000798       0x1c .\CortexM3\ARM_GCC_541\Debug\main.o
                0x00000798                LASER2
 .text.Toggle_LASER3
                0x000007b4       0x24 .\CortexM3\ARM_GCC_541\Debug\main.o
                0x000007b4                Toggle_LASER3
 .text.LASER3   0x000007d8       0x1c .\CortexM3\ARM_GCC_541\Debug\main.o
                0x000007d8                LASER3
 .text.home     0x000007f4       0x20 .\CortexM3\ARM_GCC_541\Debug\main.o
                0x000007f4                home
 .text.Toggle_RELAIS1
                0x00000814       0x30 .\CortexM3\ARM_GCC_541\Debug\main.o
                0x00000814                Toggle_RELAIS1
 .text.Toggle_RELAIS2
                0x00000844       0x30 .\CortexM3\ARM_GCC_541\Debug\main.o
                0x00000844                Toggle_RELAIS2
 .text.requestConnection
                0x00000874       0x14 .\CortexM3\ARM_GCC_541\Debug\main.o
                0x00000874                requestConnection
 .text.sendLASERxReturn
                0x00000888       0x58 .\CortexM3\ARM_GCC_541\Debug\main.o
                0x00000888                sendLASERxReturn
 .text.sendRelaisxReturn
                0x000008e0       0x58 .\CortexM3\ARM_GCC_541\Debug\main.o
                0x000008e0                sendRelaisxReturn
 .text.sendCompletion
                0x00000938       0x14 .\CortexM3\ARM_GCC_541\Debug\main.o
                0x00000938                sendCompletion
 .text.sendStatus
                0x0000094c       0x3c .\CortexM3\ARM_GCC_541\Debug\main.o
                0x0000094c                sendStatus
 .text.sendMeasurementData
                0x00000988       0x84 .\CortexM3\ARM_GCC_541\Debug\main.o
                0x00000988                sendMeasurementData
 .text.sendADCData
                0x00000a0c       0x38 .\CortexM3\ARM_GCC_541\Debug\main.o
                0x00000a0c                sendADCData
 .text.pc_control
                0x00000a44      0x27c .\CortexM3\ARM_GCC_541\Debug\main.o
                0x00000a44                pc_control
 .text.Init_LED
                0x00000cc0       0x1c .\CortexM3\ARM_GCC_541\Debug\main.o
                0x00000cc0                Init_LED
 .text.Init     0x00000cdc       0xa4 .\CortexM3\ARM_GCC_541\Debug\main.o
                0x00000cdc                Init
 .text.main     0x00000d80       0x30 .\CortexM3\ARM_GCC_541\Debug\main.o
                0x00000d80                main
 .text.CYMEMZERO
                0x00000db0       0x1c .\CortexM3\ARM_GCC_541\Debug\cyfitter_cfg.o
 .text.CYCONFIGCPY
                0x00000dcc       0x20 .\CortexM3\ARM_GCC_541\Debug\cyfitter_cfg.o
 .text.CyClockStartupError
                0x00000dec        0xc .\CortexM3\ARM_GCC_541\Debug\cyfitter_cfg.o
 .text.cfg_write_bytes32
                0x00000df8       0x74 .\CortexM3\ARM_GCC_541\Debug\cyfitter_cfg.o
 .text.ClockSetup
                0x00000e6c      0x188 .\CortexM3\ARM_GCC_541\Debug\cyfitter_cfg.o
 .text.AnalogSetDefault
                0x00000ff4       0xe4 .\CortexM3\ARM_GCC_541\Debug\cyfitter_cfg.o
 .text.cyfitter_cfg
                0x000010d8      0x198 .\CortexM3\ARM_GCC_541\Debug\cyfitter_cfg.o
                0x000010d8                cyfitter_cfg
 .text.IntDefaultHandler
                0x00001270       0x14 .\CortexM3\ARM_GCC_541\Debug\Cm3Start.o
                0x00001270                IntDefaultHandler
 .text._sbrk    0x00001284       0x54 .\CortexM3\ARM_GCC_541\Debug\Cm3Start.o
                0x00001284                _sbrk
 .text.Start_c  0x000012d8       0x98 .\CortexM3\ARM_GCC_541\Debug\Cm3Start.o
                0x000012d8                Start_c
 .text.initialize_psoc
                0x00001370       0x90 .\CortexM3\ARM_GCC_541\Debug\Cm3Start.o
                0x00001370                initialize_psoc
 .text.CyHalt   0x00001400       0x18 .\CortexM3\ARM_GCC_541\Debug\PSOC5_LamellaControlHofmann.a(CyLib.o)
                0x00001400                CyHalt
 .text.CyDelay  0x00001418       0x44 .\CortexM3\ARM_GCC_541\Debug\PSOC5_LamellaControlHofmann.a(CyLib.o)
                0x00001418                CyDelay
 .text.CyDelayUs
                0x0000145c       0x28 .\CortexM3\ARM_GCC_541\Debug\PSOC5_LamellaControlHofmann.a(CyLib.o)
                0x0000145c                CyDelayUs
 .text.CyIntSetVector
                0x00001484       0x50 .\CortexM3\ARM_GCC_541\Debug\PSOC5_LamellaControlHofmann.a(CyLib.o)
                0x00001484                CyIntSetVector
 .text.CyIntSetPriority
                0x000014d4       0x48 .\CortexM3\ARM_GCC_541\Debug\PSOC5_LamellaControlHofmann.a(CyLib.o)
                0x000014d4                CyIntSetPriority
 .text.Pin_LED_Write
                0x0000151c       0x3c .\CortexM3\ARM_GCC_541\Debug\PSOC5_LamellaControlHofmann.a(Pin_LED.o)
                0x0000151c                Pin_LED_Write
 .text.Pin_StepperCLK_Write
                0x00001558       0x3c .\CortexM3\ARM_GCC_541\Debug\PSOC5_LamellaControlHofmann.a(Pin_StepperCLK.o)
                0x00001558                Pin_StepperCLK_Write
 .text.Pin_StepperCLK_Read
                0x00001594       0x20 .\CortexM3\ARM_GCC_541\Debug\PSOC5_LamellaControlHofmann.a(Pin_StepperCLK.o)
                0x00001594                Pin_StepperCLK_Read
 .text.Pin_StepperDIR_Write
                0x000015b4       0x38 .\CortexM3\ARM_GCC_541\Debug\PSOC5_LamellaControlHofmann.a(Pin_StepperDIR.o)
                0x000015b4                Pin_StepperDIR_Write
 .text.Pin_StepperEN_Write
                0x000015ec       0x34 .\CortexM3\ARM_GCC_541\Debug\PSOC5_LamellaControlHofmann.a(Pin_StepperEN.o)
                0x000015ec                Pin_StepperEN_Write
 .text.Analog_Digital_Converter_Start
                0x00001620       0x24 .\CortexM3\ARM_GCC_541\Debug\PSOC5_LamellaControlHofmann.a(Analog_Digital_Converter.o)
                0x00001620                Analog_Digital_Converter_Start
 .text.Analog_Digital_Converter_Init
                0x00001644       0x48 .\CortexM3\ARM_GCC_541\Debug\PSOC5_LamellaControlHofmann.a(Analog_Digital_Converter.o)
                0x00001644                Analog_Digital_Converter_Init
 .text.Analog_Digital_Converter_Enable
                0x0000168c       0xf4 .\CortexM3\ARM_GCC_541\Debug\PSOC5_LamellaControlHofmann.a(Analog_Digital_Converter.o)
                0x0000168c                Analog_Digital_Converter_Enable
 .text.Analog_Digital_Converter_SetResolution
                0x00001780       0x54 .\CortexM3\ARM_GCC_541\Debug\PSOC5_LamellaControlHofmann.a(Analog_Digital_Converter.o)
                0x00001780                Analog_Digital_Converter_SetResolution
 .text.Analog_Digital_Converter_StartConvert
                0x000017d4       0x20 .\CortexM3\ARM_GCC_541\Debug\PSOC5_LamellaControlHofmann.a(Analog_Digital_Converter.o)
                0x000017d4                Analog_Digital_Converter_StartConvert
 .text.Analog_Digital_Converter_IsEndConversion
                0x000017f4       0x40 .\CortexM3\ARM_GCC_541\Debug\PSOC5_LamellaControlHofmann.a(Analog_Digital_Converter.o)
                0x000017f4                Analog_Digital_Converter_IsEndConversion
 .text.Analog_Digital_Converter_GetResult16
                0x00001834       0x30 .\CortexM3\ARM_GCC_541\Debug\PSOC5_LamellaControlHofmann.a(Analog_Digital_Converter.o)
                0x00001834                Analog_Digital_Converter_GetResult16
 .text.Analog_Digital_Converter_CalcGain
                0x00001864       0x7c .\CortexM3\ARM_GCC_541\Debug\PSOC5_LamellaControlHofmann.a(Analog_Digital_Converter.o)
 .text.Analog_Digital_Converter_ISR
                0x000018e0        0xc .\CortexM3\ARM_GCC_541\Debug\PSOC5_LamellaControlHofmann.a(Analog_Digital_Converter_INT.o)
                0x000018e0                Analog_Digital_Converter_ISR
 .text.Analog_Digital_Converter_theACLK_SetModeRegister
                0x000018ec       0x34 .\CortexM3\ARM_GCC_541\Debug\PSOC5_LamellaControlHofmann.a(Analog_Digital_Converter_theACLK.o)
                0x000018ec                Analog_Digital_Converter_theACLK_SetModeRegister
 .text.UART_TFT_Start
                0x00001920       0x24 .\CortexM3\ARM_GCC_541\Debug\PSOC5_LamellaControlHofmann.a(UART_TFT.o)
                0x00001920                UART_TFT_Start
 .text.UART_TFT_Init
                0x00001944       0x6c .\CortexM3\ARM_GCC_541\Debug\PSOC5_LamellaControlHofmann.a(UART_TFT.o)
                0x00001944                UART_TFT_Init
 .text.UART_TFT_Enable
                0x000019b0       0x78 .\CortexM3\ARM_GCC_541\Debug\PSOC5_LamellaControlHofmann.a(UART_TFT.o)
                0x000019b0                UART_TFT_Enable
 .text.UART_TFT_ReadRxData
                0x00001a28       0x90 .\CortexM3\ARM_GCC_541\Debug\PSOC5_LamellaControlHofmann.a(UART_TFT.o)
                0x00001a28                UART_TFT_ReadRxData
 .text.UART_TFT_GetByte
                0x00001ab8       0x44 .\CortexM3\ARM_GCC_541\Debug\PSOC5_LamellaControlHofmann.a(UART_TFT.o)
                0x00001ab8                UART_TFT_GetByte
 .text.UART_TFT_PutChar
                0x00001afc       0xb8 .\CortexM3\ARM_GCC_541\Debug\PSOC5_LamellaControlHofmann.a(UART_TFT.o)
                0x00001afc                UART_TFT_PutChar
 .text.UART_TFT_PutString
                0x00001bb4       0x44 .\CortexM3\ARM_GCC_541\Debug\PSOC5_LamellaControlHofmann.a(UART_TFT.o)
                0x00001bb4                UART_TFT_PutString
 .text.UART_TFT_RXISR
                0x00001bf8       0xd8 .\CortexM3\ARM_GCC_541\Debug\PSOC5_LamellaControlHofmann.a(UART_TFT_INT.o)
                0x00001bf8                UART_TFT_RXISR
 .text.UART_TFT_TXISR
                0x00001cd0       0x70 .\CortexM3\ARM_GCC_541\Debug\PSOC5_LamellaControlHofmann.a(UART_TFT_INT.o)
                0x00001cd0                UART_TFT_TXISR
 .text.UART_TFT_IntClock_Start
                0x00001d40       0x34 .\CortexM3\ARM_GCC_541\Debug\PSOC5_LamellaControlHofmann.a(UART_TFT_IntClock.o)
                0x00001d40                UART_TFT_IntClock_Start
 .text.Interr_TFT_StartEx
                0x00001d74       0x24 .\CortexM3\ARM_GCC_541\Debug\PSOC5_LamellaControlHofmann.a(Interr_TFT.o)
                0x00001d74                Interr_TFT_StartEx
 .text.Interr_TFT_SetVector
                0x00001d98       0x24 .\CortexM3\ARM_GCC_541\Debug\PSOC5_LamellaControlHofmann.a(Interr_TFT.o)
                0x00001d98                Interr_TFT_SetVector
 .text.Interr_TFT_SetPriority
                0x00001dbc       0x24 .\CortexM3\ARM_GCC_541\Debug\PSOC5_LamellaControlHofmann.a(Interr_TFT.o)
                0x00001dbc                Interr_TFT_SetPriority
 .text.Interr_TFT_Enable
                0x00001de0       0x18 .\CortexM3\ARM_GCC_541\Debug\PSOC5_LamellaControlHofmann.a(Interr_TFT.o)
                0x00001de0                Interr_TFT_Enable
 .text.Interr_TFT_Disable
                0x00001df8       0x18 .\CortexM3\ARM_GCC_541\Debug\PSOC5_LamellaControlHofmann.a(Interr_TFT.o)
                0x00001df8                Interr_TFT_Disable
 .text.Timer1_Init
                0x00001e10       0xa0 .\CortexM3\ARM_GCC_541\Debug\PSOC5_LamellaControlHofmann.a(Timer1.o)
                0x00001e10                Timer1_Init
 .text.Timer1_Enable
                0x00001eb0       0x48 .\CortexM3\ARM_GCC_541\Debug\PSOC5_LamellaControlHofmann.a(Timer1.o)
                0x00001eb0                Timer1_Enable
 .text.Timer1_Start
                0x00001ef8       0x24 .\CortexM3\ARM_GCC_541\Debug\PSOC5_LamellaControlHofmann.a(Timer1.o)
                0x00001ef8                Timer1_Start
 .text.Timer1_SetInterruptMode
                0x00001f1c       0x20 .\CortexM3\ARM_GCC_541\Debug\PSOC5_LamellaControlHofmann.a(Timer1.o)
                0x00001f1c                Timer1_SetInterruptMode
 .text.Timer1_WritePeriod
                0x00001f3c       0x24 .\CortexM3\ARM_GCC_541\Debug\PSOC5_LamellaControlHofmann.a(Timer1.o)
                0x00001f3c                Timer1_WritePeriod
 .text.Timer1_WriteCounter
                0x00001f60       0x20 .\CortexM3\ARM_GCC_541\Debug\PSOC5_LamellaControlHofmann.a(Timer1.o)
                0x00001f60                Timer1_WriteCounter
 .text.Timer1_Function_StartEx
                0x00001f80       0x24 .\CortexM3\ARM_GCC_541\Debug\PSOC5_LamellaControlHofmann.a(Timer1_Function.o)
                0x00001f80                Timer1_Function_StartEx
 .text.Timer1_Function_SetVector
                0x00001fa4       0x24 .\CortexM3\ARM_GCC_541\Debug\PSOC5_LamellaControlHofmann.a(Timer1_Function.o)
                0x00001fa4                Timer1_Function_SetVector
 .text.Timer1_Function_SetPriority
                0x00001fc8       0x24 .\CortexM3\ARM_GCC_541\Debug\PSOC5_LamellaControlHofmann.a(Timer1_Function.o)
                0x00001fc8                Timer1_Function_SetPriority
 .text.Timer1_Function_Enable
                0x00001fec       0x18 .\CortexM3\ARM_GCC_541\Debug\PSOC5_LamellaControlHofmann.a(Timer1_Function.o)
                0x00001fec                Timer1_Function_Enable
 .text.Timer1_Function_Disable
                0x00002004       0x18 .\CortexM3\ARM_GCC_541\Debug\PSOC5_LamellaControlHofmann.a(Timer1_Function.o)
                0x00002004                Timer1_Function_Disable
 .text.PGA_Photo_Init
                0x0000201c       0x3c .\CortexM3\ARM_GCC_541\Debug\PSOC5_LamellaControlHofmann.a(PGA_Photo.o)
                0x0000201c                PGA_Photo_Init
 .text.PGA_Photo_Enable
                0x00002058       0x48 .\CortexM3\ARM_GCC_541\Debug\PSOC5_LamellaControlHofmann.a(PGA_Photo.o)
                0x00002058                PGA_Photo_Enable
 .text.PGA_Photo_Start
                0x000020a0       0x24 .\CortexM3\ARM_GCC_541\Debug\PSOC5_LamellaControlHofmann.a(PGA_Photo.o)
                0x000020a0                PGA_Photo_Start
 .text.PGA_Photo_SetPower
                0x000020c4       0x38 .\CortexM3\ARM_GCC_541\Debug\PSOC5_LamellaControlHofmann.a(PGA_Photo.o)
                0x000020c4                PGA_Photo_SetPower
 .text.PGA_Photo_SetGain
                0x000020fc       0xbc .\CortexM3\ARM_GCC_541\Debug\PSOC5_LamellaControlHofmann.a(PGA_Photo.o)
                0x000020fc                PGA_Photo_SetGain
 .text.Pin_StepperSLEEP_Write
                0x000021b8       0x3c .\CortexM3\ARM_GCC_541\Debug\PSOC5_LamellaControlHofmann.a(Pin_StepperSLEEP.o)
                0x000021b8                Pin_StepperSLEEP_Write
 .text.Pin_StepperRES_Write
                0x000021f4       0x3c .\CortexM3\ARM_GCC_541\Debug\PSOC5_LamellaControlHofmann.a(Pin_StepperRES.o)
                0x000021f4                Pin_StepperRES_Write
 .text.Pin_StepperMS3_Write
                0x00002230       0x3c .\CortexM3\ARM_GCC_541\Debug\PSOC5_LamellaControlHofmann.a(Pin_StepperMS3.o)
                0x00002230                Pin_StepperMS3_Write
 .text.Pin_StepperMS2_Write
                0x0000226c       0x3c .\CortexM3\ARM_GCC_541\Debug\PSOC5_LamellaControlHofmann.a(Pin_StepperMS2.o)
                0x0000226c                Pin_StepperMS2_Write
 .text.Pin_StepperMS1_Write
                0x000022a8       0x3c .\CortexM3\ARM_GCC_541\Debug\PSOC5_LamellaControlHofmann.a(Pin_StepperMS1.o)
                0x000022a8                Pin_StepperMS1_Write
 .text.TIA_1_Init
                0x000022e4       0x38 .\CortexM3\ARM_GCC_541\Debug\PSOC5_LamellaControlHofmann.a(TIA_1.o)
                0x000022e4                TIA_1_Init
 .text.TIA_1_Enable
                0x0000231c       0x48 .\CortexM3\ARM_GCC_541\Debug\PSOC5_LamellaControlHofmann.a(TIA_1.o)
                0x0000231c                TIA_1_Enable
 .text.TIA_1_Start
                0x00002364       0x24 .\CortexM3\ARM_GCC_541\Debug\PSOC5_LamellaControlHofmann.a(TIA_1.o)
                0x00002364                TIA_1_Start
 .text.TIA_1_SetPower
                0x00002388       0x38 .\CortexM3\ARM_GCC_541\Debug\PSOC5_LamellaControlHofmann.a(TIA_1.o)
                0x00002388                TIA_1_SetPower
 .text.TIA_1_SetResFB
                0x000023c0       0x44 .\CortexM3\ARM_GCC_541\Debug\PSOC5_LamellaControlHofmann.a(TIA_1.o)
                0x000023c0                TIA_1_SetResFB
 .text.TIA_1_SetCapFB
                0x00002404       0x44 .\CortexM3\ARM_GCC_541\Debug\PSOC5_LamellaControlHofmann.a(TIA_1.o)
                0x00002404                TIA_1_SetCapFB
 .text.Pin_LaserEN1_Write
                0x00002448       0x38 .\CortexM3\ARM_GCC_541\Debug\PSOC5_LamellaControlHofmann.a(Pin_LaserEN1.o)
                0x00002448                Pin_LaserEN1_Write
 .text.Pin_LaserEN1_Read
                0x00002480       0x1c .\CortexM3\ARM_GCC_541\Debug\PSOC5_LamellaControlHofmann.a(Pin_LaserEN1.o)
                0x00002480                Pin_LaserEN1_Read
 .text.Pin_LaserEN2_Write
                0x0000249c       0x3c .\CortexM3\ARM_GCC_541\Debug\PSOC5_LamellaControlHofmann.a(Pin_LaserEN2.o)
                0x0000249c                Pin_LaserEN2_Write
 .text.Pin_LaserEN2_Read
                0x000024d8       0x20 .\CortexM3\ARM_GCC_541\Debug\PSOC5_LamellaControlHofmann.a(Pin_LaserEN2.o)
                0x000024d8                Pin_LaserEN2_Read
 .text.UART_PC_Start
                0x000024f8       0x24 .\CortexM3\ARM_GCC_541\Debug\PSOC5_LamellaControlHofmann.a(UART_PC.o)
                0x000024f8                UART_PC_Start
 .text.UART_PC_Init
                0x0000251c       0x40 .\CortexM3\ARM_GCC_541\Debug\PSOC5_LamellaControlHofmann.a(UART_PC.o)
                0x0000251c                UART_PC_Init
 .text.UART_PC_Enable
                0x0000255c       0x60 .\CortexM3\ARM_GCC_541\Debug\PSOC5_LamellaControlHofmann.a(UART_PC.o)
                0x0000255c                UART_PC_Enable
 .text.UART_PC_ReadRxData
                0x000025bc       0x1c .\CortexM3\ARM_GCC_541\Debug\PSOC5_LamellaControlHofmann.a(UART_PC.o)
                0x000025bc                UART_PC_ReadRxData
 .text.UART_PC_ReadRxStatus
                0x000025d8       0x24 .\CortexM3\ARM_GCC_541\Debug\PSOC5_LamellaControlHofmann.a(UART_PC.o)
                0x000025d8                UART_PC_ReadRxStatus
 .text.UART_PC_GetByte
                0x000025fc       0x20 .\CortexM3\ARM_GCC_541\Debug\PSOC5_LamellaControlHofmann.a(UART_PC.o)
                0x000025fc                UART_PC_GetByte
 .text.UART_PC_PutChar
                0x0000261c       0x34 .\CortexM3\ARM_GCC_541\Debug\PSOC5_LamellaControlHofmann.a(UART_PC.o)
                0x0000261c                UART_PC_PutChar
 .text.UART_PC_PutString
                0x00002650       0x44 .\CortexM3\ARM_GCC_541\Debug\PSOC5_LamellaControlHofmann.a(UART_PC.o)
                0x00002650                UART_PC_PutString
 .text.UART_PC_IntClock_Start
                0x00002694       0x34 .\CortexM3\ARM_GCC_541\Debug\PSOC5_LamellaControlHofmann.a(UART_PC_IntClock.o)
                0x00002694                UART_PC_IntClock_Start
 .text.Interr_PC_StartEx
                0x000026c8       0x24 .\CortexM3\ARM_GCC_541\Debug\PSOC5_LamellaControlHofmann.a(Interr_PC.o)
                0x000026c8                Interr_PC_StartEx
 .text.Interr_PC_SetVector
                0x000026ec       0x24 .\CortexM3\ARM_GCC_541\Debug\PSOC5_LamellaControlHofmann.a(Interr_PC.o)
                0x000026ec                Interr_PC_SetVector
 .text.Interr_PC_SetPriority
                0x00002710       0x24 .\CortexM3\ARM_GCC_541\Debug\PSOC5_LamellaControlHofmann.a(Interr_PC.o)
                0x00002710                Interr_PC_SetPriority
 .text.Interr_PC_Enable
                0x00002734       0x18 .\CortexM3\ARM_GCC_541\Debug\PSOC5_LamellaControlHofmann.a(Interr_PC.o)
                0x00002734                Interr_PC_Enable
 .text.Interr_PC_Disable
                0x0000274c       0x18 .\CortexM3\ARM_GCC_541\Debug\PSOC5_LamellaControlHofmann.a(Interr_PC.o)
                0x0000274c                Interr_PC_Disable
 .text.Pin_Relais2_Write
                0x00002764       0x3c .\CortexM3\ARM_GCC_541\Debug\PSOC5_LamellaControlHofmann.a(Pin_Relais2.o)
                0x00002764                Pin_Relais2_Write
 .text.Pin_Relais2_Read
                0x000027a0       0x20 .\CortexM3\ARM_GCC_541\Debug\PSOC5_LamellaControlHofmann.a(Pin_Relais2.o)
                0x000027a0                Pin_Relais2_Read
 .text.Pin_Relais1_Write
                0x000027c0       0x3c .\CortexM3\ARM_GCC_541\Debug\PSOC5_LamellaControlHofmann.a(Pin_Relais1.o)
                0x000027c0                Pin_Relais1_Write
 .text.Pin_Relais1_Read
                0x000027fc       0x20 .\CortexM3\ARM_GCC_541\Debug\PSOC5_LamellaControlHofmann.a(Pin_Relais1.o)
                0x000027fc                Pin_Relais1_Read
 .text.Pin_IRLaserEN_Write
                0x0000281c       0x3c .\CortexM3\ARM_GCC_541\Debug\PSOC5_LamellaControlHofmann.a(Pin_IRLaserEN.o)
                0x0000281c                Pin_IRLaserEN_Write
 .text.Pin_IRLaserEN_Read
                0x00002858       0x20 .\CortexM3\ARM_GCC_541\Debug\PSOC5_LamellaControlHofmann.a(Pin_IRLaserEN.o)
                0x00002858                Pin_IRLaserEN_Read
 .text          0x00002878       0x20 .\CortexM3\ARM_GCC_541\Debug\PSOC5_LamellaControlHofmann.a(CyBootAsmGnu.o)
                0x00002878                CyDelayCycles
                0x00002888                CyEnterCriticalSection
                0x00002890                CyExitCriticalSection
 .text.exp      0x00002898       0xf8 d:/programme/psoc/psoc creator/4.2/psoc creator/import/gnu/arm/5.4.1/bin/../lib/gcc/arm-none-eabi/5.4.1/../../../../arm-none-eabi/lib/armv7-m\libm.a(lib_a-w_exp.o)
                0x00002898                exp
 .text.__ieee754_exp
                0x00002990      0x2ec d:/programme/psoc/psoc creator/4.2/psoc creator/import/gnu/arm/5.4.1/bin/../lib/gcc/arm-none-eabi/5.4.1/../../../../arm-none-eabi/lib/armv7-m\libm.a(lib_a-e_exp.o)
                0x00002990                __ieee754_exp
 .text.finite   0x00002c7c        0xc d:/programme/psoc/psoc creator/4.2/psoc creator/import/gnu/arm/5.4.1/bin/../lib/gcc/arm-none-eabi/5.4.1/../../../../arm-none-eabi/lib/armv7-m\libm.a(lib_a-s_finite.o)
                0x00002c7c                finite
 .text.matherr  0x00002c88        0x4 d:/programme/psoc/psoc creator/4.2/psoc creator/import/gnu/arm/5.4.1/bin/../lib/gcc/arm-none-eabi/5.4.1/../../../../arm-none-eabi/lib/armv7-m\libm.a(lib_a-s_matherr.o)
                0x00002c88                matherr
 .text          0x00002c8c      0x370 d:/programme/psoc/psoc creator/4.2/psoc creator/import/gnu/arm/5.4.1/bin/../lib/gcc/arm-none-eabi/5.4.1/armv7-m\libgcc.a(_arm_addsubdf3.o)
                0x00002c8c                __aeabi_drsub
                0x00002c94                __aeabi_dsub
                0x00002c94                __subdf3
                0x00002c98                __aeabi_dadd
                0x00002c98                __adddf3
                0x00002f10                __floatunsidf
                0x00002f10                __aeabi_ui2d
                0x00002f30                __floatsidf
                0x00002f30                __aeabi_i2d
                0x00002f54                __aeabi_f2d
                0x00002f54                __extendsfdf2
                0x00002f90                __floatundidf
                0x00002f90                __aeabi_ul2d
                0x00002fa0                __floatdidf
                0x00002fa0                __aeabi_l2d
 .text          0x00002ffc      0x424 d:/programme/psoc/psoc creator/4.2/psoc creator/import/gnu/arm/5.4.1/bin/../lib/gcc/arm-none-eabi/5.4.1/armv7-m\libgcc.a(_arm_muldivdf3.o)
                0x00002ffc                __aeabi_dmul
                0x00002ffc                __muldf3
                0x00003250                __divdf3
                0x00003250                __aeabi_ddiv
 .text          0x00003420      0x110 d:/programme/psoc/psoc creator/4.2/psoc creator/import/gnu/arm/5.4.1/bin/../lib/gcc/arm-none-eabi/5.4.1/armv7-m\libgcc.a(_arm_cmpdf2.o)
                0x00003420                __gtdf2
                0x00003420                __gedf2
                0x00003428                __ltdf2
                0x00003428                __ledf2
                0x00003430                __nedf2
                0x00003430                __eqdf2
                0x00003430                __cmpdf2
                0x000034ac                __aeabi_cdrcmple
                0x000034bc                __aeabi_cdcmpeq
                0x000034bc                __aeabi_cdcmple
                0x000034cc                __aeabi_dcmpeq
                0x000034e0                __aeabi_dcmplt
                0x000034f4                __aeabi_dcmple
                0x00003508                __aeabi_dcmpge
                0x0000351c                __aeabi_dcmpgt
 .text          0x00003530       0x50 d:/programme/psoc/psoc creator/4.2/psoc creator/import/gnu/arm/5.4.1/bin/../lib/gcc/arm-none-eabi/5.4.1/armv7-m\libgcc.a(_arm_fixdfsi.o)
                0x00003530                __aeabi_d2iz
                0x00003530                __fixdfsi
 .text          0x00003580       0x40 d:/programme/psoc/psoc creator/4.2/psoc creator/import/gnu/arm/5.4.1/bin/../lib/gcc/arm-none-eabi/5.4.1/armv7-m\libgcc.a(_arm_fixunsdfsi.o)
                0x00003580                __aeabi_d2uiz
                0x00003580                __fixunsdfsi
 .text.__errno  0x000035c0        0xc d:/programme/psoc/psoc creator/4.2/psoc creator/import/gnu/arm/5.4.1/bin/../lib/gcc/arm-none-eabi/5.4.1/../../../../arm-none-eabi/lib/armv7-m\libg_nano.a(lib_a-errno.o)
                0x000035c0                __errno
 .text.__libc_init_array
                0x000035cc       0x4c d:/programme/psoc/psoc creator/4.2/psoc creator/import/gnu/arm/5.4.1/bin/../lib/gcc/arm-none-eabi/5.4.1/../../../../arm-none-eabi/lib/armv7-m\libg_nano.a(lib_a-init.o)
                0x000035cc                __libc_init_array
 .text.__itoa   0x00003618       0x2e d:/programme/psoc/psoc creator/4.2/psoc creator/import/gnu/arm/5.4.1/bin/../lib/gcc/arm-none-eabi/5.4.1/../../../../arm-none-eabi/lib/armv7-m\libg_nano.a(lib_a-itoa.o)
                0x00003618                __itoa
 .text.itoa     0x00003646        0x4 d:/programme/psoc/psoc creator/4.2/psoc creator/import/gnu/arm/5.4.1/bin/../lib/gcc/arm-none-eabi/5.4.1/../../../../arm-none-eabi/lib/armv7-m\libg_nano.a(lib_a-itoa.o)
                0x00003646                itoa
 .text.memcpy   0x0000364a       0x16 d:/programme/psoc/psoc creator/4.2/psoc creator/import/gnu/arm/5.4.1/bin/../lib/gcc/arm-none-eabi/5.4.1/../../../../arm-none-eabi/lib/armv7-m\libg_nano.a(lib_a-memcpy-stub.o)
                0x0000364a                memcpy
 .text.memset   0x00003660       0x10 d:/programme/psoc/psoc creator/4.2/psoc creator/import/gnu/arm/5.4.1/bin/../lib/gcc/arm-none-eabi/5.4.1/../../../../arm-none-eabi/lib/armv7-m\libg_nano.a(lib_a-memset.o)
                0x00003660                memset
 .text.__cvt    0x00003670       0xc0 d:/programme/psoc/psoc creator/4.2/psoc creator/import/gnu/arm/5.4.1/bin/../lib/gcc/arm-none-eabi/5.4.1/../../../../arm-none-eabi/lib/armv7-m\libg_nano.a(lib_a-nano-vfprintf_float.o)
                0x00003670                __cvt
 .text.__exponent
                0x00003730       0x62 d:/programme/psoc/psoc creator/4.2/psoc creator/import/gnu/arm/5.4.1/bin/../lib/gcc/arm-none-eabi/5.4.1/../../../../arm-none-eabi/lib/armv7-m\libg_nano.a(lib_a-nano-vfprintf_float.o)
                0x00003730                __exponent
 *fill*         0x00003792        0x2 
 .text._printf_float
                0x00003794      0x488 d:/programme/psoc/psoc creator/4.2/psoc creator/import/gnu/arm/5.4.1/bin/../lib/gcc/arm-none-eabi/5.4.1/../../../../arm-none-eabi/lib/armv7-m\libg_nano.a(lib_a-nano-vfprintf_float.o)
                0x00003794                _printf_float
 .text._printf_common
                0x00003c1c       0xec d:/programme/psoc/psoc creator/4.2/psoc creator/import/gnu/arm/5.4.1/bin/../lib/gcc/arm-none-eabi/5.4.1/../../../../arm-none-eabi/lib/armv7-m\libg_nano.a(lib_a-nano-vfprintf_i.o)
                0x00003c1c                _printf_common
 .text          0x00003d08       0x10 d:/programme/psoc/psoc creator/4.2/psoc creator/import/gnu/arm/5.4.1/bin/../lib/gcc/arm-none-eabi/5.4.1/../../../../arm-none-eabi/lib/armv7-m\libg_nano.a(lib_a-strlen.o)
                0x00003d08                strlen
 .text.__utoa   0x00003d18       0x78 d:/programme/psoc/psoc creator/4.2/psoc creator/import/gnu/arm/5.4.1/bin/../lib/gcc/arm-none-eabi/5.4.1/../../../../arm-none-eabi/lib/armv7-m\libg_nano.a(lib_a-utoa.o)
                0x00003d18                __utoa
 .text.quorem   0x00003d90      0x116 d:/programme/psoc/psoc creator/4.2/psoc creator/import/gnu/arm/5.4.1/bin/../lib/gcc/arm-none-eabi/5.4.1/../../../../arm-none-eabi/lib/armv7-m\libg_nano.a(lib_a-dtoa.o)
 *fill*         0x00003ea6        0x2 
 .text._dtoa_r  0x00003ea8      0xb30 d:/programme/psoc/psoc creator/4.2/psoc creator/import/gnu/arm/5.4.1/bin/../lib/gcc/arm-none-eabi/5.4.1/../../../../arm-none-eabi/lib/armv7-m\libg_nano.a(lib_a-dtoa.o)
                0x00003ea8                _dtoa_r
 .text._localeconv_r
                0x000049d8        0x8 d:/programme/psoc/psoc creator/4.2/psoc creator/import/gnu/arm/5.4.1/bin/../lib/gcc/arm-none-eabi/5.4.1/../../../../arm-none-eabi/lib/armv7-m\libg_nano.a(lib_a-locale.o)
                0x000049d8                _localeconv_r
 .text.malloc   0x000049e0       0x10 d:/programme/psoc/psoc creator/4.2/psoc creator/import/gnu/arm/5.4.1/bin/../lib/gcc/arm-none-eabi/5.4.1/../../../../arm-none-eabi/lib/armv7-m\libg_nano.a(lib_a-malloc.o)
                0x000049e0                malloc
 .text._Balloc  0x000049f0       0x6a d:/programme/psoc/psoc creator/4.2/psoc creator/import/gnu/arm/5.4.1/bin/../lib/gcc/arm-none-eabi/5.4.1/../../../../arm-none-eabi/lib/armv7-m\libg_nano.a(lib_a-mprec.o)
                0x000049f0                _Balloc
 .text._Bfree   0x00004a5a       0x2e d:/programme/psoc/psoc creator/4.2/psoc creator/import/gnu/arm/5.4.1/bin/../lib/gcc/arm-none-eabi/5.4.1/../../../../arm-none-eabi/lib/armv7-m\libg_nano.a(lib_a-mprec.o)
                0x00004a5a                _Bfree
 .text.__multadd
                0x00004a88       0x76 d:/programme/psoc/psoc creator/4.2/psoc creator/import/gnu/arm/5.4.1/bin/../lib/gcc/arm-none-eabi/5.4.1/../../../../arm-none-eabi/lib/armv7-m\libg_nano.a(lib_a-mprec.o)
                0x00004a88                __multadd
 .text.__hi0bits
                0x00004afe       0x40 d:/programme/psoc/psoc creator/4.2/psoc creator/import/gnu/arm/5.4.1/bin/../lib/gcc/arm-none-eabi/5.4.1/../../../../arm-none-eabi/lib/armv7-m\libg_nano.a(lib_a-mprec.o)
                0x00004afe                __hi0bits
 .text.__lo0bits
                0x00004b3e       0x5a d:/programme/psoc/psoc creator/4.2/psoc creator/import/gnu/arm/5.4.1/bin/../lib/gcc/arm-none-eabi/5.4.1/../../../../arm-none-eabi/lib/armv7-m\libg_nano.a(lib_a-mprec.o)
                0x00004b3e                __lo0bits
 .text.__i2b    0x00004b98       0x12 d:/programme/psoc/psoc creator/4.2/psoc creator/import/gnu/arm/5.4.1/bin/../lib/gcc/arm-none-eabi/5.4.1/../../../../arm-none-eabi/lib/armv7-m\libg_nano.a(lib_a-mprec.o)
                0x00004b98                __i2b
 .text.__multiply
                0x00004baa      0x120 d:/programme/psoc/psoc creator/4.2/psoc creator/import/gnu/arm/5.4.1/bin/../lib/gcc/arm-none-eabi/5.4.1/../../../../arm-none-eabi/lib/armv7-m\libg_nano.a(lib_a-mprec.o)
                0x00004baa                __multiply
 *fill*         0x00004cca        0x2 
 .text.__pow5mult
                0x00004ccc       0x9c d:/programme/psoc/psoc creator/4.2/psoc creator/import/gnu/arm/5.4.1/bin/../lib/gcc/arm-none-eabi/5.4.1/../../../../arm-none-eabi/lib/armv7-m\libg_nano.a(lib_a-mprec.o)
                0x00004ccc                __pow5mult
 .text.__lshift
                0x00004d68       0xa2 d:/programme/psoc/psoc creator/4.2/psoc creator/import/gnu/arm/5.4.1/bin/../lib/gcc/arm-none-eabi/5.4.1/../../../../arm-none-eabi/lib/armv7-m\libg_nano.a(lib_a-mprec.o)
                0x00004d68                __lshift
 .text.__mcmp   0x00004e0a       0x38 d:/programme/psoc/psoc creator/4.2/psoc creator/import/gnu/arm/5.4.1/bin/../lib/gcc/arm-none-eabi/5.4.1/../../../../arm-none-eabi/lib/armv7-m\libg_nano.a(lib_a-mprec.o)
                0x00004e0a                __mcmp
 .text.__mdiff  0x00004e42       0xbe d:/programme/psoc/psoc creator/4.2/psoc creator/import/gnu/arm/5.4.1/bin/../lib/gcc/arm-none-eabi/5.4.1/../../../../arm-none-eabi/lib/armv7-m\libg_nano.a(lib_a-mprec.o)
                0x00004e42                __mdiff
 .text.__d2b    0x00004f00       0x9c d:/programme/psoc/psoc creator/4.2/psoc creator/import/gnu/arm/5.4.1/bin/../lib/gcc/arm-none-eabi/5.4.1/../../../../arm-none-eabi/lib/armv7-m\libg_nano.a(lib_a-mprec.o)
                0x00004f00                __d2b
 .text._calloc_r
                0x00004f9c       0x1c d:/programme/psoc/psoc creator/4.2/psoc creator/import/gnu/arm/5.4.1/bin/../lib/gcc/arm-none-eabi/5.4.1/../../../../arm-none-eabi/lib/armv7-m\libg_nano.a(lib_a-nano-callocr.o)
                0x00004f9c                _calloc_r
 .text._malloc_r
                0x00004fb8       0xbc d:/programme/psoc/psoc creator/4.2/psoc creator/import/gnu/arm/5.4.1/bin/../lib/gcc/arm-none-eabi/5.4.1/../../../../arm-none-eabi/lib/armv7-m\libg_nano.a(lib_a-nano-mallocr.o)
                0x00004fb8                _malloc_r
 .text._sbrk_r  0x00005074       0x20 d:/programme/psoc/psoc creator/4.2/psoc creator/import/gnu/arm/5.4.1/bin/../lib/gcc/arm-none-eabi/5.4.1/../../../../arm-none-eabi/lib/armv7-m\libg_nano.a(lib_a-sbrkr.o)
                0x00005074                _sbrk_r
 .text.__malloc_lock
                0x00005094        0x2 d:/programme/psoc/psoc creator/4.2/psoc creator/import/gnu/arm/5.4.1/bin/../lib/gcc/arm-none-eabi/5.4.1/../../../../arm-none-eabi/lib/armv7-m\libg_nano.a(lib_a-mlock.o)
                0x00005094                __malloc_lock
 .text.__malloc_unlock
                0x00005096        0x2 d:/programme/psoc/psoc creator/4.2/psoc creator/import/gnu/arm/5.4.1/bin/../lib/gcc/arm-none-eabi/5.4.1/../../../../arm-none-eabi/lib/armv7-m\libg_nano.a(lib_a-mlock.o)
                0x00005096                __malloc_unlock
 .text          0x00005098       0x2c d:/programme/psoc/psoc creator/4.2/psoc creator/import/gnu/arm/5.4.1/bin/../lib/gcc/arm-none-eabi/5.4.1/armv7-m\libgcc.a(_arm_unorddf2.o)
                0x00005098                __unorddf2
                0x00005098                __aeabi_dcmpun
 *(.plt)
 *(.gnu.warning)
 *(.glue_7t)
 .glue_7t       0x000050c4        0x0 linker stubs
 *(.glue_7)
 .glue_7        0x000050c4        0x0 linker stubs
 *(.vfp11_veneer)
 .vfp11_veneer  0x000050c4        0x0 linker stubs
 *(.bootloader)
 *(.ARM.extab* .gnu.linkonce.armextab.*)
 *(.gcc_except_table)

.v4_bx          0x000050c4        0x0
 .v4_bx         0x000050c4        0x0 linker stubs

.iplt           0x000050c4        0x0
 .iplt          0x000050c4        0x0 d:/programme/psoc/psoc creator/4.2/psoc creator/import/gnu/arm/5.4.1/bin/../lib/gcc/arm-none-eabi/5.4.1/armv7-m/crtbegin.o

.eh_frame_hdr
 *(.eh_frame_hdr)

.eh_frame       0x000050c4        0x4
 *(.eh_frame)
 .eh_frame      0x000050c4        0x0 d:/programme/psoc/psoc creator/4.2/psoc creator/import/gnu/arm/5.4.1/bin/../lib/gcc/arm-none-eabi/5.4.1/armv7-m/crtbegin.o
 .eh_frame      0x000050c4        0x4 d:/programme/psoc/psoc creator/4.2/psoc creator/import/gnu/arm/5.4.1/bin/../lib/gcc/arm-none-eabi/5.4.1/armv7-m/crtend.o
                [!provide]                PROVIDE (__exidx_start, .)

.ARM.exidx
 *(.ARM.exidx* .gnu.linkonce.armexidx.*)
                0x000050c8                __exidx_end = .

.rodata         0x000050c8      0x3f8
 *(.rodata .rodata.* .gnu.linkonce.r.*)
 .rodata        0x000050c8      0x1d4 .\CortexM3\ARM_GCC_541\Debug\main.o
 .rodata        0x0000529c       0x50 .\CortexM3\ARM_GCC_541\Debug\cyfitter_cfg.o
 .rodata        0x000052ec       0x15 .\CortexM3\ARM_GCC_541\Debug\PSOC5_LamellaControlHofmann.a(PGA_Photo.o)
 *fill*         0x00005301        0x3 
 .rodata.str1.4
                0x00005304        0x4 d:/programme/psoc/psoc creator/4.2/psoc creator/import/gnu/arm/5.4.1/bin/../lib/gcc/arm-none-eabi/5.4.1/../../../../arm-none-eabi/lib/armv7-m\libm.a(lib_a-w_exp.o)
 .rodata.halF   0x00005308       0x10 d:/programme/psoc/psoc creator/4.2/psoc creator/import/gnu/arm/5.4.1/bin/../lib/gcc/arm-none-eabi/5.4.1/../../../../arm-none-eabi/lib/armv7-m\libm.a(lib_a-e_exp.o)
 .rodata.ln2LO  0x00005318       0x10 d:/programme/psoc/psoc creator/4.2/psoc creator/import/gnu/arm/5.4.1/bin/../lib/gcc/arm-none-eabi/5.4.1/../../../../arm-none-eabi/lib/armv7-m\libm.a(lib_a-e_exp.o)
 .rodata.ln2HI  0x00005328       0x10 d:/programme/psoc/psoc creator/4.2/psoc creator/import/gnu/arm/5.4.1/bin/../lib/gcc/arm-none-eabi/5.4.1/../../../../arm-none-eabi/lib/armv7-m\libm.a(lib_a-e_exp.o)
 .rodata.str1.1
                0x00005338        0x2 d:/programme/psoc/psoc creator/4.2/psoc creator/import/gnu/arm/5.4.1/bin/../lib/gcc/arm-none-eabi/5.4.1/../../../../arm-none-eabi/lib/armv7-m\libg_nano.a(lib_a-impure.o)
 .rodata.str1.1
                0x0000533a       0x12 d:/programme/psoc/psoc creator/4.2/psoc creator/import/gnu/arm/5.4.1/bin/../lib/gcc/arm-none-eabi/5.4.1/../../../../arm-none-eabi/lib/armv7-m\libg_nano.a(lib_a-nano-vfprintf_float.o)
 .rodata.str1.1
                0x0000534c       0x25 d:/programme/psoc/psoc creator/4.2/psoc creator/import/gnu/arm/5.4.1/bin/../lib/gcc/arm-none-eabi/5.4.1/../../../../arm-none-eabi/lib/armv7-m\libg_nano.a(lib_a-utoa.o)
 .rodata.str1.1
                0x00005371        0xd d:/programme/psoc/psoc creator/4.2/psoc creator/import/gnu/arm/5.4.1/bin/../lib/gcc/arm-none-eabi/5.4.1/../../../../arm-none-eabi/lib/armv7-m\libg_nano.a(lib_a-dtoa.o)
                                  0xf (size before relaxing)
 .rodata.str1.1
                0x0000537e        0x8 d:/programme/psoc/psoc creator/4.2/psoc creator/import/gnu/arm/5.4.1/bin/../lib/gcc/arm-none-eabi/5.4.1/../../../../arm-none-eabi/lib/armv7-m\libg_nano.a(lib_a-locale.o)
                                  0xb (size before relaxing)
 *fill*         0x00005386        0x2 
 .rodata.__mprec_tens
                0x00005388       0xc8 d:/programme/psoc/psoc creator/4.2/psoc creator/import/gnu/arm/5.4.1/bin/../lib/gcc/arm-none-eabi/5.4.1/../../../../arm-none-eabi/lib/armv7-m\libg_nano.a(lib_a-mprec.o)
                0x00005388                __mprec_tens
 .rodata.p05.5408
                0x00005450        0xc d:/programme/psoc/psoc creator/4.2/psoc creator/import/gnu/arm/5.4.1/bin/../lib/gcc/arm-none-eabi/5.4.1/../../../../arm-none-eabi/lib/armv7-m\libg_nano.a(lib_a-mprec.o)
 *fill*         0x0000545c        0x4 
 .rodata.__mprec_bigtens
                0x00005460       0x28 d:/programme/psoc/psoc creator/4.2/psoc creator/import/gnu/arm/5.4.1/bin/../lib/gcc/arm-none-eabi/5.4.1/../../../../arm-none-eabi/lib/armv7-m\libg_nano.a(lib_a-mprec.o)
                0x00005460                __mprec_bigtens
                0x00005488                . = ALIGN (0x4)
 *(.init)
 .init          0x00005488        0x4 d:/programme/psoc/psoc creator/4.2/psoc creator/import/gnu/arm/5.4.1/bin/../lib/gcc/arm-none-eabi/5.4.1/armv7-m/crti.o
                0x00005488                _init
 .init          0x0000548c        0x8 d:/programme/psoc/psoc creator/4.2/psoc creator/import/gnu/arm/5.4.1/bin/../lib/gcc/arm-none-eabi/5.4.1/armv7-m/crtn.o
                0x00005494                . = ALIGN (0x4)
                0x00005494                __preinit_array_start = .
 *(.preinit_array)
                0x00005494                __preinit_array_end = .
                0x00005494                . = ALIGN (0x4)
                0x00005494                __init_array_start = .
 *(SORT(.init_array.*))
 *(.init_array)
 .init_array    0x00005494        0x4 d:/programme/psoc/psoc creator/4.2/psoc creator/import/gnu/arm/5.4.1/bin/../lib/gcc/arm-none-eabi/5.4.1/armv7-m/crtbegin.o
 .init_array    0x00005498        0x4 .\CortexM3\ARM_GCC_541\Debug\Cm3Start.o
                0x0000549c                __init_array_end = .
                0x0000549c                . = ALIGN (0x4)
 *(.fini)
 .fini          0x0000549c        0x4 d:/programme/psoc/psoc creator/4.2/psoc creator/import/gnu/arm/5.4.1/bin/../lib/gcc/arm-none-eabi/5.4.1/armv7-m/crti.o
                0x0000549c                _fini
 .fini          0x000054a0        0x8 d:/programme/psoc/psoc creator/4.2/psoc creator/import/gnu/arm/5.4.1/bin/../lib/gcc/arm-none-eabi/5.4.1/armv7-m/crtn.o
                0x000054a8                . = ALIGN (0x4)
                0x000054a8                __fini_array_start = .
 *(.fini_array)
 .fini_array    0x000054a8        0x4 d:/programme/psoc/psoc creator/4.2/psoc creator/import/gnu/arm/5.4.1/bin/../lib/gcc/arm-none-eabi/5.4.1/armv7-m/crtbegin.o
 *(SORT(.fini_array.*))
                0x000054ac                __fini_array_end = .
                0x000054ac                . = ALIGN (0x4)
 *crtbegin.o(.ctors)
 *(EXCLUDE_FILE(*crtend.o) .ctors)
 *(SORT(.ctors.*))
 *crtend.o(.ctors)
                0x000054ac                . = ALIGN (0x4)
 *crtbegin.o(.dtors)
 *(EXCLUDE_FILE(*crtend.o) .dtors)
 *(SORT(.dtors.*))
 *crtend.o(.dtors)
                0x000054ac                . = ALIGN (0x4)
                0x000054ac                __cy_regions = .
                0x000054ac        0x4 LONG 0x54c0 __cy_region_init_ram
                0x000054b0        0x4 LONG 0x1fff80c8 __cy_region_start_data
                0x000054b4        0x4 LONG 0xc0 __cy_region_init_size_ram
                0x000054b8        0x4 LONG 0x88 __cy_region_zero_size_ram
                0x000054bc                __cy_regions_end = .
                0x000054c0                . = ALIGN (0x8)
 *fill*         0x000054bc        0x4 
                0x000054c0                _etext = .

.cy_checksum_exclude
                0x000054c0        0x0
 *(.cy_checksum_exclude)

.ramvectors     0x1fff8000       0xc0
                0x1fff8000                __cy_region_start_ram = .
 *(.ramvectors)
 .ramvectors    0x1fff8000       0xc0 .\CortexM3\ARM_GCC_541\Debug\Cm3Start.o
                0x1fff8000                CyRamVectors

.noinit         0x1fff80c0        0x5
 *(.noinit)
 .noinit        0x1fff80c0        0x4 .\CortexM3\ARM_GCC_541\Debug\Cm3Start.o
 .noinit        0x1fff80c4        0x1 .\CortexM3\ARM_GCC_541\Debug\PSOC5_LamellaControlHofmann.a(CyLib.o)
                0x1fff80c4                CyResetStatus

.data           0x1fff80c8       0xc0 load address 0x000054c0
                0x1fff80c8                __cy_region_start_data = .
 *(.jcr)
 .jcr           0x1fff80c8        0x0 d:/programme/psoc/psoc creator/4.2/psoc creator/import/gnu/arm/5.4.1/bin/../lib/gcc/arm-none-eabi/5.4.1/armv7-m/crtbegin.o
 .jcr           0x1fff80c8        0x4 d:/programme/psoc/psoc creator/4.2/psoc creator/import/gnu/arm/5.4.1/bin/../lib/gcc/arm-none-eabi/5.4.1/armv7-m/crtend.o
 *(.got.plt)
 *(.got)
 *(.shdata)
 *(.data .data.* .gnu.linkonce.d.*)
 .data          0x1fff80cc        0x8 .\CortexM3\ARM_GCC_541\Debug\main.o
                0x1fff80cc                g_ActivePage
                0x1fff80d0                p_LaserSwitchPeriod
 .data          0x1fff80d4        0x4 .\CortexM3\ARM_GCC_541\Debug\Cm3Start.o
 .data          0x1fff80d8       0x10 .\CortexM3\ARM_GCC_541\Debug\PSOC5_LamellaControlHofmann.a(CyLib.o)
                0x1fff80d8                cydelay_freq_hz
                0x1fff80dc                cydelay_freq_khz
                0x1fff80e0                cydelay_freq_mhz
                0x1fff80e4                cydelay_32k_ms
 .data.__fdlib_version
                0x1fff80e8        0x1 d:/programme/psoc/psoc creator/4.2/psoc creator/import/gnu/arm/5.4.1/bin/../lib/gcc/arm-none-eabi/5.4.1/../../../../arm-none-eabi/lib/armv7-m\libm.a(lib_a-s_lib_ver.o)
                0x1fff80e8                __fdlib_version
 *fill*         0x1fff80e9        0x3 
 .data.impure_data
                0x1fff80ec       0x60 d:/programme/psoc/psoc creator/4.2/psoc creator/import/gnu/arm/5.4.1/bin/../lib/gcc/arm-none-eabi/5.4.1/../../../../arm-none-eabi/lib/armv7-m\libg_nano.a(lib_a-impure.o)
 .data._impure_ptr
                0x1fff814c        0x4 d:/programme/psoc/psoc creator/4.2/psoc creator/import/gnu/arm/5.4.1/bin/../lib/gcc/arm-none-eabi/5.4.1/../../../../arm-none-eabi/lib/armv7-m\libg_nano.a(lib_a-impure.o)
                0x1fff814c                _impure_ptr
 .data.lconv    0x1fff8150       0x38 d:/programme/psoc/psoc creator/4.2/psoc creator/import/gnu/arm/5.4.1/bin/../lib/gcc/arm-none-eabi/5.4.1/../../../../arm-none-eabi/lib/armv7-m\libg_nano.a(lib_a-locale.o)
                0x1fff8188                . = ALIGN (0x8)
 *(.ram)
                0x1fff8188                _edata = .

.igot.plt       0x1fff8188        0x0 load address 0x00005580
 .igot.plt      0x1fff8188        0x0 d:/programme/psoc/psoc creator/4.2/psoc creator/import/gnu/arm/5.4.1/bin/../lib/gcc/arm-none-eabi/5.4.1/armv7-m/crtbegin.o

.bss            0x1fff8188       0x88 load address 0x00005580
                0x1fff8188                PROVIDE (__bss_start__, .)
 *(.shbss)
 *(.bss .bss.* .gnu.linkonce.b.*)
 .bss           0x1fff8188       0x1c d:/programme/psoc/psoc creator/4.2/psoc creator/import/gnu/arm/5.4.1/bin/../lib/gcc/arm-none-eabi/5.4.1/armv7-m/crtbegin.o
 .bss           0x1fff81a4       0x13 .\CortexM3\ARM_GCC_541\Debug\main.o
                0x1fff81a4                t_timer_LaserSwitch
                0x1fff81a8                f_timer_LaserSwitch
                0x1fff81ac                t_timer_LamellaLifetime
                0x1fff81b0                f_timer_LamellaLifetime_Measuring
                0x1fff81b4                Protect_PCInterrupt
                0x1fff81b5                Protect_NextionInterrupt
                0x1fff81b6                Protect_ActivePage
 .bss           0x1fff81b7        0x1 .\CortexM3\ARM_GCC_541\Debug\PSOC5_LamellaControlHofmann.a(Analog_Digital_Converter.o)
                0x1fff81b7                Analog_Digital_Converter_initVar
 .bss           0x1fff81b8        0x9 .\CortexM3\ARM_GCC_541\Debug\PSOC5_LamellaControlHofmann.a(UART_TFT.o)
                0x1fff81b8                UART_TFT_initVar
                0x1fff81b9                UART_TFT_txBufferRead
                0x1fff81ba                UART_TFT_txBufferWrite
                0x1fff81bb                UART_TFT_errorStatus
                0x1fff81bc                UART_TFT_rxBufferRead
                0x1fff81bd                UART_TFT_rxBufferWrite
                0x1fff81be                UART_TFT_rxBufferLoopDetect
                0x1fff81bf                UART_TFT_rxBufferOverflow
 .bss           0x1fff81c1        0x1 .\CortexM3\ARM_GCC_541\Debug\PSOC5_LamellaControlHofmann.a(Timer1.o)
                0x1fff81c1                Timer1_initVar
 .bss           0x1fff81c2        0x1 .\CortexM3\ARM_GCC_541\Debug\PSOC5_LamellaControlHofmann.a(PGA_Photo.o)
                0x1fff81c2                PGA_Photo_initVar
 .bss           0x1fff81c3        0x1 .\CortexM3\ARM_GCC_541\Debug\PSOC5_LamellaControlHofmann.a(TIA_1.o)
                0x1fff81c3                TIA_1_initVar
 .bss           0x1fff81c4        0x2 .\CortexM3\ARM_GCC_541\Debug\PSOC5_LamellaControlHofmann.a(UART_PC.o)
                0x1fff81c4                UART_PC_initVar
 *fill*         0x1fff81c6        0x2 
 .bss.__malloc_sbrk_start
                0x1fff81c8        0x4 d:/programme/psoc/psoc creator/4.2/psoc creator/import/gnu/arm/5.4.1/bin/../lib/gcc/arm-none-eabi/5.4.1/../../../../arm-none-eabi/lib/armv7-m\libg_nano.a(lib_a-nano-mallocr.o)
                0x1fff81c8                __malloc_sbrk_start
 .bss.__malloc_free_list
                0x1fff81cc        0x4 d:/programme/psoc/psoc creator/4.2/psoc creator/import/gnu/arm/5.4.1/bin/../lib/gcc/arm-none-eabi/5.4.1/../../../../arm-none-eabi/lib/armv7-m\libg_nano.a(lib_a-nano-mallocr.o)
                0x1fff81cc                __malloc_free_list
 *(COMMON)
 COMMON         0x1fff81d0        0x2 .\CortexM3\ARM_GCC_541\Debug\main.o
                0x1fff81d0                g_PC_InterruptSignal
                0x1fff81d1                g_Nextion_InterruptSignal
 *fill*         0x1fff81d2        0x2 
 COMMON         0x1fff81d4        0xa .\CortexM3\ARM_GCC_541\Debug\PSOC5_LamellaControlHofmann.a(Analog_Digital_Converter.o)
                0x1fff81d4                Analog_Digital_Converter_countsPer10Volt
                0x1fff81d8                Analog_Digital_Converter_offset
                0x1fff81da                Analog_Digital_Converter_shift
                0x1fff81dc                Analog_Digital_Converter_countsPerVolt
 *fill*         0x1fff81de        0x2 
 COMMON         0x1fff81e0       0x28 .\CortexM3\ARM_GCC_541\Debug\PSOC5_LamellaControlHofmann.a(UART_TFT.o)
                0x1fff81e0                UART_TFT_rxBuffer
                0x1fff81f4                UART_TFT_txBuffer
 COMMON         0x1fff8208        0x4 d:/programme/psoc/psoc creator/4.2/psoc creator/import/gnu/arm/5.4.1/bin/../lib/gcc/arm-none-eabi/5.4.1/../../../../arm-none-eabi/lib/armv7-m\libg_nano.a(lib_a-reent.o)
                0x1fff8208                errno
                0x1fff8210                . = ALIGN (0x8)
 *fill*         0x1fff820c        0x4 
 *(.ram.b)
                0x1fff8210                _end = .
                0x1fff8210                __end = .
                0x1fff8210                PROVIDE (end, .)
                0x1fff8210                PROVIDE (__bss_end__, .)
                0x000054c0                __cy_region_init_ram = LOADADDR (.data)
                0x000000c0                __cy_region_init_size_ram = (_edata - ADDR (.data))
                0x00000088                __cy_region_zero_size_ram = (_end - _edata)

.heap           0x1fff8210      0x200 load address 0x00005580
                0x1fff8210                . = _end
                0x1fff8410                . = (. + 0x200)
 *fill*         0x1fff8210      0x200 
                0x1fff8410                __cy_heap_limit = .

.stack          0x20007800      0x800
                0x20007800                __cy_stack_limit = .
                0x20008000                . = (. + 0x800)
 *fill*         0x20007800      0x800 
                0x00000001                ASSERT ((__cy_stack_limit >= __cy_heap_limit), region RAM overflowed with stack)
                0x00000000                cy_checksum_exclude_size = (CY_APPL_LOADABLE == 0x1)?SIZEOF (.cy_checksum_exclude):0x0
                0x00000001                ASSERT ((cy_checksum_exclude_size <= CY_CHECKSUM_EXCLUDE_SIZE), CY_BOOT: Section .cy_checksum_exclude size exceedes specified limit.)

.cyloadermeta
 *(.cyloadermeta)

.cyloadablemeta
 *(.cyloadablemeta)

.cyconfigecc    0x80000000      0x91c
 *(.cyconfigecc)
 .cyconfigecc   0x80000000      0x91c .\CortexM3\ARM_GCC_541\Debug\cymetadata.o
                0x80000000                cy_meta_configecc

.cycustnvl      0x90000000        0x4
 *(.cycustnvl)
 .cycustnvl     0x90000000        0x4 .\CortexM3\ARM_GCC_541\Debug\cymetadata.o
                0x90000000                cy_meta_custnvl

.cywolatch      0x90100000        0x4
 *(.cywolatch)
 .cywolatch     0x90100000        0x4 .\CortexM3\ARM_GCC_541\Debug\cymetadata.o
                0x90100000                cy_meta_wonvl

.cyeeprom       0x90200000        0x0
 *(.cyeeprom)
                0x00000001                ASSERT ((. <= ((0x90200000 + ee_offset) + ee_size)), .cyeeprom data will not fit in EEPROM)

.cyflashprotect
                0x90400000      0x100
 *(.cyflashprotect)
 .cyflashprotect
                0x90400000      0x100 .\CortexM3\ARM_GCC_541\Debug\cymetadata.o
                0x90400000                cy_meta_flashprotect

.cymeta         0x90500000        0xc
 *(.cymeta)
 .cymeta        0x90500000        0xc .\CortexM3\ARM_GCC_541\Debug\cymetadata.o
                0x90500000                cy_metadata

.rel.dyn        0x00005580        0x0 load address 0x9050000c
 .rel.iplt      0x00005580        0x0 d:/programme/psoc/psoc creator/4.2/psoc creator/import/gnu/arm/5.4.1/bin/../lib/gcc/arm-none-eabi/5.4.1/armv7-m/crtbegin.o

.stab
 *(.stab)

.stabstr
 *(.stabstr)

.debug
 *(.debug)

.line
 *(.line)

.debug_srcinfo
 *(.debug_srcinfo)

.debug_sfnames
 *(.debug_sfnames)

.debug_aranges  0x00000000     0x1090
 *(.debug_aranges)
 .debug_aranges
                0x00000000      0x190 .\CortexM3\ARM_GCC_541\Debug\main.o
 .debug_aranges
                0x00000190       0x60 .\CortexM3\ARM_GCC_541\Debug\cyfitter_cfg.o
 .debug_aranges
                0x000001f0       0x18 .\CortexM3\ARM_GCC_541\Debug\cymetadata.o
 .debug_aranges
                0x00000208       0x48 .\CortexM3\ARM_GCC_541\Debug\Cm3Start.o
 .debug_aranges
                0x00000250      0x2a0 .\CortexM3\ARM_GCC_541\Debug\PSOC5_LamellaControlHofmann.a(CyLib.o)
 .debug_aranges
                0x000004f0       0x98 .\CortexM3\ARM_GCC_541\Debug\PSOC5_LamellaControlHofmann.a(cyPm.o)
 .debug_aranges
                0x00000588       0x38 .\CortexM3\ARM_GCC_541\Debug\PSOC5_LamellaControlHofmann.a(Pin_LED.o)
 .debug_aranges
                0x000005c0       0x38 .\CortexM3\ARM_GCC_541\Debug\PSOC5_LamellaControlHofmann.a(Pin_StepperCLK.o)
 .debug_aranges
                0x000005f8       0x38 .\CortexM3\ARM_GCC_541\Debug\PSOC5_LamellaControlHofmann.a(Pin_StepperDIR.o)
 .debug_aranges
                0x00000630       0x38 .\CortexM3\ARM_GCC_541\Debug\PSOC5_LamellaControlHofmann.a(Pin_StepperEN.o)
 .debug_aranges
                0x00000668       0xa8 .\CortexM3\ARM_GCC_541\Debug\PSOC5_LamellaControlHofmann.a(Analog_Digital_Converter.o)
 .debug_aranges
                0x00000710       0x20 .\CortexM3\ARM_GCC_541\Debug\PSOC5_LamellaControlHofmann.a(Analog_Digital_Converter_INT.o)
 .debug_aranges
                0x00000730       0x80 .\CortexM3\ARM_GCC_541\Debug\PSOC5_LamellaControlHofmann.a(Analog_Digital_Converter_theACLK.o)
 .debug_aranges
                0x000007b0       0xf0 .\CortexM3\ARM_GCC_541\Debug\PSOC5_LamellaControlHofmann.a(UART_TFT.o)
 .debug_aranges
                0x000008a0       0x28 .\CortexM3\ARM_GCC_541\Debug\PSOC5_LamellaControlHofmann.a(UART_TFT_INT.o)
 .debug_aranges
                0x000008c8       0x70 .\CortexM3\ARM_GCC_541\Debug\PSOC5_LamellaControlHofmann.a(UART_TFT_IntClock.o)
 .debug_aranges
                0x00000938       0x80 .\CortexM3\ARM_GCC_541\Debug\PSOC5_LamellaControlHofmann.a(Interr_TFT.o)
 .debug_aranges
                0x000009b8       0x88 .\CortexM3\ARM_GCC_541\Debug\PSOC5_LamellaControlHofmann.a(Timer1.o)
 .debug_aranges
                0x00000a40       0x80 .\CortexM3\ARM_GCC_541\Debug\PSOC5_LamellaControlHofmann.a(Timer1_Function.o)
 .debug_aranges
                0x00000ac0       0x48 .\CortexM3\ARM_GCC_541\Debug\PSOC5_LamellaControlHofmann.a(PGA_Photo.o)
 .debug_aranges
                0x00000b08       0x38 .\CortexM3\ARM_GCC_541\Debug\PSOC5_LamellaControlHofmann.a(Pin_StepperSLEEP.o)
 .debug_aranges
                0x00000b40       0x38 .\CortexM3\ARM_GCC_541\Debug\PSOC5_LamellaControlHofmann.a(Pin_StepperRES.o)
 .debug_aranges
                0x00000b78       0x38 .\CortexM3\ARM_GCC_541\Debug\PSOC5_LamellaControlHofmann.a(Pin_StepperMS3.o)
 .debug_aranges
                0x00000bb0       0x38 .\CortexM3\ARM_GCC_541\Debug\PSOC5_LamellaControlHofmann.a(Pin_StepperMS2.o)
 .debug_aranges
                0x00000be8       0x38 .\CortexM3\ARM_GCC_541\Debug\PSOC5_LamellaControlHofmann.a(Pin_StepperMS1.o)
 .debug_aranges
                0x00000c20       0x50 .\CortexM3\ARM_GCC_541\Debug\PSOC5_LamellaControlHofmann.a(TIA_1.o)
 .debug_aranges
                0x00000c70       0x38 .\CortexM3\ARM_GCC_541\Debug\PSOC5_LamellaControlHofmann.a(Pin_LaserEN1.o)
 .debug_aranges
                0x00000ca8       0x38 .\CortexM3\ARM_GCC_541\Debug\PSOC5_LamellaControlHofmann.a(Pin_LaserEN2.o)
 .debug_aranges
                0x00000ce0       0xf0 .\CortexM3\ARM_GCC_541\Debug\PSOC5_LamellaControlHofmann.a(UART_PC.o)
 .debug_aranges
                0x00000dd0       0x70 .\CortexM3\ARM_GCC_541\Debug\PSOC5_LamellaControlHofmann.a(UART_PC_IntClock.o)
 .debug_aranges
                0x00000e40       0x80 .\CortexM3\ARM_GCC_541\Debug\PSOC5_LamellaControlHofmann.a(Interr_PC.o)
 .debug_aranges
                0x00000ec0       0x38 .\CortexM3\ARM_GCC_541\Debug\PSOC5_LamellaControlHofmann.a(Pin_Relais2.o)
 .debug_aranges
                0x00000ef8       0x38 .\CortexM3\ARM_GCC_541\Debug\PSOC5_LamellaControlHofmann.a(Pin_Relais1.o)
 .debug_aranges
                0x00000f30       0x38 .\CortexM3\ARM_GCC_541\Debug\PSOC5_LamellaControlHofmann.a(Pin_IRLaserEN.o)
 .debug_aranges
                0x00000f68       0x20 .\CortexM3\ARM_GCC_541\Debug\PSOC5_LamellaControlHofmann.a(CyBootAsmGnu.o)
 .debug_aranges
                0x00000f88       0x88 .\CortexM3\ARM_GCC_541\Debug\PSOC5_LamellaControlHofmann.a(CyFlash.o)
 .debug_aranges
                0x00001010       0x80 .\CortexM3\ARM_GCC_541\Debug\PSOC5_LamellaControlHofmann.a(CySpc.o)

.debug_pubnames
 *(.debug_pubnames)

.debug_info     0x00000000     0x627d
 *(.debug_info .gnu.linkonce.wi.*)
 .debug_info    0x00000000      0x7c2 .\CortexM3\ARM_GCC_541\Debug\main.o
 .debug_info    0x000007c2      0x470 .\CortexM3\ARM_GCC_541\Debug\cyfitter_cfg.o
 .debug_info    0x00000c32      0x139 .\CortexM3\ARM_GCC_541\Debug\cymetadata.o
 .debug_info    0x00000d6b      0x32b .\CortexM3\ARM_GCC_541\Debug\Cm3Start.o
 .debug_info    0x00001096      0xe51 .\CortexM3\ARM_GCC_541\Debug\PSOC5_LamellaControlHofmann.a(CyLib.o)
 .debug_info    0x00001ee7      0x57a .\CortexM3\ARM_GCC_541\Debug\PSOC5_LamellaControlHofmann.a(cyPm.o)
 .debug_info    0x00002461      0x11e .\CortexM3\ARM_GCC_541\Debug\PSOC5_LamellaControlHofmann.a(Pin_LED.o)
 .debug_info    0x0000257f      0x11e .\CortexM3\ARM_GCC_541\Debug\PSOC5_LamellaControlHofmann.a(Pin_StepperCLK.o)
 .debug_info    0x0000269d      0x11e .\CortexM3\ARM_GCC_541\Debug\PSOC5_LamellaControlHofmann.a(Pin_StepperDIR.o)
 .debug_info    0x000027bb      0x11e .\CortexM3\ARM_GCC_541\Debug\PSOC5_LamellaControlHofmann.a(Pin_StepperEN.o)
 .debug_info    0x000028d9      0x47f .\CortexM3\ARM_GCC_541\Debug\PSOC5_LamellaControlHofmann.a(Analog_Digital_Converter.o)
 .debug_info    0x00002d58       0x92 .\CortexM3\ARM_GCC_541\Debug\PSOC5_LamellaControlHofmann.a(Analog_Digital_Converter_INT.o)
 .debug_info    0x00002dea      0x299 .\CortexM3\ARM_GCC_541\Debug\PSOC5_LamellaControlHofmann.a(Analog_Digital_Converter_theACLK.o)
 .debug_info    0x00003083      0x648 .\CortexM3\ARM_GCC_541\Debug\PSOC5_LamellaControlHofmann.a(UART_TFT.o)
 .debug_info    0x000036cb      0x183 .\CortexM3\ARM_GCC_541\Debug\PSOC5_LamellaControlHofmann.a(UART_TFT_INT.o)
 .debug_info    0x0000384e      0x25d .\CortexM3\ARM_GCC_541\Debug\PSOC5_LamellaControlHofmann.a(UART_TFT_IntClock.o)
 .debug_info    0x00003aab      0x241 .\CortexM3\ARM_GCC_541\Debug\PSOC5_LamellaControlHofmann.a(Interr_TFT.o)
 .debug_info    0x00003cec      0x245 .\CortexM3\ARM_GCC_541\Debug\PSOC5_LamellaControlHofmann.a(Timer1.o)
 .debug_info    0x00003f31      0x241 .\CortexM3\ARM_GCC_541\Debug\PSOC5_LamellaControlHofmann.a(Timer1_Function.o)
 .debug_info    0x00004172      0x192 .\CortexM3\ARM_GCC_541\Debug\PSOC5_LamellaControlHofmann.a(PGA_Photo.o)
 .debug_info    0x00004304      0x11e .\CortexM3\ARM_GCC_541\Debug\PSOC5_LamellaControlHofmann.a(Pin_StepperSLEEP.o)
 .debug_info    0x00004422      0x11e .\CortexM3\ARM_GCC_541\Debug\PSOC5_LamellaControlHofmann.a(Pin_StepperRES.o)
 .debug_info    0x00004540      0x11e .\CortexM3\ARM_GCC_541\Debug\PSOC5_LamellaControlHofmann.a(Pin_StepperMS3.o)
 .debug_info    0x0000465e      0x11e .\CortexM3\ARM_GCC_541\Debug\PSOC5_LamellaControlHofmann.a(Pin_StepperMS2.o)
 .debug_info    0x0000477c      0x11e .\CortexM3\ARM_GCC_541\Debug\PSOC5_LamellaControlHofmann.a(Pin_StepperMS1.o)
 .debug_info    0x0000489a      0x17f .\CortexM3\ARM_GCC_541\Debug\PSOC5_LamellaControlHofmann.a(TIA_1.o)
 .debug_info    0x00004a19      0x11e .\CortexM3\ARM_GCC_541\Debug\PSOC5_LamellaControlHofmann.a(Pin_LaserEN1.o)
 .debug_info    0x00004b37      0x11e .\CortexM3\ARM_GCC_541\Debug\PSOC5_LamellaControlHofmann.a(Pin_LaserEN2.o)
 .debug_info    0x00004c55      0x50a .\CortexM3\ARM_GCC_541\Debug\PSOC5_LamellaControlHofmann.a(UART_PC.o)
 .debug_info    0x0000515f      0x25d .\CortexM3\ARM_GCC_541\Debug\PSOC5_LamellaControlHofmann.a(UART_PC_IntClock.o)
 .debug_info    0x000053bc      0x241 .\CortexM3\ARM_GCC_541\Debug\PSOC5_LamellaControlHofmann.a(Interr_PC.o)
 .debug_info    0x000055fd      0x11e .\CortexM3\ARM_GCC_541\Debug\PSOC5_LamellaControlHofmann.a(Pin_Relais2.o)
 .debug_info    0x0000571b      0x11e .\CortexM3\ARM_GCC_541\Debug\PSOC5_LamellaControlHofmann.a(Pin_Relais1.o)
 .debug_info    0x00005839      0x11e .\CortexM3\ARM_GCC_541\Debug\PSOC5_LamellaControlHofmann.a(Pin_IRLaserEN.o)
 .debug_info    0x00005957       0xad .\CortexM3\ARM_GCC_541\Debug\PSOC5_LamellaControlHofmann.a(CyBootAsmGnu.o)
 .debug_info    0x00005a04      0x3b9 .\CortexM3\ARM_GCC_541\Debug\PSOC5_LamellaControlHofmann.a(CyFlash.o)
 .debug_info    0x00005dbd      0x4c0 .\CortexM3\ARM_GCC_541\Debug\PSOC5_LamellaControlHofmann.a(CySpc.o)

.debug_abbrev   0x00000000     0x231b
 *(.debug_abbrev)
 .debug_abbrev  0x00000000      0x195 .\CortexM3\ARM_GCC_541\Debug\main.o
 .debug_abbrev  0x00000195      0x1b7 .\CortexM3\ARM_GCC_541\Debug\cyfitter_cfg.o
 .debug_abbrev  0x0000034c       0x77 .\CortexM3\ARM_GCC_541\Debug\cymetadata.o
 .debug_abbrev  0x000003c3      0x1d6 .\CortexM3\ARM_GCC_541\Debug\Cm3Start.o
 .debug_abbrev  0x00000599      0x217 .\CortexM3\ARM_GCC_541\Debug\PSOC5_LamellaControlHofmann.a(CyLib.o)
 .debug_abbrev  0x000007b0      0x161 .\CortexM3\ARM_GCC_541\Debug\PSOC5_LamellaControlHofmann.a(cyPm.o)
 .debug_abbrev  0x00000911       0x90 .\CortexM3\ARM_GCC_541\Debug\PSOC5_LamellaControlHofmann.a(Pin_LED.o)
 .debug_abbrev  0x000009a1       0x90 .\CortexM3\ARM_GCC_541\Debug\PSOC5_LamellaControlHofmann.a(Pin_StepperCLK.o)
 .debug_abbrev  0x00000a31       0x90 .\CortexM3\ARM_GCC_541\Debug\PSOC5_LamellaControlHofmann.a(Pin_StepperDIR.o)
 .debug_abbrev  0x00000ac1       0x90 .\CortexM3\ARM_GCC_541\Debug\PSOC5_LamellaControlHofmann.a(Pin_StepperEN.o)
 .debug_abbrev  0x00000b51      0x173 .\CortexM3\ARM_GCC_541\Debug\PSOC5_LamellaControlHofmann.a(Analog_Digital_Converter.o)
 .debug_abbrev  0x00000cc4       0x42 .\CortexM3\ARM_GCC_541\Debug\PSOC5_LamellaControlHofmann.a(Analog_Digital_Converter_INT.o)
 .debug_abbrev  0x00000d06      0x11d .\CortexM3\ARM_GCC_541\Debug\PSOC5_LamellaControlHofmann.a(Analog_Digital_Converter_theACLK.o)
 .debug_abbrev  0x00000e23      0x15f .\CortexM3\ARM_GCC_541\Debug\PSOC5_LamellaControlHofmann.a(UART_TFT.o)
 .debug_abbrev  0x00000f82       0xa2 .\CortexM3\ARM_GCC_541\Debug\PSOC5_LamellaControlHofmann.a(UART_TFT_INT.o)
 .debug_abbrev  0x00001024      0x11d .\CortexM3\ARM_GCC_541\Debug\PSOC5_LamellaControlHofmann.a(UART_TFT_IntClock.o)
 .debug_abbrev  0x00001141      0x172 .\CortexM3\ARM_GCC_541\Debug\PSOC5_LamellaControlHofmann.a(Interr_TFT.o)
 .debug_abbrev  0x000012b3       0xe9 .\CortexM3\ARM_GCC_541\Debug\PSOC5_LamellaControlHofmann.a(Timer1.o)
 .debug_abbrev  0x0000139c      0x172 .\CortexM3\ARM_GCC_541\Debug\PSOC5_LamellaControlHofmann.a(Timer1_Function.o)
 .debug_abbrev  0x0000150e       0xd0 .\CortexM3\ARM_GCC_541\Debug\PSOC5_LamellaControlHofmann.a(PGA_Photo.o)
 .debug_abbrev  0x000015de       0x90 .\CortexM3\ARM_GCC_541\Debug\PSOC5_LamellaControlHofmann.a(Pin_StepperSLEEP.o)
 .debug_abbrev  0x0000166e       0x90 .\CortexM3\ARM_GCC_541\Debug\PSOC5_LamellaControlHofmann.a(Pin_StepperRES.o)
 .debug_abbrev  0x000016fe       0x90 .\CortexM3\ARM_GCC_541\Debug\PSOC5_LamellaControlHofmann.a(Pin_StepperMS3.o)
 .debug_abbrev  0x0000178e       0x90 .\CortexM3\ARM_GCC_541\Debug\PSOC5_LamellaControlHofmann.a(Pin_StepperMS2.o)
 .debug_abbrev  0x0000181e       0x90 .\CortexM3\ARM_GCC_541\Debug\PSOC5_LamellaControlHofmann.a(Pin_StepperMS1.o)
 .debug_abbrev  0x000018ae       0xe0 .\CortexM3\ARM_GCC_541\Debug\PSOC5_LamellaControlHofmann.a(TIA_1.o)
 .debug_abbrev  0x0000198e       0x90 .\CortexM3\ARM_GCC_541\Debug\PSOC5_LamellaControlHofmann.a(Pin_LaserEN1.o)
 .debug_abbrev  0x00001a1e       0x90 .\CortexM3\ARM_GCC_541\Debug\PSOC5_LamellaControlHofmann.a(Pin_LaserEN2.o)
 .debug_abbrev  0x00001aae      0x163 .\CortexM3\ARM_GCC_541\Debug\PSOC5_LamellaControlHofmann.a(UART_PC.o)
 .debug_abbrev  0x00001c11      0x11d .\CortexM3\ARM_GCC_541\Debug\PSOC5_LamellaControlHofmann.a(UART_PC_IntClock.o)
 .debug_abbrev  0x00001d2e      0x172 .\CortexM3\ARM_GCC_541\Debug\PSOC5_LamellaControlHofmann.a(Interr_PC.o)
 .debug_abbrev  0x00001ea0       0x90 .\CortexM3\ARM_GCC_541\Debug\PSOC5_LamellaControlHofmann.a(Pin_Relais2.o)
 .debug_abbrev  0x00001f30       0x90 .\CortexM3\ARM_GCC_541\Debug\PSOC5_LamellaControlHofmann.a(Pin_Relais1.o)
 .debug_abbrev  0x00001fc0       0x90 .\CortexM3\ARM_GCC_541\Debug\PSOC5_LamellaControlHofmann.a(Pin_IRLaserEN.o)
 .debug_abbrev  0x00002050       0x14 .\CortexM3\ARM_GCC_541\Debug\PSOC5_LamellaControlHofmann.a(CyBootAsmGnu.o)
 .debug_abbrev  0x00002064      0x14b .\CortexM3\ARM_GCC_541\Debug\PSOC5_LamellaControlHofmann.a(CyFlash.o)
 .debug_abbrev  0x000021af      0x16c .\CortexM3\ARM_GCC_541\Debug\PSOC5_LamellaControlHofmann.a(CySpc.o)

.debug_line     0x00000000     0x3b14
 *(.debug_line)
 .debug_line    0x00000000      0x6d6 .\CortexM3\ARM_GCC_541\Debug\main.o
 .debug_line    0x000006d6      0x229 .\CortexM3\ARM_GCC_541\Debug\cyfitter_cfg.o
 .debug_line    0x000008ff      0x127 .\CortexM3\ARM_GCC_541\Debug\cymetadata.o
 .debug_line    0x00000a26      0x1cf .\CortexM3\ARM_GCC_541\Debug\Cm3Start.o
 .debug_line    0x00000bf5      0x883 .\CortexM3\ARM_GCC_541\Debug\PSOC5_LamellaControlHofmann.a(CyLib.o)
 .debug_line    0x00001478      0x38e .\CortexM3\ARM_GCC_541\Debug\PSOC5_LamellaControlHofmann.a(cyPm.o)
 .debug_line    0x00001806       0x97 .\CortexM3\ARM_GCC_541\Debug\PSOC5_LamellaControlHofmann.a(Pin_LED.o)
 .debug_line    0x0000189d       0x9e .\CortexM3\ARM_GCC_541\Debug\PSOC5_LamellaControlHofmann.a(Pin_StepperCLK.o)
 .debug_line    0x0000193b       0x9e .\CortexM3\ARM_GCC_541\Debug\PSOC5_LamellaControlHofmann.a(Pin_StepperDIR.o)
 .debug_line    0x000019d9       0x9d .\CortexM3\ARM_GCC_541\Debug\PSOC5_LamellaControlHofmann.a(Pin_StepperEN.o)
 .debug_line    0x00001a76      0x21a .\CortexM3\ARM_GCC_541\Debug\PSOC5_LamellaControlHofmann.a(Analog_Digital_Converter.o)
 .debug_line    0x00001c90       0x68 .\CortexM3\ARM_GCC_541\Debug\PSOC5_LamellaControlHofmann.a(Analog_Digital_Converter_INT.o)
 .debug_line    0x00001cf8      0x1e3 .\CortexM3\ARM_GCC_541\Debug\PSOC5_LamellaControlHofmann.a(Analog_Digital_Converter_theACLK.o)
 .debug_line    0x00001edb      0x34b .\CortexM3\ARM_GCC_541\Debug\PSOC5_LamellaControlHofmann.a(UART_TFT.o)
 .debug_line    0x00002226       0xb5 .\CortexM3\ARM_GCC_541\Debug\PSOC5_LamellaControlHofmann.a(UART_TFT_INT.o)
 .debug_line    0x000022db      0x1b0 .\CortexM3\ARM_GCC_541\Debug\PSOC5_LamellaControlHofmann.a(UART_TFT_IntClock.o)
 .debug_line    0x0000248b      0x155 .\CortexM3\ARM_GCC_541\Debug\PSOC5_LamellaControlHofmann.a(Interr_TFT.o)
 .debug_line    0x000025e0      0x15e .\CortexM3\ARM_GCC_541\Debug\PSOC5_LamellaControlHofmann.a(Timer1.o)
 .debug_line    0x0000273e      0x15a .\CortexM3\ARM_GCC_541\Debug\PSOC5_LamellaControlHofmann.a(Timer1_Function.o)
 .debug_line    0x00002898       0xd9 .\CortexM3\ARM_GCC_541\Debug\PSOC5_LamellaControlHofmann.a(PGA_Photo.o)
 .debug_line    0x00002971       0xa0 .\CortexM3\ARM_GCC_541\Debug\PSOC5_LamellaControlHofmann.a(Pin_StepperSLEEP.o)
 .debug_line    0x00002a11       0x9e .\CortexM3\ARM_GCC_541\Debug\PSOC5_LamellaControlHofmann.a(Pin_StepperRES.o)
 .debug_line    0x00002aaf       0x9e .\CortexM3\ARM_GCC_541\Debug\PSOC5_LamellaControlHofmann.a(Pin_StepperMS3.o)
 .debug_line    0x00002b4d       0x9e .\CortexM3\ARM_GCC_541\Debug\PSOC5_LamellaControlHofmann.a(Pin_StepperMS2.o)
 .debug_line    0x00002beb       0x9e .\CortexM3\ARM_GCC_541\Debug\PSOC5_LamellaControlHofmann.a(Pin_StepperMS1.o)
 .debug_line    0x00002c89       0xe2 .\CortexM3\ARM_GCC_541\Debug\PSOC5_LamellaControlHofmann.a(TIA_1.o)
 .debug_line    0x00002d6b       0x9c .\CortexM3\ARM_GCC_541\Debug\PSOC5_LamellaControlHofmann.a(Pin_LaserEN1.o)
 .debug_line    0x00002e07       0x9c .\CortexM3\ARM_GCC_541\Debug\PSOC5_LamellaControlHofmann.a(Pin_LaserEN2.o)
 .debug_line    0x00002ea3      0x2e5 .\CortexM3\ARM_GCC_541\Debug\PSOC5_LamellaControlHofmann.a(UART_PC.o)
 .debug_line    0x00003188      0x1af .\CortexM3\ARM_GCC_541\Debug\PSOC5_LamellaControlHofmann.a(UART_PC_IntClock.o)
 .debug_line    0x00003337      0x144 .\CortexM3\ARM_GCC_541\Debug\PSOC5_LamellaControlHofmann.a(Interr_PC.o)
 .debug_line    0x0000347b       0x9b .\CortexM3\ARM_GCC_541\Debug\PSOC5_LamellaControlHofmann.a(Pin_Relais2.o)
 .debug_line    0x00003516       0x9b .\CortexM3\ARM_GCC_541\Debug\PSOC5_LamellaControlHofmann.a(Pin_Relais1.o)
 .debug_line    0x000035b1       0x9d .\CortexM3\ARM_GCC_541\Debug\PSOC5_LamellaControlHofmann.a(Pin_IRLaserEN.o)
 .debug_line    0x0000364e       0x66 .\CortexM3\ARM_GCC_541\Debug\PSOC5_LamellaControlHofmann.a(CyBootAsmGnu.o)
 .debug_line    0x000036b4      0x22f .\CortexM3\ARM_GCC_541\Debug\PSOC5_LamellaControlHofmann.a(CyFlash.o)
 .debug_line    0x000038e3      0x231 .\CortexM3\ARM_GCC_541\Debug\PSOC5_LamellaControlHofmann.a(CySpc.o)

.debug_frame    0x00000000     0x4780
 *(.debug_frame)
 .debug_frame   0x00000000      0x64c .\CortexM3\ARM_GCC_541\Debug\main.o
 .debug_frame   0x0000064c      0x16c .\CortexM3\ARM_GCC_541\Debug\cyfitter_cfg.o
 .debug_frame   0x000007b8       0xd8 .\CortexM3\ARM_GCC_541\Debug\Cm3Start.o
 .debug_frame   0x00000890      0xc0c .\CortexM3\ARM_GCC_541\Debug\PSOC5_LamellaControlHofmann.a(CyLib.o)
 .debug_frame   0x0000149c      0x234 .\CortexM3\ARM_GCC_541\Debug\PSOC5_LamellaControlHofmann.a(cyPm.o)
 .debug_frame   0x000016d0       0xa8 .\CortexM3\ARM_GCC_541\Debug\PSOC5_LamellaControlHofmann.a(Pin_LED.o)
 .debug_frame   0x00001778       0xa8 .\CortexM3\ARM_GCC_541\Debug\PSOC5_LamellaControlHofmann.a(Pin_StepperCLK.o)
 .debug_frame   0x00001820       0xa8 .\CortexM3\ARM_GCC_541\Debug\PSOC5_LamellaControlHofmann.a(Pin_StepperDIR.o)
 .debug_frame   0x000018c8       0xa8 .\CortexM3\ARM_GCC_541\Debug\PSOC5_LamellaControlHofmann.a(Pin_StepperEN.o)
 .debug_frame   0x00001970      0x2bc .\CortexM3\ARM_GCC_541\Debug\PSOC5_LamellaControlHofmann.a(Analog_Digital_Converter.o)
 .debug_frame   0x00001c2c       0x34 .\CortexM3\ARM_GCC_541\Debug\PSOC5_LamellaControlHofmann.a(Analog_Digital_Converter_INT.o)
 .debug_frame   0x00001c60      0x200 .\CortexM3\ARM_GCC_541\Debug\PSOC5_LamellaControlHofmann.a(Analog_Digital_Converter_theACLK.o)
 .debug_frame   0x00001e60      0x428 .\CortexM3\ARM_GCC_541\Debug\PSOC5_LamellaControlHofmann.a(UART_TFT.o)
 .debug_frame   0x00002288       0x5c .\CortexM3\ARM_GCC_541\Debug\PSOC5_LamellaControlHofmann.a(UART_TFT_INT.o)
 .debug_frame   0x000022e4      0x1b4 .\CortexM3\ARM_GCC_541\Debug\PSOC5_LamellaControlHofmann.a(UART_TFT_IntClock.o)
 .debug_frame   0x00002498      0x1e8 .\CortexM3\ARM_GCC_541\Debug\PSOC5_LamellaControlHofmann.a(Interr_TFT.o)
 .debug_frame   0x00002680      0x208 .\CortexM3\ARM_GCC_541\Debug\PSOC5_LamellaControlHofmann.a(Timer1.o)
 .debug_frame   0x00002888      0x1e8 .\CortexM3\ARM_GCC_541\Debug\PSOC5_LamellaControlHofmann.a(Timer1_Function.o)
 .debug_frame   0x00002a70       0xe0 .\CortexM3\ARM_GCC_541\Debug\PSOC5_LamellaControlHofmann.a(PGA_Photo.o)
 .debug_frame   0x00002b50       0xa8 .\CortexM3\ARM_GCC_541\Debug\PSOC5_LamellaControlHofmann.a(Pin_StepperSLEEP.o)
 .debug_frame   0x00002bf8       0xa8 .\CortexM3\ARM_GCC_541\Debug\PSOC5_LamellaControlHofmann.a(Pin_StepperRES.o)
 .debug_frame   0x00002ca0       0xa8 .\CortexM3\ARM_GCC_541\Debug\PSOC5_LamellaControlHofmann.a(Pin_StepperMS3.o)
 .debug_frame   0x00002d48       0xa8 .\CortexM3\ARM_GCC_541\Debug\PSOC5_LamellaControlHofmann.a(Pin_StepperMS2.o)
 .debug_frame   0x00002df0       0xa8 .\CortexM3\ARM_GCC_541\Debug\PSOC5_LamellaControlHofmann.a(Pin_StepperMS1.o)
 .debug_frame   0x00002e98      0x108 .\CortexM3\ARM_GCC_541\Debug\PSOC5_LamellaControlHofmann.a(TIA_1.o)
 .debug_frame   0x00002fa0       0xa8 .\CortexM3\ARM_GCC_541\Debug\PSOC5_LamellaControlHofmann.a(Pin_LaserEN1.o)
 .debug_frame   0x00003048       0xa8 .\CortexM3\ARM_GCC_541\Debug\PSOC5_LamellaControlHofmann.a(Pin_LaserEN2.o)
 .debug_frame   0x000030f0      0x42c .\CortexM3\ARM_GCC_541\Debug\PSOC5_LamellaControlHofmann.a(UART_PC.o)
 .debug_frame   0x0000351c      0x1b4 .\CortexM3\ARM_GCC_541\Debug\PSOC5_LamellaControlHofmann.a(UART_PC_IntClock.o)
 .debug_frame   0x000036d0      0x1e8 .\CortexM3\ARM_GCC_541\Debug\PSOC5_LamellaControlHofmann.a(Interr_PC.o)
 .debug_frame   0x000038b8       0xa8 .\CortexM3\ARM_GCC_541\Debug\PSOC5_LamellaControlHofmann.a(Pin_Relais2.o)
 .debug_frame   0x00003960       0xa8 .\CortexM3\ARM_GCC_541\Debug\PSOC5_LamellaControlHofmann.a(Pin_Relais1.o)
 .debug_frame   0x00003a08       0xa8 .\CortexM3\ARM_GCC_541\Debug\PSOC5_LamellaControlHofmann.a(Pin_IRLaserEN.o)
 .debug_frame   0x00003ab0      0x238 .\CortexM3\ARM_GCC_541\Debug\PSOC5_LamellaControlHofmann.a(CyFlash.o)
 .debug_frame   0x00003ce8      0x228 .\CortexM3\ARM_GCC_541\Debug\PSOC5_LamellaControlHofmann.a(CySpc.o)
 .debug_frame   0x00003f10       0x44 d:/programme/psoc/psoc creator/4.2/psoc creator/import/gnu/arm/5.4.1/bin/../lib/gcc/arm-none-eabi/5.4.1/../../../../arm-none-eabi/lib/armv7-m\libm.a(lib_a-w_exp.o)
 .debug_frame   0x00003f54       0x54 d:/programme/psoc/psoc creator/4.2/psoc creator/import/gnu/arm/5.4.1/bin/../lib/gcc/arm-none-eabi/5.4.1/../../../../arm-none-eabi/lib/armv7-m\libm.a(lib_a-e_exp.o)
 .debug_frame   0x00003fa8       0x20 d:/programme/psoc/psoc creator/4.2/psoc creator/import/gnu/arm/5.4.1/bin/../lib/gcc/arm-none-eabi/5.4.1/../../../../arm-none-eabi/lib/armv7-m\libm.a(lib_a-s_finite.o)
 .debug_frame   0x00003fc8       0x20 d:/programme/psoc/psoc creator/4.2/psoc creator/import/gnu/arm/5.4.1/bin/../lib/gcc/arm-none-eabi/5.4.1/../../../../arm-none-eabi/lib/armv7-m\libm.a(lib_a-s_matherr.o)
 .debug_frame   0x00003fe8       0x44 d:/programme/psoc/psoc creator/4.2/psoc creator/import/gnu/arm/5.4.1/bin/../lib/gcc/arm-none-eabi/5.4.1/armv7-m\libgcc.a(_aeabi_ldivmod.o)
 .debug_frame   0x0000402c       0x38 d:/programme/psoc/psoc creator/4.2/psoc creator/import/gnu/arm/5.4.1/bin/../lib/gcc/arm-none-eabi/5.4.1/armv7-m\libgcc.a(_udivmoddi4.o)
 .debug_frame   0x00004064       0x20 d:/programme/psoc/psoc creator/4.2/psoc creator/import/gnu/arm/5.4.1/bin/../lib/gcc/arm-none-eabi/5.4.1/../../../../arm-none-eabi/lib/armv7-m\libg_nano.a(lib_a-errno.o)
 .debug_frame   0x00004084       0x28 d:/programme/psoc/psoc creator/4.2/psoc creator/import/gnu/arm/5.4.1/bin/../lib/gcc/arm-none-eabi/5.4.1/../../../../arm-none-eabi/lib/armv7-m\libg_nano.a(lib_a-exit.o)
 .debug_frame   0x000040ac       0x2c d:/programme/psoc/psoc creator/4.2/psoc creator/import/gnu/arm/5.4.1/bin/../lib/gcc/arm-none-eabi/5.4.1/../../../../arm-none-eabi/lib/armv7-m\libg_nano.a(lib_a-init.o)
 .debug_frame   0x000040d8       0x38 d:/programme/psoc/psoc creator/4.2/psoc creator/import/gnu/arm/5.4.1/bin/../lib/gcc/arm-none-eabi/5.4.1/../../../../arm-none-eabi/lib/armv7-m\libg_nano.a(lib_a-itoa.o)
 .debug_frame   0x00004110       0x28 d:/programme/psoc/psoc creator/4.2/psoc creator/import/gnu/arm/5.4.1/bin/../lib/gcc/arm-none-eabi/5.4.1/../../../../arm-none-eabi/lib/armv7-m\libg_nano.a(lib_a-memcpy-stub.o)
 .debug_frame   0x00004138       0x20 d:/programme/psoc/psoc creator/4.2/psoc creator/import/gnu/arm/5.4.1/bin/../lib/gcc/arm-none-eabi/5.4.1/../../../../arm-none-eabi/lib/armv7-m\libg_nano.a(lib_a-memset.o)
 .debug_frame   0x00004158       0x8c d:/programme/psoc/psoc creator/4.2/psoc creator/import/gnu/arm/5.4.1/bin/../lib/gcc/arm-none-eabi/5.4.1/../../../../arm-none-eabi/lib/armv7-m\libg_nano.a(lib_a-nano-vfprintf_float.o)
 .debug_frame   0x000041e4       0x60 d:/programme/psoc/psoc creator/4.2/psoc creator/import/gnu/arm/5.4.1/bin/../lib/gcc/arm-none-eabi/5.4.1/../../../../arm-none-eabi/lib/armv7-m\libg_nano.a(lib_a-nano-vfprintf_i.o)
 .debug_frame   0x00004244       0x44 d:/programme/psoc/psoc creator/4.2/psoc creator/import/gnu/arm/5.4.1/bin/../lib/gcc/arm-none-eabi/5.4.1/../../../../arm-none-eabi/lib/armv7-m\libg_nano.a(lib_a-utoa.o)
 .debug_frame   0x00004288       0x6c d:/programme/psoc/psoc creator/4.2/psoc creator/import/gnu/arm/5.4.1/bin/../lib/gcc/arm-none-eabi/5.4.1/../../../../arm-none-eabi/lib/armv7-m\libg_nano.a(lib_a-dtoa.o)
 .debug_frame   0x000042f4       0x98 d:/programme/psoc/psoc creator/4.2/psoc creator/import/gnu/arm/5.4.1/bin/../lib/gcc/arm-none-eabi/5.4.1/../../../../arm-none-eabi/lib/armv7-m\libg_nano.a(lib_a-locale.o)
 .debug_frame   0x0000438c       0x30 d:/programme/psoc/psoc creator/4.2/psoc creator/import/gnu/arm/5.4.1/bin/../lib/gcc/arm-none-eabi/5.4.1/../../../../arm-none-eabi/lib/armv7-m\libg_nano.a(lib_a-malloc.o)
 .debug_frame   0x000043bc       0x28 d:/programme/psoc/psoc creator/4.2/psoc creator/import/gnu/arm/5.4.1/bin/../lib/gcc/arm-none-eabi/5.4.1/../../../../arm-none-eabi/lib/armv7-m\libg_nano.a(lib_a-memchr-stub.o)
 .debug_frame   0x000043e4      0x234 d:/programme/psoc/psoc creator/4.2/psoc creator/import/gnu/arm/5.4.1/bin/../lib/gcc/arm-none-eabi/5.4.1/../../../../arm-none-eabi/lib/armv7-m\libg_nano.a(lib_a-mprec.o)
 .debug_frame   0x00004618       0x2c d:/programme/psoc/psoc creator/4.2/psoc creator/import/gnu/arm/5.4.1/bin/../lib/gcc/arm-none-eabi/5.4.1/../../../../arm-none-eabi/lib/armv7-m\libg_nano.a(lib_a-nano-callocr.o)
 .debug_frame   0x00004644       0x38 d:/programme/psoc/psoc creator/4.2/psoc creator/import/gnu/arm/5.4.1/bin/../lib/gcc/arm-none-eabi/5.4.1/../../../../arm-none-eabi/lib/armv7-m\libg_nano.a(lib_a-nano-freer.o)
 .debug_frame   0x0000467c       0x2c d:/programme/psoc/psoc creator/4.2/psoc creator/import/gnu/arm/5.4.1/bin/../lib/gcc/arm-none-eabi/5.4.1/../../../../arm-none-eabi/lib/armv7-m\libg_nano.a(lib_a-nano-mallocr.o)
 .debug_frame   0x000046a8       0x2c d:/programme/psoc/psoc creator/4.2/psoc creator/import/gnu/arm/5.4.1/bin/../lib/gcc/arm-none-eabi/5.4.1/../../../../arm-none-eabi/lib/armv7-m\libg_nano.a(lib_a-sbrkr.o)
 .debug_frame   0x000046d4       0x20 d:/programme/psoc/psoc creator/4.2/psoc creator/import/gnu/arm/5.4.1/bin/../lib/gcc/arm-none-eabi/5.4.1/../../../../arm-none-eabi/lib/armv7-m\libg_nano.a(lib_a-strcmp.o)
 .debug_frame   0x000046f4       0x30 d:/programme/psoc/psoc creator/4.2/psoc creator/import/gnu/arm/5.4.1/bin/../lib/gcc/arm-none-eabi/5.4.1/../../../../arm-none-eabi/lib/armv7-m\libg_nano.a(lib_a-mlock.o)
 .debug_frame   0x00004724       0x5c d:/programme/psoc/psoc creator/4.2/psoc creator/import/gnu/arm/5.4.1/bin/../lib/gcc/arm-none-eabi/5.4.1/../../../../arm-none-eabi/lib/armv7-m\libg_nano.a(lib_a-reent.o)

.debug_str      0x00000000     0x34d4
 *(.debug_str)
 .debug_str     0x00000000      0x50d .\CortexM3\ARM_GCC_541\Debug\main.o
                                0x58f (size before relaxing)
 .debug_str     0x0000050d      0x1a2 .\CortexM3\ARM_GCC_541\Debug\cyfitter_cfg.o
                                0x355 (size before relaxing)
 .debug_str     0x000006af       0x7f .\CortexM3\ARM_GCC_541\Debug\cymetadata.o
                                0x201 (size before relaxing)
 .debug_str     0x0000072e      0x123 .\CortexM3\ARM_GCC_541\Debug\Cm3Start.o
                                0x2f4 (size before relaxing)
 .debug_str     0x00000851      0x806 .\CortexM3\ARM_GCC_541\Debug\PSOC5_LamellaControlHofmann.a(CyLib.o)
                                0xa07 (size before relaxing)
 .debug_str     0x00001057      0x371 .\CortexM3\ARM_GCC_541\Debug\PSOC5_LamellaControlHofmann.a(cyPm.o)
                                0x560 (size before relaxing)
 .debug_str     0x000013c8       0x70 .\CortexM3\ARM_GCC_541\Debug\PSOC5_LamellaControlHofmann.a(Pin_LED.o)
                                0x209 (size before relaxing)
 .debug_str     0x00001438       0x88 .\CortexM3\ARM_GCC_541\Debug\PSOC5_LamellaControlHofmann.a(Pin_StepperCLK.o)
                                0x22c (size before relaxing)
 .debug_str     0x000014c0       0x88 .\CortexM3\ARM_GCC_541\Debug\PSOC5_LamellaControlHofmann.a(Pin_StepperDIR.o)
                                0x22c (size before relaxing)
 .debug_str     0x00001548       0x83 .\CortexM3\ARM_GCC_541\Debug\PSOC5_LamellaControlHofmann.a(Pin_StepperEN.o)
                                0x227 (size before relaxing)
 .debug_str     0x000015cb      0x3c8 .\CortexM3\ARM_GCC_541\Debug\PSOC5_LamellaControlHofmann.a(Analog_Digital_Converter.o)
                                0x5c2 (size before relaxing)
 .debug_str     0x00001993       0x53 .\CortexM3\ARM_GCC_541\Debug\PSOC5_LamellaControlHofmann.a(Analog_Digital_Converter_INT.o)
                                0x1d6 (size before relaxing)
 .debug_str     0x000019e6      0x2fb .\CortexM3\ARM_GCC_541\Debug\PSOC5_LamellaControlHofmann.a(Analog_Digital_Converter_theACLK.o)
                                0x4a4 (size before relaxing)
 .debug_str     0x00001ce1      0x3e6 .\CortexM3\ARM_GCC_541\Debug\PSOC5_LamellaControlHofmann.a(UART_TFT.o)
                                0x5d9 (size before relaxing)
 .debug_str     0x000020c7       0x6a .\CortexM3\ARM_GCC_541\Debug\PSOC5_LamellaControlHofmann.a(UART_TFT_INT.o)
                                0x2d6 (size before relaxing)
 .debug_str     0x00002131      0x18f .\CortexM3\ARM_GCC_541\Debug\PSOC5_LamellaControlHofmann.a(UART_TFT_IntClock.o)
                                0x383 (size before relaxing)
 .debug_str     0x000022c0      0x12c .\CortexM3\ARM_GCC_541\Debug\PSOC5_LamellaControlHofmann.a(Interr_TFT.o)
                                0x309 (size before relaxing)
 .debug_str     0x000023ec      0x16a .\CortexM3\ARM_GCC_541\Debug\PSOC5_LamellaControlHofmann.a(Timer1.o)
                                0x322 (size before relaxing)
 .debug_str     0x00002556      0x172 .\CortexM3\ARM_GCC_541\Debug\PSOC5_LamellaControlHofmann.a(Timer1_Function.o)
                                0x34f (size before relaxing)
 .debug_str     0x000026c8       0xcb .\CortexM3\ARM_GCC_541\Debug\PSOC5_LamellaControlHofmann.a(PGA_Photo.o)
                                0x274 (size before relaxing)
 .debug_str     0x00002793       0x92 .\CortexM3\ARM_GCC_541\Debug\PSOC5_LamellaControlHofmann.a(Pin_StepperSLEEP.o)
                                0x236 (size before relaxing)
 .debug_str     0x00002825       0x88 .\CortexM3\ARM_GCC_541\Debug\PSOC5_LamellaControlHofmann.a(Pin_StepperRES.o)
                                0x22c (size before relaxing)
 .debug_str     0x000028ad       0x88 .\CortexM3\ARM_GCC_541\Debug\PSOC5_LamellaControlHofmann.a(Pin_StepperMS3.o)
                                0x22c (size before relaxing)
 .debug_str     0x00002935       0x88 .\CortexM3\ARM_GCC_541\Debug\PSOC5_LamellaControlHofmann.a(Pin_StepperMS2.o)
                                0x22c (size before relaxing)
 .debug_str     0x000029bd       0x88 .\CortexM3\ARM_GCC_541\Debug\PSOC5_LamellaControlHofmann.a(Pin_StepperMS1.o)
                                0x22c (size before relaxing)
 .debug_str     0x00002a45       0xa3 .\CortexM3\ARM_GCC_541\Debug\PSOC5_LamellaControlHofmann.a(TIA_1.o)
                                0x252 (size before relaxing)
 .debug_str     0x00002ae8       0x7e .\CortexM3\ARM_GCC_541\Debug\PSOC5_LamellaControlHofmann.a(Pin_LaserEN1.o)
                                0x222 (size before relaxing)
 .debug_str     0x00002b66       0x7e .\CortexM3\ARM_GCC_541\Debug\PSOC5_LamellaControlHofmann.a(Pin_LaserEN2.o)
                                0x222 (size before relaxing)
 .debug_str     0x00002be4      0x257 .\CortexM3\ARM_GCC_541\Debug\PSOC5_LamellaControlHofmann.a(UART_PC.o)
                                0x495 (size before relaxing)
 .debug_str     0x00002e3b      0x183 .\CortexM3\ARM_GCC_541\Debug\PSOC5_LamellaControlHofmann.a(UART_PC_IntClock.o)
                                0x377 (size before relaxing)
 .debug_str     0x00002fbe      0x11e .\CortexM3\ARM_GCC_541\Debug\PSOC5_LamellaControlHofmann.a(Interr_PC.o)
                                0x2fb (size before relaxing)
 .debug_str     0x000030dc       0x79 .\CortexM3\ARM_GCC_541\Debug\PSOC5_LamellaControlHofmann.a(Pin_Relais2.o)
                                0x21d (size before relaxing)
 .debug_str     0x00003155       0x79 .\CortexM3\ARM_GCC_541\Debug\PSOC5_LamellaControlHofmann.a(Pin_Relais1.o)
                                0x21d (size before relaxing)
 .debug_str     0x000031ce       0x83 .\CortexM3\ARM_GCC_541\Debug\PSOC5_LamellaControlHofmann.a(Pin_IRLaserEN.o)
                                0x227 (size before relaxing)
 .debug_str     0x00003251      0x156 .\CortexM3\ARM_GCC_541\Debug\PSOC5_LamellaControlHofmann.a(CyFlash.o)
                                0x324 (size before relaxing)
 .debug_str     0x000033a7      0x12d .\CortexM3\ARM_GCC_541\Debug\PSOC5_LamellaControlHofmann.a(CySpc.o)
                                0x31e (size before relaxing)

.debug_loc
 *(.debug_loc)

.debug_macinfo
 *(.debug_macinfo)

.debug_ranges   0x00000000      0xe28
 *(.debug_ranges)
 .debug_ranges  0x00000000      0x180 .\CortexM3\ARM_GCC_541\Debug\main.o
 .debug_ranges  0x00000180       0x50 .\CortexM3\ARM_GCC_541\Debug\cyfitter_cfg.o
 .debug_ranges  0x000001d0       0x38 .\CortexM3\ARM_GCC_541\Debug\Cm3Start.o
 .debug_ranges  0x00000208      0x290 .\CortexM3\ARM_GCC_541\Debug\PSOC5_LamellaControlHofmann.a(CyLib.o)
 .debug_ranges  0x00000498       0x88 .\CortexM3\ARM_GCC_541\Debug\PSOC5_LamellaControlHofmann.a(cyPm.o)