Archive member included to satisfy reference by file (symbol)

.\CortexM3\ARM_GCC_541\Debug\LamellaDevice.a(CyLib.o)
                              .\CortexM3\ARM_GCC_541\Debug\Cm3Start.o (CyResetStatus)
.\CortexM3\ARM_GCC_541\Debug\LamellaDevice.a(cyPm.o)
                              .\CortexM3\ARM_GCC_541\Debug\LamellaDevice.a(CyLib.o) (CyPmReadStatus)
.\CortexM3\ARM_GCC_541\Debug\LamellaDevice.a(Pin_LED.o)
                              .\CortexM3\ARM_GCC_541\Debug\main.o (Pin_LED_Write)
.\CortexM3\ARM_GCC_541\Debug\LamellaDevice.a(Pin_StepperCLK.o)
                              .\CortexM3\ARM_GCC_541\Debug\main.o (Pin_StepperCLK_Write)
.\CortexM3\ARM_GCC_541\Debug\LamellaDevice.a(Pin_StepperDIR.o)
                              .\CortexM3\ARM_GCC_541\Debug\main.o (Pin_StepperDIR_Write)
.\CortexM3\ARM_GCC_541\Debug\LamellaDevice.a(Pin_StepperEN.o)
                              .\CortexM3\ARM_GCC_541\Debug\main.o (Pin_StepperEN_Write)
.\CortexM3\ARM_GCC_541\Debug\LamellaDevice.a(Analog_Digital_Converter.o)
                              .\CortexM3\ARM_GCC_541\Debug\main.o (Analog_Digital_Converter_Start)
.\CortexM3\ARM_GCC_541\Debug\LamellaDevice.a(Analog_Digital_Converter_INT.o)
                              .\CortexM3\ARM_GCC_541\Debug\LamellaDevice.a(Analog_Digital_Converter.o) (Analog_Digital_Converter_ISR)
.\CortexM3\ARM_GCC_541\Debug\LamellaDevice.a(Analog_Digital_Converter_theACLK.o)
                              .\CortexM3\ARM_GCC_541\Debug\LamellaDevice.a(Analog_Digital_Converter.o) (Analog_Digital_Converter_theACLK_SetModeRegister)
.\CortexM3\ARM_GCC_541\Debug\LamellaDevice.a(UART_TFT.o)
                              .\CortexM3\ARM_GCC_541\Debug\main.o (UART_TFT_Start)
.\CortexM3\ARM_GCC_541\Debug\LamellaDevice.a(UART_TFT_INT.o)
                              .\CortexM3\ARM_GCC_541\Debug\LamellaDevice.a(UART_TFT.o) (UART_TFT_RXISR)
.\CortexM3\ARM_GCC_541\Debug\LamellaDevice.a(UART_TFT_IntClock.o)
                              .\CortexM3\ARM_GCC_541\Debug\LamellaDevice.a(UART_TFT.o) (UART_TFT_IntClock_Start)
.\CortexM3\ARM_GCC_541\Debug\LamellaDevice.a(Interr_TFT.o)
                              .\CortexM3\ARM_GCC_541\Debug\main.o (Interr_TFT_StartEx)
.\CortexM3\ARM_GCC_541\Debug\LamellaDevice.a(Timer1.o)
                              .\CortexM3\ARM_GCC_541\Debug\main.o (Timer1_Start)
.\CortexM3\ARM_GCC_541\Debug\LamellaDevice.a(Timer1_Function.o)
                              .\CortexM3\ARM_GCC_541\Debug\main.o (Timer1_Function_StartEx)
.\CortexM3\ARM_GCC_541\Debug\LamellaDevice.a(PGA_Photo.o)
                              .\CortexM3\ARM_GCC_541\Debug\main.o (PGA_Photo_Start)
.\CortexM3\ARM_GCC_541\Debug\LamellaDevice.a(Pin_StepperSLEEP.o)
                              .\CortexM3\ARM_GCC_541\Debug\main.o (Pin_StepperSLEEP_Write)
.\CortexM3\ARM_GCC_541\Debug\LamellaDevice.a(Pin_StepperRES.o)
                              .\CortexM3\ARM_GCC_541\Debug\main.o (Pin_StepperRES_Write)
.\CortexM3\ARM_GCC_541\Debug\LamellaDevice.a(Pin_StepperMS3.o)
                              .\CortexM3\ARM_GCC_541\Debug\main.o (Pin_StepperMS3_Write)
.\CortexM3\ARM_GCC_541\Debug\LamellaDevice.a(Pin_StepperMS2.o)
                              .\CortexM3\ARM_GCC_541\Debug\main.o (Pin_StepperMS2_Write)
.\CortexM3\ARM_GCC_541\Debug\LamellaDevice.a(Pin_StepperMS1.o)
                              .\CortexM3\ARM_GCC_541\Debug\main.o (Pin_StepperMS1_Write)
.\CortexM3\ARM_GCC_541\Debug\LamellaDevice.a(TIA_1.o)
                              .\CortexM3\ARM_GCC_541\Debug\main.o (TIA_1_Start)
.\CortexM3\ARM_GCC_541\Debug\LamellaDevice.a(Pin_LaserEN1.o)
                              .\CortexM3\ARM_GCC_541\Debug\main.o (Pin_LaserEN1_Write)
.\CortexM3\ARM_GCC_541\Debug\LamellaDevice.a(Pin_LaserEN2.o)
                              .\CortexM3\ARM_GCC_541\Debug\main.o (Pin_LaserEN2_Write)
.\CortexM3\ARM_GCC_541\Debug\LamellaDevice.a(UART_PC.o)
                              .\CortexM3\ARM_GCC_541\Debug\main.o (UART_PC_Start)
.\CortexM3\ARM_GCC_541\Debug\LamellaDevice.a(UART_PC_IntClock.o)
                              .\CortexM3\ARM_GCC_541\Debug\LamellaDevice.a(UART_PC.o) (UART_PC_IntClock_Start)
.\CortexM3\ARM_GCC_541\Debug\LamellaDevice.a(Pin_IRLaserEN.o)
                              .\CortexM3\ARM_GCC_541\Debug\main.o (Pin_IRLaserEN_Write)
.\CortexM3\ARM_GCC_541\Debug\LamellaDevice.a(CyBootAsmGnu.o)
                              .\CortexM3\ARM_GCC_541\Debug\cyfitter_cfg.o (CyDelayCycles)
.\CortexM3\ARM_GCC_541\Debug\LamellaDevice.a(CyFlash.o)
                              .\CortexM3\ARM_GCC_541\Debug\LamellaDevice.a(cyPm.o) (CyFlash_SetWaitCycles)
.\CortexM3\ARM_GCC_541\Debug\LamellaDevice.a(CySpc.o)
                              .\CortexM3\ARM_GCC_541\Debug\LamellaDevice.a(CyFlash.o) (CySpcStart)
.\emFile_V322c\LinkLibrary\PSoC5\GCC\libemf32noslfn.a(FS_Misc.o)
                              .\CortexM3\ARM_GCC_541\Debug\main.o (FS_Init)
.\emFile_V322c\LinkLibrary\PSoC5\GCC\libemf32noslfn.a(FS_Storage.o)
[...]
Memory Configuration

Name             Origin             Length             Attributes
rom              0x00000000         0x00040000         xr
ram              0x1fff8000         0x00010000         xrw
*default*        0x00000000         0xffffffff

Linker script and memory map

LOAD d:/programme/psoc/psoc creator/4.2/psoc creator/import/gnu/arm/5.4.1/bin/../lib/gcc/arm-none-eabi/5.4.1/armv7-m/crti.o
LOAD d:/programme/psoc/psoc creator/4.2/psoc creator/import/gnu/arm/5.4.1/bin/../lib/gcc/arm-none-eabi/5.4.1/armv7-m/crtbegin.o
LOAD d:/programme/psoc/psoc creator/4.2/psoc creator/import/gnu/arm/5.4.1/bin/../lib/gcc/arm-none-eabi/5.4.1/../../../../arm-none-eabi/lib/armv7-m/crt0.o
START GROUP
LOAD .\CortexM3\ARM_GCC_541\Debug\main.o
LOAD .\CortexM3\ARM_GCC_541\Debug\cyfitter_cfg.o
LOAD .\CortexM3\ARM_GCC_541\Debug\cymetadata.o
LOAD .\CortexM3\ARM_GCC_541\Debug\Cm3Start.o
LOAD .\CortexM3\ARM_GCC_541\Debug\LamellaDevice.a
LOAD D:\Programme\PSoC\PSoC Creator\4.2\PSoC Creator\psoc\content\cycomponentlibrary\CyComponentLibrary.cylib\CortexM3\ARM_GCC_541\Debug\CyComponentLibrary.a
LOAD .\emFile_V322c\LinkLibrary\PSoC5\GCC\libemf32noslfn.a
LOAD d:/programme/psoc/psoc creator/4.2/psoc creator/import/gnu/arm/5.4.1/bin/../lib/gcc/arm-none-eabi/5.4.1/../../../../arm-none-eabi/lib/armv7-m\libm.a
END GROUP
START GROUP
LOAD d:/programme/psoc/psoc creator/4.2/psoc creator/import/gnu/arm/5.4.1/bin/../lib/gcc/arm-none-eabi/5.4.1/armv7-m\libgcc.a
LOAD d:/programme/psoc/psoc creator/4.2/psoc creator/import/gnu/arm/5.4.1/bin/../lib/gcc/arm-none-eabi/5.4.1/../../../../arm-none-eabi/lib/armv7-m\libg_nano.a
LOAD d:/programme/psoc/psoc creator/4.2/psoc creator/import/gnu/arm/5.4.1/bin/../lib/gcc/arm-none-eabi/5.4.1/../../../../arm-none-eabi/lib/armv7-m\libc_nano.a
END GROUP
START GROUP
LOAD d:/programme/psoc/psoc creator/4.2/psoc creator/import/gnu/arm/5.4.1/bin/../lib/gcc/arm-none-eabi/5.4.1/armv7-m\libgcc.a
LOAD d:/programme/psoc/psoc creator/4.2/psoc creator/import/gnu/arm/5.4.1/bin/../lib/gcc/arm-none-eabi/5.4.1/../../../../arm-none-eabi/lib/armv7-m\libc_nano.a
END GROUP
LOAD d:/programme/psoc/psoc creator/4.2/psoc creator/import/gnu/arm/5.4.1/bin/../lib/gcc/arm-none-eabi/5.4.1/armv7-m/crtend.o
LOAD d:/programme/psoc/psoc creator/4.2/psoc creator/import/gnu/arm/5.4.1/bin/../lib/gcc/arm-none-eabi/5.4.1/armv7-m/crtn.o
START GROUP
LOAD d:/programme/psoc/psoc creator/4.2/psoc creator/import/gnu/arm/5.4.1/bin/../lib/gcc/arm-none-eabi/5.4.1/armv7-m\libgcc.a
LOAD d:/programme/psoc/psoc creator/4.2/psoc creator/import/gnu/arm/5.4.1/bin/../lib/gcc/arm-none-eabi/5.4.1/../../../../arm-none-eabi/lib/armv7-m\libc.a
LOAD d:/programme/psoc/psoc creator/4.2/psoc creator/import/gnu/arm/5.4.1/bin/../lib/gcc/arm-none-eabi/5.4.1/../../../../arm-none-eabi/lib/armv7-m\libnosys.a
END GROUP
                0x00000000                CY_APPL_ORIGIN = 0x0
                0x00000100                CY_FLASH_ROW_SIZE = 0x100
                0x00000020                CY_ECC_ROW_SIZE = 0x20
                0x00000000                CY_EE_IN_BTLDR = 0x0
                0x00000000                CY_APPL_LOADABLE = 0x0
                0x00000800                CY_EE_SIZE = 0x800
                0x00000001                CY_APPL_NUM = 0x1
                0x00000001                CY_APPL_MAX = 0x1
                0x00000040                CY_METADATA_SIZE = 0x40
                0x00000000                CY_APPL_LOADABLE = 0x0
                0x00000000                CY_CHECKSUM_EXCLUDE_SIZE = ALIGN (0x0, CY_FLASH_ROW_SIZE)
                [!provide]                PROVIDE (__cy_heap_start, _end)
                0x00000001                PROVIDE (__cy_region_num, ((__cy_regions_end - __cy_regions) / 0x10))
                0x20008000                PROVIDE (__cy_stack, (ORIGIN (ram) + LENGTH (ram)))
                [!provide]                PROVIDE (__cy_heap_end, (__cy_stack - 0x800))

.cybootloader   0x00000000        0x0
 *(.cybootloader)
                0x00000000                appl1_start = CY_APPL_ORIGIN?CY_APPL_ORIGIN:ALIGN (CY_FLASH_ROW_SIZE)
                0x0001ff00                appl2_start = (appl1_start + ALIGN ((((LENGTH (rom) - appl1_start) - (0x2 * CY_FLASH_ROW_SIZE)) / 0x2), CY_FLASH_ROW_SIZE))
                0x00000000                appl_start = (CY_APPL_NUM == 0x1)?appl1_start:appl2_start
                0x00000000                ecc_offset = ((appl_start / CY_FLASH_ROW_SIZE) * CY_ECC_ROW_SIZE)
                0x00000000                ee_offset = (CY_APPL_LOADABLE && ! (CY_EE_IN_BTLDR))?((CY_EE_SIZE / CY_APPL_MAX) * (CY_APPL_NUM - 0x1)):0x0
                0x00000800                ee_size = (CY_APPL_LOADABLE && ! (CY_EE_IN_BTLDR))?(CY_EE_SIZE / CY_APPL_MAX):CY_EE_SIZE
                [!provide]                PROVIDE (CY_ECC_OFFSET, ecc_offset)

.text           0x00000000     0x9844
 CREATE_OBJECT_SYMBOLS
                0x00000000                PROVIDE (__cy_interrupt_vector, RomVectors)
 *(.romvectors)
 .romvectors    0x00000000       0x10 .\CortexM3\ARM_GCC_541\Debug\Cm3Start.o
                0x00000000                RomVectors
                0x00000001                ASSERT ((. != __cy_interrupt_vector), No interrupt vector)
                0x00000001                ASSERT (CY_APPL_ORIGIN?(SIZEOF (.cybootloader) <= CY_APPL_ORIGIN):0x1, Wrong image location)
                0x00000010                PROVIDE (__cy_reset, Reset)
 *(.text.Reset)
 .text.Reset    0x00000010       0x18 .\CortexM3\ARM_GCC_541\Debug\Cm3Start.o
                0x00000010                Reset
                0x00000001                ASSERT ((. != __cy_reset), No reset code)
 *(.dma_init)
                0x00000001                ASSERT ((((appl_start + .) <= 0x10000) || 0x1), DMA Init must be within the first 64k of flash)
 *(.text .text.* .gnu.linkonce.t.*)
 .text          0x00000028       0x5c d:/programme/psoc/psoc creator/4.2/psoc creator/import/gnu/arm/5.4.1/bin/../lib/gcc/arm-none-eabi/5.4.1/armv7-m/crtbegin.o
 .text.Nextion_SendEndOfCommunication
                0x00000084       0x20 .\CortexM3\ARM_GCC_541\Debug\main.o
                0x00000084                Nextion_SendEndOfCommunication
 .text.Nextion_SendString
                0x000000a4       0x1c .\CortexM3\ARM_GCC_541\Debug\main.o
                0x000000a4                Nextion_SendString
 .text.Nextion_SendValueToValueBox
                0x000000c0       0x40 .\CortexM3\ARM_GCC_541\Debug\main.o
                0x000000c0                Nextion_SendValueToValueBox
 .text.Nextion_SendTextToTextBox
                0x00000100       0x38 .\CortexM3\ARM_GCC_541\Debug\main.o
                0x00000100                Nextion_SendTextToTextBox
 .text.Nextion_GetSliderValue
                0x00000138       0x28 .\CortexM3\ARM_GCC_541\Debug\main.o
                0x00000138                Nextion_GetSliderValue
 .text.Nextion_SendBackgroundColorToButton
                0x00000160       0x40 .\CortexM3\ARM_GCC_541\Debug\main.o
                0x00000160                Nextion_SendBackgroundColorToButton
 .text.Init_Nextion
                0x000001a0       0x20 .\CortexM3\ARM_GCC_541\Debug\main.o
                0x000001a0                Init_Nextion
 .text.setError
                0x000001c0       0x1c .\CortexM3\ARM_GCC_541\Debug\main.o
                0x000001c0                setError
 .text.Error    0x000001dc       0x54 .\CortexM3\ARM_GCC_541\Debug\main.o
                0x000001dc                Error
 .text.LogLifetime
                0x00000230       0xdc .\CortexM3\ARM_GCC_541\Debug\main.o
                0x00000230                LogLifetime
 .text.WriteSpeedTest
                0x0000030c      0x110 .\CortexM3\ARM_GCC_541\Debug\main.o
                0x0000030c                WriteSpeedTest
 .text.LogIntensity
                0x0000041c       0xfc .\CortexM3\ARM_GCC_541\Debug\main.o
                0x0000041c                LogIntensity
 .text.Init_SDCard
                0x00000518        0xc .\CortexM3\ARM_GCC_541\Debug\main.o
                0x00000518                Init_SDCard
 .text.GetADCValue
                0x00000524       0x1c .\CortexM3\ARM_GCC_541\Debug\main.o
                0x00000524                GetADCValue
 .text.Init_ADC
                0x00000540       0x18 .\CortexM3\ARM_GCC_541\Debug\main.o
                0x00000540                Init_ADC
 .text.Init_MeasurementLasers
                0x00000558       0x64 .\CortexM3\ARM_GCC_541\Debug\main.o
                0x00000558                Init_MeasurementLasers
 .text.ToggleLaser
                0x000005bc       0xc8 .\CortexM3\ARM_GCC_541\Debug\main.o
                0x000005bc                ToggleLaser
 .text.Laserselect
                0x00000684       0x50 .\CortexM3\ARM_GCC_541\Debug\main.o
                0x00000684                Laserselect
 .text.Nextion_Interrupt_Function
                0x000006d4       0x8c .\CortexM3\ARM_GCC_541\Debug\main.o
                0x000006d4                Nextion_Interrupt_Function
 .text.Timer_Interrupt_Function
                0x00000760       0xe0 .\CortexM3\ARM_GCC_541\Debug\main.o
                0x00000760                Timer_Interrupt_Function
 .text.Init_LED
                0x00000840       0x1c .\CortexM3\ARM_GCC_541\Debug\main.o
                0x00000840                Init_LED
 .text.Init     0x0000085c       0x44 .\CortexM3\ARM_GCC_541\Debug\main.o
                0x0000085c                Init
 .text.Laser1   0x000008a0       0x28 .\CortexM3\ARM_GCC_541\Debug\main.o
                0x000008a0                Laser1
 .text.Laser1_Toggle
                0x000008c8       0x30 .\CortexM3\ARM_GCC_541\Debug\main.o
                0x000008c8                Laser1_Toggle
 .text.Laser2   0x000008f8       0x28 .\CortexM3\ARM_GCC_541\Debug\main.o
                0x000008f8                Laser2
 .text.Laser2_Toggle
                0x00000920       0x30 .\CortexM3\ARM_GCC_541\Debug\main.o
                0x00000920                Laser2_Toggle
 .text.Laser3   0x00000950       0x28 .\CortexM3\ARM_GCC_541\Debug\main.o
                0x00000950                Laser3
 .text.Laser3_Toggle
                0x00000978       0x30 .\CortexM3\ARM_GCC_541\Debug\main.o
                0x00000978                Laser3_Toggle
 .text.turnAllLasersOff
                0x000009a8       0x1c .\CortexM3\ARM_GCC_541\Debug\main.o
                0x000009a8                turnAllLasersOff
 .text.home     0x000009c4       0x1c .\CortexM3\ARM_GCC_541\Debug\main.o
                0x000009c4                home
 .text.ConfigurationOfMeasurement
                0x000009e0      0x470 .\CortexM3\ARM_GCC_541\Debug\main.o
                0x000009e0                ConfigurationOfMeasurement
 .text.NextionPlot_PointsToSetupAxes
                0x00000e50      0x138 .\CortexM3\ARM_GCC_541\Debug\main.o
                0x00000e50                NextionPlot_PointsToSetupAxes
 .text.MoveTo   0x00000f88      0x2bc .\CortexM3\ARM_GCC_541\Debug\main.o
                0x00000f88                MoveTo
 *fill*         0x00001244        0x4 
 .text.MoveToWithConstSpeed
                0x00001248       0xb4 .\CortexM3\ARM_GCC_541\Debug\main.o
                0x00001248                MoveToWithConstSpeed
 .text.MoveOneStepCW
                0x000012fc       0x1c .\CortexM3\ARM_GCC_541\Debug\main.o
                0x000012fc                MoveOneStepCW
 .text.MoveOneStepCCW
                0x00001318       0x20 .\CortexM3\ARM_GCC_541\Debug\main.o
                0x00001318                MoveOneStepCCW
 .text.Move10DegreeCW
                0x00001338       0x28 .\CortexM3\ARM_GCC_541\Debug\main.o
                0x00001338                Move10DegreeCW
 .text.Move10DegreeCCW
                0x00001360       0x28 .\CortexM3\ARM_GCC_541\Debug\main.o
                0x00001360                Move10DegreeCCW
 .text.Move90DegreeCW
                0x00001388       0x20 .\CortexM3\ARM_GCC_541\Debug\main.o
                0x00001388                Move90DegreeCW
 .text.Move90DegreeCCW
                0x000013a8       0x20 .\CortexM3\ARM_GCC_541\Debug\main.o
                0x000013a8                Move90DegreeCCW
 .text.switchLasers
                0x000013c8       0xa8 .\CortexM3\ARM_GCC_541\Debug\main.o
                0x000013c8                switchLasers
 .text.rotateStepMotor
                0x00001470       0xdc .\CortexM3\ARM_GCC_541\Debug\main.o
                0x00001470                rotateStepMotor
 .text.SetupOfMeasurement
                0x0000154c       0xd0 .\CortexM3\ARM_GCC_541\Debug\main.o
                0x0000154c                SetupOfMeasurement
 .text.Nextion_SendFillCommand
                0x0000161c       0xbc .\CortexM3\ARM_GCC_541\Debug\main.o
                0x0000161c                Nextion_SendFillCommand
 .text.Nextion_PlotLifetime
                0x000016d8       0x64 .\CortexM3\ARM_GCC_541\Debug\main.o
                0x000016d8                Nextion_PlotLifetime
 .text.Finished
                0x0000173c       0x40 .\CortexM3\ARM_GCC_541\Debug\main.o
                0x0000173c                Finished
 .text.Measurement
                0x0000177c      0x390 .\CortexM3\ARM_GCC_541\Debug\main.o
                0x0000177c                Measurement
 .text.Test     0x00001b0c      0x280 .\CortexM3\ARM_GCC_541\Debug\main.o
                0x00001b0c                Test
 .text.stepsToPrepareMeasurement
                0x00001d8c       0x5c .\CortexM3\ARM_GCC_541\Debug\main.o
                0x00001d8c                stepsToPrepareMeasurement
 .text.startMeasurementPreparation
                0x00001de8       0x48 .\CortexM3\ARM_GCC_541\Debug\main.o
                0x00001de8                startMeasurementPreparation
 .text.main     0x00001e30      0x114 .\CortexM3\ARM_GCC_541\Debug\main.o
                0x00001e30                main
 .text.CYMEMZERO
                0x00001f44       0x1c .\CortexM3\ARM_GCC_541\Debug\cyfitter_cfg.o
 .text.CYCONFIGCPY
                0x00001f60       0x20 .\CortexM3\ARM_GCC_541\Debug\cyfitter_cfg.o
 .text.CyClockStartupError
                0x00001f80        0xc .\CortexM3\ARM_GCC_541\Debug\cyfitter_cfg.o
 .text.cfg_write_bytes32
                0x00001f8c       0x74 .\CortexM3\ARM_GCC_541\Debug\cyfitter_cfg.o
 .text.ClockSetup
                0x00002000      0x188 .\CortexM3\ARM_GCC_541\Debug\cyfitter_cfg.o
 .text.AnalogSetDefault
                0x00002188       0xe4 .\CortexM3\ARM_GCC_541\Debug\cyfitter_cfg.o
 .text.cyfitter_cfg
                0x0000226c      0x198 .\CortexM3\ARM_GCC_541\Debug\cyfitter_cfg.o
                0x0000226c                cyfitter_cfg
 .text.IntDefaultHandler
                0x00002404       0x14 .\CortexM3\ARM_GCC_541\Debug\Cm3Start.o
                0x00002404                IntDefaultHandler
 .text._sbrk    0x00002418       0x54 .\CortexM3\ARM_GCC_541\Debug\Cm3Start.o
                0x00002418                _sbrk
 .text.Start_c  0x0000246c       0x98 .\CortexM3\ARM_GCC_541\Debug\Cm3Start.o
                0x0000246c                Start_c
 .text.initialize_psoc
                0x00002504       0x90 .\CortexM3\ARM_GCC_541\Debug\Cm3Start.o
                0x00002504                initialize_psoc
 .text.CyHalt   0x00002594       0x18 .\CortexM3\ARM_GCC_541\Debug\LamellaDevice.a(CyLib.o)
                0x00002594                CyHalt
 .text.CyDelay  0x000025ac       0x44 .\CortexM3\ARM_GCC_541\Debug\LamellaDevice.a(CyLib.o)
                0x000025ac                CyDelay
 .text.CyDelayUs
                0x000025f0       0x28 .\CortexM3\ARM_GCC_541\Debug\LamellaDevice.a(CyLib.o)
                0x000025f0                CyDelayUs
 .text.CyIntSetVector
                0x00002618       0x50 .\CortexM3\ARM_GCC_541\Debug\LamellaDevice.a(CyLib.o)
                0x00002618                CyIntSetVector
 .text.CyIntSetPriority
                0x00002668       0x48 .\CortexM3\ARM_GCC_541\Debug\LamellaDevice.a(CyLib.o)
                0x00002668                CyIntSetPriority
 .text.Pin_LED_Write
                0x000026b0       0x3c .\CortexM3\ARM_GCC_541\Debug\LamellaDevice.a(Pin_LED.o)
                0x000026b0                Pin_LED_Write
 .text.Pin_StepperCLK_Write
                0x000026ec       0x3c .\CortexM3\ARM_GCC_541\Debug\LamellaDevice.a(Pin_StepperCLK.o)
                0x000026ec                Pin_StepperCLK_Write
 .text.Pin_StepperCLK_Read
                0x00002728       0x20 .\CortexM3\ARM_GCC_541\Debug\LamellaDevice.a(Pin_StepperCLK.o)
                0x00002728                Pin_StepperCLK_Read
 .text.Pin_StepperDIR_Write
                0x00002748       0x38 .\CortexM3\ARM_GCC_541\Debug\LamellaDevice.a(Pin_StepperDIR.o)
                0x00002748                Pin_StepperDIR_Write
 .text.Analog_Digital_Converter_Start
                0x00002780       0x24 .\CortexM3\ARM_GCC_541\Debug\LamellaDevice.a(Analog_Digital_Converter.o)
                0x00002780                Analog_Digital_Converter_Start
 .text.Analog_Digital_Converter_Init
                0x000027a4       0x48 .\CortexM3\ARM_GCC_541\Debug\LamellaDevice.a(Analog_Digital_Converter.o)
                0x000027a4                Analog_Digital_Converter_Init
 .text.Analog_Digital_Converter_Enable
                0x000027ec       0xf4 .\CortexM3\ARM_GCC_541\Debug\LamellaDevice.a(Analog_Digital_Converter.o)
                0x000027ec                Analog_Digital_Converter_Enable
 .text.Analog_Digital_Converter_SetResolution
                0x000028e0       0x54 .\CortexM3\ARM_GCC_541\Debug\LamellaDevice.a(Analog_Digital_Converter.o)
                0x000028e0                Analog_Digital_Converter_SetResolution
 .text.Analog_Digital_Converter_StartConvert
                0x00002934       0x20 .\CortexM3\ARM_GCC_541\Debug\LamellaDevice.a(Analog_Digital_Converter.o)
                0x00002934                Analog_Digital_Converter_StartConvert
 .text.Analog_Digital_Converter_IsEndConversion
                0x00002954       0x40 .\CortexM3\ARM_GCC_541\Debug\LamellaDevice.a(Analog_Digital_Converter.o)
                0x00002954                Analog_Digital_Converter_IsEndConversion
 .text.Analog_Digital_Converter_GetResult16
                0x00002994       0x30 .\CortexM3\ARM_GCC_541\Debug\LamellaDevice.a(Analog_Digital_Converter.o)
                0x00002994                Analog_Digital_Converter_GetResult16
 .text.Analog_Digital_Converter_CalcGain
                0x000029c4       0x7c .\CortexM3\ARM_GCC_541\Debug\LamellaDevice.a(Analog_Digital_Converter.o)
 .text.Analog_Digital_Converter_ISR
                0x00002a40        0xc .\CortexM3\ARM_GCC_541\Debug\LamellaDevice.a(Analog_Digital_Converter_INT.o)
                0x00002a40                Analog_Digital_Converter_ISR
 .text.Analog_Digital_Converter_theACLK_SetModeRegister
                0x00002a4c       0x34 .\CortexM3\ARM_GCC_541\Debug\LamellaDevice.a(Analog_Digital_Converter_theACLK.o)
                0x00002a4c                Analog_Digital_Converter_theACLK_SetModeRegister
 .text.UART_TFT_Start
                0x00002a80       0x24 .\CortexM3\ARM_GCC_541\Debug\LamellaDevice.a(UART_TFT.o)
                0x00002a80                UART_TFT_Start
 .text.UART_TFT_Init
                0x00002aa4       0x6c .\CortexM3\ARM_GCC_541\Debug\LamellaDevice.a(UART_TFT.o)
                0x00002aa4                UART_TFT_Init
 .text.UART_TFT_Enable
                0x00002b10       0x78 .\CortexM3\ARM_GCC_541\Debug\LamellaDevice.a(UART_TFT.o)
                0x00002b10                UART_TFT_Enable
 .text.UART_TFT_ReadRxData
                0x00002b88       0x90 .\CortexM3\ARM_GCC_541\Debug\LamellaDevice.a(UART_TFT.o)
                0x00002b88                UART_TFT_ReadRxData
 .text.UART_TFT_GetByte
                0x00002c18       0x44 .\CortexM3\ARM_GCC_541\Debug\LamellaDevice.a(UART_TFT.o)
                0x00002c18                UART_TFT_GetByte
 .text.UART_TFT_PutChar
                0x00002c5c       0xb8 .\CortexM3\ARM_GCC_541\Debug\LamellaDevice.a(UART_TFT.o)
                0x00002c5c                UART_TFT_PutChar
 .text.UART_TFT_PutString
                0x00002d14       0x44 .\CortexM3\ARM_GCC_541\Debug\LamellaDevice.a(UART_TFT.o)
                0x00002d14                UART_TFT_PutString
 .text.UART_TFT_RXISR
                0x00002d58       0xd8 .\CortexM3\ARM_GCC_541\Debug\LamellaDevice.a(UART_TFT_INT.o)
                0x00002d58                UART_TFT_RXISR
 .text.UART_TFT_TXISR
                0x00002e30       0x70 .\CortexM3\ARM_GCC_541\Debug\LamellaDevice.a(UART_TFT_INT.o)
                0x00002e30                UART_TFT_TXISR
 .text.UART_TFT_IntClock_Start
                0x00002ea0       0x34 .\CortexM3\ARM_GCC_541\Debug\LamellaDevice.a(UART_TFT_IntClock.o)
                0x00002ea0                UART_TFT_IntClock_Start
 .text.Interr_TFT_StartEx
                0x00002ed4       0x24 .\CortexM3\ARM_GCC_541\Debug\LamellaDevice.a(Interr_TFT.o)
                0x00002ed4                Interr_TFT_StartEx
 .text.Interr_TFT_SetVector
                0x00002ef8       0x24 .\CortexM3\ARM_GCC_541\Debug\LamellaDevice.a(Interr_TFT.o)
                0x00002ef8                Interr_TFT_SetVector
 .text.Interr_TFT_SetPriority
                0x00002f1c       0x24 .\CortexM3\ARM_GCC_541\Debug\LamellaDevice.a(Interr_TFT.o)
                0x00002f1c                Interr_TFT_SetPriority
 .text.Interr_TFT_Enable
                0x00002f40       0x18 .\CortexM3\ARM_GCC_541\Debug\LamellaDevice.a(Interr_TFT.o)
                0x00002f40                Interr_TFT_Enable
 .text.Interr_TFT_Disable
                0x00002f58       0x18 .\CortexM3\ARM_GCC_541\Debug\LamellaDevice.a(Interr_TFT.o)
                0x00002f58                Interr_TFT_Disable
 .text.Timer1_Init
                0x00002f70       0xa0 .\CortexM3\ARM_GCC_541\Debug\LamellaDevice.a(Timer1.o)
                0x00002f70                Timer1_Init
 .text.Timer1_Enable
                0x00003010       0x48 .\CortexM3\ARM_GCC_541\Debug\LamellaDevice.a(Timer1.o)
                0x00003010                Timer1_Enable
 .text.Timer1_Start
                0x00003058       0x24 .\CortexM3\ARM_GCC_541\Debug\LamellaDevice.a(Timer1.o)
                0x00003058                Timer1_Start
 .text.Timer1_SetInterruptMode
                0x0000307c       0x20 .\CortexM3\ARM_GCC_541\Debug\LamellaDevice.a(Timer1.o)
                0x0000307c                Timer1_SetInterruptMode
 .text.Timer1_WritePeriod
                0x0000309c       0x24 .\CortexM3\ARM_GCC_541\Debug\LamellaDevice.a(Timer1.o)
                0x0000309c                Timer1_WritePeriod
 .text.Timer1_WriteCounter
                0x000030c0       0x20 .\CortexM3\ARM_GCC_541\Debug\LamellaDevice.a(Timer1.o)
                0x000030c0                Timer1_WriteCounter
 .text.Timer1_Function_StartEx
                0x000030e0       0x24 .\CortexM3\ARM_GCC_541\Debug\LamellaDevice.a(Timer1_Function.o)
                0x000030e0                Timer1_Function_StartEx
 .text.Timer1_Function_SetVector
                0x00003104       0x24 .\CortexM3\ARM_GCC_541\Debug\LamellaDevice.a(Timer1_Function.o)
                0x00003104                Timer1_Function_SetVector
 .text.Timer1_Function_SetPriority
                0x00003128       0x24 .\CortexM3\ARM_GCC_541\Debug\LamellaDevice.a(Timer1_Function.o)
                0x00003128                Timer1_Function_SetPriority
 .text.Timer1_Function_Enable
                0x0000314c       0x18 .\CortexM3\ARM_GCC_541\Debug\LamellaDevice.a(Timer1_Function.o)
                0x0000314c                Timer1_Function_Enable
 .text.Timer1_Function_Disable
                0x00003164       0x18 .\CortexM3\ARM_GCC_541\Debug\LamellaDevice.a(Timer1_Function.o)
                0x00003164                Timer1_Function_Disable
 .text.PGA_Photo_Init
                0x0000317c       0x3c .\CortexM3\ARM_GCC_541\Debug\LamellaDevice.a(PGA_Photo.o)
                0x0000317c                PGA_Photo_Init
 .text.PGA_Photo_Enable
                0x000031b8       0x48 .\CortexM3\ARM_GCC_541\Debug\LamellaDevice.a(PGA_Photo.o)
                0x000031b8                PGA_Photo_Enable
 .text.PGA_Photo_Start
                0x00003200       0x24 .\CortexM3\ARM_GCC_541\Debug\LamellaDevice.a(PGA_Photo.o)
                0x00003200                PGA_Photo_Start
 .text.PGA_Photo_SetPower
                0x00003224       0x38 .\CortexM3\ARM_GCC_541\Debug\LamellaDevice.a(PGA_Photo.o)
                0x00003224                PGA_Photo_SetPower
 .text.PGA_Photo_SetGain
                0x0000325c       0xbc .\CortexM3\ARM_GCC_541\Debug\LamellaDevice.a(PGA_Photo.o)
                0x0000325c                PGA_Photo_SetGain
 .text.Pin_StepperSLEEP_Write
                0x00003318       0x3c .\CortexM3\ARM_GCC_541\Debug\LamellaDevice.a(Pin_StepperSLEEP.o)
                0x00003318                Pin_StepperSLEEP_Write
 .text.TIA_1_Init
                0x00003354       0x38 .\CortexM3\ARM_GCC_541\Debug\LamellaDevice.a(TIA_1.o)
                0x00003354                TIA_1_Init
 .text.TIA_1_Enable
                0x0000338c       0x48 .\CortexM3\ARM_GCC_541\Debug\LamellaDevice.a(TIA_1.o)
                0x0000338c                TIA_1_Enable
 .text.TIA_1_Start
                0x000033d4       0x24 .\CortexM3\ARM_GCC_541\Debug\LamellaDevice.a(TIA_1.o)
                0x000033d4                TIA_1_Start
 .text.TIA_1_SetPower
                0x000033f8       0x38 .\CortexM3\ARM_GCC_541\Debug\LamellaDevice.a(TIA_1.o)
                0x000033f8                TIA_1_SetPower
 .text.TIA_1_SetResFB
                0x00003430       0x44 .\CortexM3\ARM_GCC_541\Debug\LamellaDevice.a(TIA_1.o)
                0x00003430                TIA_1_SetResFB
 .text.TIA_1_SetCapFB
                0x00003474       0x44 .\CortexM3\ARM_GCC_541\Debug\LamellaDevice.a(TIA_1.o)
                0x00003474                TIA_1_SetCapFB
 .text.Pin_LaserEN1_Write
                0x000034b8       0x38 .\CortexM3\ARM_GCC_541\Debug\LamellaDevice.a(Pin_LaserEN1.o)
                0x000034b8                Pin_LaserEN1_Write
 .text.Pin_LaserEN1_Read
                0x000034f0       0x1c .\CortexM3\ARM_GCC_541\Debug\LamellaDevice.a(Pin_LaserEN1.o)
                0x000034f0                Pin_LaserEN1_Read
 .text.Pin_LaserEN2_Write
                0x0000350c       0x3c .\CortexM3\ARM_GCC_541\Debug\LamellaDevice.a(Pin_LaserEN2.o)
                0x0000350c                Pin_LaserEN2_Write
 .text.Pin_LaserEN2_Read
                0x00003548       0x20 .\CortexM3\ARM_GCC_541\Debug\LamellaDevice.a(Pin_LaserEN2.o)
                0x00003548                Pin_LaserEN2_Read
 .text.UART_PC_Start
                0x00003568       0x24 .\CortexM3\ARM_GCC_541\Debug\LamellaDevice.a(UART_PC.o)
                0x00003568                UART_PC_Start
 .text.UART_PC_Init
                0x0000358c       0x40 .\CortexM3\ARM_GCC_541\Debug\LamellaDevice.a(UART_PC.o)
                0x0000358c                UART_PC_Init
 .text.UART_PC_Enable
                0x000035cc       0x60 .\CortexM3\ARM_GCC_541\Debug\LamellaDevice.a(UART_PC.o)
                0x000035cc                UART_PC_Enable
 .text.UART_PC_IntClock_Start
                0x0000362c       0x34 .\CortexM3\ARM_GCC_541\Debug\LamellaDevice.a(UART_PC_IntClock.o)
                0x0000362c                UART_PC_IntClock_Start
 .text.Pin_IRLaserEN_Write
                0x00003660       0x3c .\CortexM3\ARM_GCC_541\Debug\LamellaDevice.a(Pin_IRLaserEN.o)
                0x00003660                Pin_IRLaserEN_Write
 .text.Pin_IRLaserEN_Read
                0x0000369c       0x20 .\CortexM3\ARM_GCC_541\Debug\LamellaDevice.a(Pin_IRLaserEN.o)
                0x0000369c                Pin_IRLaserEN_Read
 *fill*         0x000036bc        0x4 
 .text          0x000036c0       0x20 .\CortexM3\ARM_GCC_541\Debug\LamellaDevice.a(CyBootAsmGnu.o)
                0x000036c0                CyDelayCycles
                0x000036d0                CyEnterCriticalSection
                0x000036d8                CyExitCriticalSection
 .text.FS__AllocSectorBuffer
                0x000036e0       0x2c .\emFile_V322c\LinkLibrary\PSoC5\GCC\libemf32noslfn.a(FS_Misc.o)
                0x000036e0                FS__AllocSectorBuffer
 .text.FS__FreeSectorBuffer
                0x0000370c       0x28 .\emFile_V322c\LinkLibrary\PSoC5\GCC\libemf32noslfn.a(FS_Misc.o)
                0x0000370c                FS__FreeSectorBuffer
 .text.FS__SB_MarkDirty
                0x00003734        0x6 .\emFile_V322c\LinkLibrary\PSoC5\GCC\libemf32noslfn.a(FS_Misc.o)
                0x00003734                FS__SB_MarkDirty
 .text.FS__SB_MarkNotDirty
                0x0000373a        0x6 .\emFile_V322c\LinkLibrary\PSoC5\GCC\libemf32noslfn.a(FS_Misc.o)
                0x0000373a                FS__SB_MarkNotDirty
 .text.FS__FreeFileHandle
                0x00003740        0xa .\emFile_V322c\LinkLibrary\PSoC5\GCC\libemf32noslfn.a(FS_Misc.o)
                0x00003740                FS__FreeFileHandle
 .text.FS__FreeFileObj
                0x0000374a        0xc .\emFile_V322c\LinkLibrary\PSoC5\GCC\libemf32noslfn.a(FS_Misc.o)
                0x0000374a                FS__FreeFileObj
 *fill*         0x00003756        0x2 
 .text.FS_Init  0x00003758       0x58 .\emFile_V322c\LinkLibrary\PSoC5\GCC\libemf32noslfn.a(FS_Misc.o)
                0x00003758                FS_Init
 .text.FS__SB_Create
                0x000037b0       0x28 .\emFile_V322c\LinkLibrary\PSoC5\GCC\libemf32noslfn.a(FS_Misc.o)
                0x000037b0                FS__SB_Create
 .text.FS__FCloseNL
                0x000037d8       0x1e .\emFile_V322c\LinkLibrary\PSoC5\GCC\libemf32noslfn.a(FS_Misc.o)
                0x000037d8                FS__FCloseNL
 .text.FS__FClose
                0x000037f6       0x1a .\emFile_V322c\LinkLibrary\PSoC5\GCC\libemf32noslfn.a(FS_Misc.o)
                0x000037f6                FS__FClose
 .text.FS_FClose
                0x00003810        0xa .\emFile_V322c\LinkLibrary\PSoC5\GCC\libemf32noslfn.a(FS_Misc.o)
                0x00003810                FS_FClose
 *fill*         0x0000381a        0x2 
 .text.FS__AllocFileObj
                0x0000381c       0x48 .\emFile_V322c\LinkLibrary\PSoC5\GCC\libemf32noslfn.a(FS_Misc.o)
                0x0000381c                FS__AllocFileObj
 .text.FS__AllocFileHandle
                0x00003864       0x40 .\emFile_V322c\LinkLibrary\PSoC5\GCC\libemf32noslfn.a(FS_Misc.o)
                0x00003864                FS__AllocFileHandle
 .text.FS__OpenEx
                0x000038a4       0x58 .\emFile_V322c\LinkLibrary\PSoC5\GCC\libemf32noslfn.a(FS_Misc.o)
                0x000038a4                FS__OpenEx
 .text.FS__FOpenEx
                0x000038fc       0x56 .\emFile_V322c\LinkLibrary\PSoC5\GCC\libemf32noslfn.a(FS_Misc.o)
                0x000038fc                FS__FOpenEx
 *fill*         0x00003952        0x2 
 .text.FS__FOpen
                0x00003954       0x48 .\emFile_V322c\LinkLibrary\PSoC5\GCC\libemf32noslfn.a(FS_Misc.o)
                0x00003954                FS__FOpen
 .text.FS_FOpen
                0x0000399c        0x4 .\emFile_V322c\LinkLibrary\PSoC5\GCC\libemf32noslfn.a(FS_Misc.o)
                0x0000399c                FS_FOpen
 .text.FS__SB_Write
                0x000039a0       0x24 .\emFile_V322c\LinkLibrary\PSoC5\GCC\libemf32noslfn.a(FS_Misc.o)
                0x000039a0                FS__SB_Write
 .text._SB_Clean
                0x000039c4       0x24 .\emFile_V322c\LinkLibrary\PSoC5\GCC\libemf32noslfn.a(FS_Misc.o)
 .text.FS__SB_SetSector
                0x000039e8       0x20 .\emFile_V322c\LinkLibrary\PSoC5\GCC\libemf32noslfn.a(FS_Misc.o)
                0x000039e8                FS__SB_SetSector
 .text.FS__SB_Clean
                0x00003a08        0x4 .\emFile_V322c\LinkLibrary\PSoC5\GCC\libemf32noslfn.a(FS_Misc.o)
                0x00003a08                FS__SB_Clean
 .text.FS__SB_Delete
                0x00003a0c       0x12 .\emFile_V322c\LinkLibrary\PSoC5\GCC\libemf32noslfn.a(FS_Misc.o)
                0x00003a0c                FS__SB_Delete
 .text.FS__SB_Flush
                0x00003a1e        0x8 .\emFile_V322c\LinkLibrary\PSoC5\GCC\libemf32noslfn.a(FS_Misc.o)
                0x00003a1e                FS__SB_Flush
 .text.FS__SB_Read
                0x00003a26       0x2a .\emFile_V322c\LinkLibrary\PSoC5\GCC\libemf32noslfn.a(FS_Misc.o)
                0x00003a26                FS__SB_Read
 .text.FS__AddPhysDevice
                0x00003a50       0x10 .\emFile_V322c\LinkLibrary\PSoC5\GCC\libemf32noslfn.a(FS_Storage.o)
                0x00003a50                FS__AddPhysDevice
 .text.FS__FindVolume
                0x00003a60       0x78 .\emFile_V322c\LinkLibrary\PSoC5\GCC\libemf32noslfn.a(FS_Storage.o)
                0x00003a60                FS__FindVolume
 .text.FS__AddDevice
                0x00003ad8       0x68 .\emFile_V322c\LinkLibrary\PSoC5\GCC\libemf32noslfn.a(FS_Storage.o)
                0x00003ad8                FS__AddDevice
 .text.FS_AddDevice
                0x00003b40        0x4 .\emFile_V322c\LinkLibrary\PSoC5\GCC\libemf32noslfn.a(FS_Storage.o)
                0x00003b40                FS_AddDevice
 .text._Mount   0x00003b44       0x2e .\emFile_V322c\LinkLibrary\PSoC5\GCC\libemf32noslfn.a(FS_Volume.o)
 .text.FS__AutoMount
                0x00003b72       0x14 .\emFile_V322c\LinkLibrary\PSoC5\GCC\libemf32noslfn.a(FS_Volume.o)
                0x00003b72                FS__AutoMount
 .text.FS__Write
                0x00003b86       0x3a .\emFile_V322c\LinkLibrary\PSoC5\GCC\libemf32noslfn.a(FS_Write.o)
                0x00003b86                FS__Write
 .text.FS_Write
                0x00003bc0        0x4 .\emFile_V322c\LinkLibrary\PSoC5\GCC\libemf32noslfn.a(FS_Write.o)
                0x00003bc0                FS_Write
 .text._ClusterId2FATOff
                0x00003bc4       0x18 .\emFile_V322c\LinkLibrary\PSoC5\GCC\libemf32noslfn.a(FAT_Misc.o)
 .text._CalcLogClusterPos
                0x00003bdc        0xe .\emFile_V322c\LinkLibrary\PSoC5\GCC\libemf32noslfn.a(FAT_Misc.o)
 .text._ReadFromFreeClusterCache
                0x00003bea       0x46 .\emFile_V322c\LinkLibrary\PSoC5\GCC\libemf32noslfn.a(FAT_Misc.o)
 .text.FS_FAT_GetFATType
                0x00003c30       0x1a .\emFile_V322c\LinkLibrary\PSoC5\GCC\libemf32noslfn.a(FAT_Misc.o)
                0x00003c30                FS_FAT_GetFATType
 .text.FS_FAT_ClusterId2SectorNo
                0x00003c4a        0xc .\emFile_V322c\LinkLibrary\PSoC5\GCC\libemf32noslfn.a(FAT_Misc.o)
                0x00003c4a                FS_FAT_ClusterId2SectorNo
 .text.FS_FAT_IsValidShortNameChar
                0x00003c56       0x34 .\emFile_V322c\LinkLibrary\PSoC5\GCC\libemf32noslfn.a(FAT_Misc.o)
                0x00003c56                FS_FAT_IsValidShortNameChar
 .text.FS_FAT_CopyShortName
                0x00003c8a       0x56 .\emFile_V322c\LinkLibrary\PSoC5\GCC\libemf32noslfn.a(FAT_Misc.o)
                0x00003c8a                FS_FAT_CopyShortName
 .text._SFN_CreateDirEntry
                0x00003ce0       0x5a .\emFile_V322c\LinkLibrary\PSoC5\GCC\libemf32noslfn.a(FAT_Misc.o)
 .text._SFN_FindDirEntry
                0x00003d3a       0x10 .\emFile_V322c\LinkLibrary\PSoC5\GCC\libemf32noslfn.a(FAT_Misc.o)
 *fill*         0x00003d4a        0x2 
 .text.FS_FAT_FindDirEntry
                0x00003d4c       0x60 .\emFile_V322c\LinkLibrary\PSoC5\GCC\libemf32noslfn.a(FAT_Misc.o)
                0x00003d4c                FS_FAT_FindDirEntry
 .text.FS_FAT_CopyDirEntryInfo
                0x00003dac       0x50 .\emFile_V322c\LinkLibrary\PSoC5\GCC\libemf32noslfn.a(FAT_Misc.o)
                0x00003dac                FS_FAT_CopyDirEntryInfo
 .text._SFN_ReadDirEntryInfo
                0x00003dfc       0x6e .\emFile_V322c\LinkLibrary\PSoC5\GCC\libemf32noslfn.a(FAT_Misc.o)
 .text._SetFATSector
                0x00003e6a        0x6 .\emFile_V322c\LinkLibrary\PSoC5\GCC\libemf32noslfn.a(FAT_Misc.o)
 .text.FS_FAT_ReadFATEntry
                0x00003e70       0xb2 .\emFile_V322c\LinkLibrary\PSoC5\GCC\libemf32noslfn.a(FAT_Misc.o)
                0x00003e70                FS_FAT_ReadFATEntry
 *fill*         0x00003f22        0x2 
 .text.FS_FAT_GetNumAdjClustersInChain
                0x00003f24       0x64 .\emFile_V322c\LinkLibrary\PSoC5\GCC\libemf32noslfn.a(FAT_Misc.o)
                0x00003f24                FS_FAT_GetNumAdjClustersInChain
 .text.FS_FAT_WalkClusterEx
                0x00003f88       0x5c .\emFile_V322c\LinkLibrary\PSoC5\GCC\libemf32noslfn.a(FAT_Misc.o)
                0x00003f88                FS_FAT_WalkClusterEx
 .text.FS_FAT_GotoCluster
                0x00003fe4       0x88 .\emFile_V322c\LinkLibrary\PSoC5\GCC\libemf32noslfn.a(FAT_Misc.o)
                0x00003fe4                FS_FAT_GotoCluster
 .text.FS_FAT_WalkCluster
                0x0000406c       0x18 .\emFile_V322c\LinkLibrary\PSoC5\GCC\libemf32noslfn.a(FAT_Misc.o)
                0x0000406c                FS_FAT_WalkCluster
 .text.FS_FAT_FindLastCluster
                0x00004084       0x34 .\emFile_V322c\LinkLibrary\PSoC5\GCC\libemf32noslfn.a(FAT_Misc.o)
                0x00004084                FS_FAT_FindLastCluster
 .text._WriteFATEntry
                0x000040b8      0x18e .\emFile_V322c\LinkLibrary\PSoC5\GCC\libemf32noslfn.a(FAT_Misc.o)
 .text.FS_FAT_MarkClusterEOC
                0x00004246        0x8 .\emFile_V322c\LinkLibrary\PSoC5\GCC\libemf32noslfn.a(FAT_Misc.o)
                0x00004246                FS_FAT_MarkClusterEOC
 .text.FS_FAT_SyncFAT
                0x0000424e       0x3c .\emFile_V322c\LinkLibrary\PSoC5\GCC\libemf32noslfn.a(FAT_Misc.o)
                0x0000424e                FS_FAT_SyncFAT
 .text.FS_FAT_LinkCluster
                0x0000428a       0x1c .\emFile_V322c\LinkLibrary\PSoC5\GCC\libemf32noslfn.a(FAT_Misc.o)
                0x0000428a                FS_FAT_LinkCluster
 *fill*         0x000042a6        0x2 
 .text._CalcFreeClusterCnt
                0x000042a8       0x88 .\emFile_V322c\LinkLibrary\PSoC5\GCC\libemf32noslfn.a(FAT_Misc.o)
 .text.FS_FAT_FindFreeCluster
                0x00004330       0xa8 .\emFile_V322c\LinkLibrary\PSoC5\GCC\libemf32noslfn.a(FAT_Misc.o)
                0x00004330                FS_FAT_FindFreeCluster
 .text.FS_FAT_AllocCluster
                0x000043d8       0x20 .\emFile_V322c\LinkLibrary\PSoC5\GCC\libemf32noslfn.a(FAT_Misc.o)
                0x000043d8                FS_FAT_AllocCluster
 .text._WriteEmptyFATSectors
                0x000043f8       0x3c .\emFile_V322c\LinkLibrary\PSoC5\GCC\libemf32noslfn.a(FAT_Misc.o)
 .text.FS_FAT_FreeClusterChain
                0x00004434       0xe0 .\emFile_V322c\LinkLibrary\PSoC5\GCC\libemf32noslfn.a(FAT_Misc.o)
                0x00004434                FS_FAT_FreeClusterChain
 .text.FS_FAT_CheckBPB
                0x00004514      0x1cc .\emFile_V322c\LinkLibrary\PSoC5\GCC\libemf32noslfn.a(FAT_Misc.o)
                0x00004514                FS_FAT_CheckBPB
 .text.FS_FAT_InitDirEntryScan
                0x000046e0       0x14 .\emFile_V322c\LinkLibrary\PSoC5\GCC\libemf32noslfn.a(FAT_Open.o)
                0x000046e0                FS_FAT_InitDirEntryScan
 .text.FS_FAT_IncDirPos
                0x000046f4        0x8 .\emFile_V322c\LinkLibrary\PSoC5\GCC\libemf32noslfn.a(FAT_Open.o)
                0x000046f4                FS_FAT_IncDirPos
 .text._CopyDirText
                0x000046fc       0x44 .\emFile_V322c\LinkLibrary\PSoC5\GCC\libemf32noslfn.a(FAT_Open.o)
 .text.FS_FAT_Make83Name
                0x00004740       0xb0 .\emFile_V322c\LinkLibrary\PSoC5\GCC\libemf32noslfn.a(FAT_Open.o)
                0x00004740                FS_FAT_Make83Name
 .text.FS_FAT_GetDirEntry
                0x000047f0       0xb2 .\emFile_V322c\LinkLibrary\PSoC5\GCC\libemf32noslfn.a(FAT_Open.o)
                0x000047f0                FS_FAT_GetDirEntry
 .text.FS_FAT_FindDirEntryShortEx
                0x000048a2       0x5a .\emFile_V322c\LinkLibrary\PSoC5\GCC\libemf32noslfn.a(FAT_Open.o)
                0x000048a2                FS_FAT_FindDirEntryShortEx
 .text.FS_FAT_FindDirEntryShort
                0x000048fc       0x36 .\emFile_V322c\LinkLibrary\PSoC5\GCC\libemf32noslfn.a(FAT_Open.o)
                0x000048fc                FS_FAT_FindDirEntryShort
 .text.FS_FAT_FindEmptyDirEntry
                0x00004932       0xb0 .\emFile_V322c\LinkLibrary\PSoC5\GCC\libemf32noslfn.a(FAT_Open.o)
                0x00004932                FS_FAT_FindEmptyDirEntry
 .text.FS_FAT_GetFirstCluster
                0x000049e2       0x1a .\emFile_V322c\LinkLibrary\PSoC5\GCC\libemf32noslfn.a(FAT_Open.o)
                0x000049e2                FS_FAT_GetFirstCluster
 .text.FS_FAT_FindPath
                0x000049fc       0x7a .\emFile_V322c\LinkLibrary\PSoC5\GCC\libemf32noslfn.a(FAT_Open.o)
                0x000049fc                FS_FAT_FindPath
 .text.FS_FAT_DeleteFileOrDir
                0x00004a76       0x48 .\emFile_V322c\LinkLibrary\PSoC5\GCC\libemf32noslfn.a(FAT_Open.o)
                0x00004a76                FS_FAT_DeleteFileOrDir
 *fill*         0x00004abe        0x2 
 .text.FS_FAT_Open
                0x00004ac0      0x1dc .\emFile_V322c\LinkLibrary\PSoC5\GCC\libemf32noslfn.a(FAT_Open.o)
                0x00004ac0                FS_FAT_Open
 .text.FS_FAT_WriteDirEntryCluster
                0x00004c9c       0x1c .\emFile_V322c\LinkLibrary\PSoC5\GCC\libemf32noslfn.a(FAT_Open.o)
                0x00004c9c                FS_FAT_WriteDirEntryCluster
 .text.FS_FAT_WriteDirEntry83
                0x00004cb8       0x6c .\emFile_V322c\LinkLibrary\PSoC5\GCC\libemf32noslfn.a(FAT_Open.o)
                0x00004cb8                FS_FAT_WriteDirEntry83
 .text._WriteBurst
                0x00004d24       0x24 .\emFile_V322c\LinkLibrary\PSoC5\GCC\libemf32noslfn.a(FAT_Write.o)
 .text.FS_FAT_GotoClusterAllocIfReq
                0x00004d48       0xa8 .\emFile_V322c\LinkLibrary\PSoC5\GCC\libemf32noslfn.a(FAT_Write.o)
                0x00004d48                FS_FAT_GotoClusterAllocIfReq
 .text.FS_FAT_UpdateDirEntry
                0x00004df0       0x68 .\emFile_V322c\LinkLibrary\PSoC5\GCC\libemf32noslfn.a(FAT_Write.o)
                0x00004df0                FS_FAT_UpdateDirEntry
 .text.FS_FAT_Close
                0x00004e58       0x44 .\emFile_V322c\LinkLibrary\PSoC5\GCC\libemf32noslfn.a(FAT_Write.o)
                0x00004e58                FS_FAT_Close
 .text.FS_FAT_Write
                0x00004e9c      0x1c8 .\emFile_V322c\LinkLibrary\PSoC5\GCC\libemf32noslfn.a(FAT_Write.o)
                0x00004e9c                FS_FAT_Write
 .text.FS__CLIB_memcmp
                0x00005064       0x20 .\emFile_V322c\LinkLibrary\PSoC5\GCC\libemf32noslfn.a(FS_CLib.o)
                0x00005064                FS__CLIB_memcmp
 .text.FS__CLIB_memset
                0x00005084       0x6c .\emFile_V322c\LinkLibrary\PSoC5\GCC\libemf32noslfn.a(FS_CLib.o)
                0x00005084                FS__CLIB_memset
 .text.FS__CLIB_strcmp
                0x000050f0       0x1a .\emFile_V322c\LinkLibrary\PSoC5\GCC\libemf32noslfn.a(FS_CLib.o)
                0x000050f0                FS__CLIB_strcmp
 .text.FS__CLIB_strlen
                0x0000510a       0x10 .\emFile_V322c\LinkLibrary\PSoC5\GCC\libemf32noslfn.a(FS_CLib.o)
                0x0000510a                FS__CLIB_strlen
 .text.FS__CLIB_strncmp
                0x0000511a       0x26 .\emFile_V322c\LinkLibrary\PSoC5\GCC\libemf32noslfn.a(FS_CLib.o)
                0x0000511a                FS__CLIB_strncmp
 .text.FS__CLIB_toupper
                0x00005140        0xe .\emFile_V322c\LinkLibrary\PSoC5\GCC\libemf32noslfn.a(FS_CLib.o)
                0x00005140                FS__CLIB_toupper
 .text.FS__strchr
                0x0000514e       0x14 .\emFile_V322c\LinkLibrary\PSoC5\GCC\libemf32noslfn.a(FS_Core.o)
                0x0000514e                FS__strchr
 .text.FS_LoadU32BE
                0x00005162       0x18 .\emFile_V322c\LinkLibrary\PSoC5\GCC\libemf32noslfn.a(FS_Core.o)
                0x00005162                FS_LoadU32BE
 .text.FS_LoadU32LE
                0x0000517a       0x16 .\emFile_V322c\LinkLibrary\PSoC5\GCC\libemf32noslfn.a(FS_Core.o)
                0x0000517a                FS_LoadU32LE
 .text.FS_StoreU32LE
                0x00005190       0x14 .\emFile_V322c\LinkLibrary\PSoC5\GCC\libemf32noslfn.a(FS_Core.o)
                0x00005190                FS_StoreU32LE
 .text.FS_StoreU16LE
                0x000051a4        0x8 .\emFile_V322c\LinkLibrary\PSoC5\GCC\libemf32noslfn.a(FS_Core.o)
                0x000051a4                FS_StoreU16LE
 .text.FS_LoadU16LE
                0x000051ac        0xa .\emFile_V322c\LinkLibrary\PSoC5\GCC\libemf32noslfn.a(FS_Core.o)
                0x000051ac                FS_LoadU16LE
 *fill*         0x000051b6        0x2 
 .text._Alloc   0x000051b8       0x30 .\emFile_V322c\LinkLibrary\PSoC5\GCC\libemf32noslfn.a(FS_Core.o)
 .text.FS_Alloc
                0x000051e8        0xc .\emFile_V322c\LinkLibrary\PSoC5\GCC\libemf32noslfn.a(FS_Core.o)
                0x000051e8                FS_Alloc
 .text.FS_TryAlloc
                0x000051f4        0x4 .\emFile_V322c\LinkLibrary\PSoC5\GCC\libemf32noslfn.a(FS_Core.o)
                0x000051f4                FS_TryAlloc
 .text.FS_Free  0x000051f8       0x1c .\emFile_V322c\LinkLibrary\PSoC5\GCC\libemf32noslfn.a(FS_Core.o)
                0x000051f8                FS_Free
 .text.FS_AssignMemory
                0x00005214        0xc .\emFile_V322c\LinkLibrary\PSoC5\GCC\libemf32noslfn.a(FS_Core.o)
                0x00005214                FS_AssignMemory
 .text.FS_AllocZeroed
                0x00005220       0x16 .\emFile_V322c\LinkLibrary\PSoC5\GCC\libemf32noslfn.a(FS_Core.o)
                0x00005220                FS_AllocZeroed
 *fill*         0x00005236        0x2 
 .text.FS_STORAGE_Init
                0x00005238       0x28 .\emFile_V322c\LinkLibrary\PSoC5\GCC\libemf32noslfn.a(FS_Core.o)
                0x00005238                FS_STORAGE_Init
 .text._ClrBusyLED
                0x00005260        0xc .\emFile_V322c\LinkLibrary\PSoC5\GCC\libemf32noslfn.a(FS_LogBlock.o)
 .text._SetBusyLED
                0x0000526c        0xc .\emFile_V322c\LinkLibrary\PSoC5\GCC\libemf32noslfn.a(FS_LogBlock.o)
 .text._Read    0x00005278        0xc .\emFile_V322c\LinkLibrary\PSoC5\GCC\libemf32noslfn.a(FS_LogBlock.o)
 .text._Write   0x00005284       0x12 .\emFile_V322c\LinkLibrary\PSoC5\GCC\libemf32noslfn.a(FS_LogBlock.o)
 .text.FS_LB_GetStatus
                0x00005296        0xc .\emFile_V322c\LinkLibrary\PSoC5\GCC\libemf32noslfn.a(FS_LogBlock.o)
                0x00005296                FS_LB_GetStatus
 .text.FS_LB_InitMedium
                0x000052a2       0x1a .\emFile_V322c\LinkLibrary\PSoC5\GCC\libemf32noslfn.a(FS_LogBlock.o)
                0x000052a2                FS_LB_InitMedium
 .text.FS_LB_InitMediumIfRequired
                0x000052bc       0x10 .\emFile_V322c\LinkLibrary\PSoC5\GCC\libemf32noslfn.a(FS_LogBlock.o)
                0x000052bc                FS_LB_InitMediumIfRequired
 .text.FS_LB_ReadDevice
                0x000052cc       0x2e .\emFile_V322c\LinkLibrary\PSoC5\GCC\libemf32noslfn.a(FS_LogBlock.o)
                0x000052cc                FS_LB_ReadDevice
 .text.FS_LB_ReadPart
                0x000052fa        0xe .\emFile_V322c\LinkLibrary\PSoC5\GCC\libemf32noslfn.a(FS_LogBlock.o)
                0x000052fa                FS_LB_ReadPart
 .text.FS_LB_WriteBurst
                0x00005308       0x30 .\emFile_V322c\LinkLibrary\PSoC5\GCC\libemf32noslfn.a(FS_LogBlock.o)
                0x00005308                FS_LB_WriteBurst
 .text.FS_LB_WriteBurstPart
                0x00005338       0x14 .\emFile_V322c\LinkLibrary\PSoC5\GCC\libemf32noslfn.a(FS_LogBlock.o)
                0x00005338                FS_LB_WriteBurstPart
 .text.FS_LB_WriteMultiple
                0x0000534c       0x30 .\emFile_V322c\LinkLibrary\PSoC5\GCC\libemf32noslfn.a(FS_LogBlock.o)
                0x0000534c                FS_LB_WriteMultiple
 .text.FS_LB_WriteMultiplePart
                0x0000537c       0x14 .\emFile_V322c\LinkLibrary\PSoC5\GCC\libemf32noslfn.a(FS_LogBlock.o)
                0x0000537c                FS_LB_WriteMultiplePart
 .text.FS_LB_WriteDevice
                0x00005390       0x36 .\emFile_V322c\LinkLibrary\PSoC5\GCC\libemf32noslfn.a(FS_LogBlock.o)
                0x00005390                FS_LB_WriteDevice
 .text.FS_LB_WritePart
                0x000053c6        0xe .\emFile_V322c\LinkLibrary\PSoC5\GCC\libemf32noslfn.a(FS_LogBlock.o)
                0x000053c6                FS_LB_WritePart
 .text.FS_GetSectorSize
                0x000053d4       0x28 .\emFile_V322c\LinkLibrary\PSoC5\GCC\libemf32noslfn.a(FS_LogBlock.o)
                0x000053d4                FS_GetSectorSize
 .text.FS_LB_GetDeviceInfo
                0x000053fc       0x26 .\emFile_V322c\LinkLibrary\PSoC5\GCC\libemf32noslfn.a(FS_LogBlock.o)
                0x000053fc                FS_LB_GetDeviceInfo
 .text.FS_memcpy
                0x00005422      0x120 .\emFile_V322c\LinkLibrary\PSoC5\GCC\libemf32noslfn.a(FS_memcpy.o)
                0x00005422                FS_memcpy
 .text._IsBPB   0x00005542       0x1e .\emFile_V322c\LinkLibrary\PSoC5\GCC\libemf32noslfn.a(FS_Partition.o)
 .text._HasSignature
                0x00005560       0x18 .\emFile_V322c\LinkLibrary\PSoC5\GCC\libemf32noslfn.a(FS_Partition.o)
 .text._GetPartitionStartSector
                0x00005578        0xc .\emFile_V322c\LinkLibrary\PSoC5\GCC\libemf32noslfn.a(FS_Partition.o)
 .text.FS__GetMediaStartSecEx
                0x00005584       0x6e .\emFile_V322c\LinkLibrary\PSoC5\GCC\libemf32noslfn.a(FS_Partition.o)
                0x00005584                FS__GetMediaStartSecEx
 *fill*         0x000055f2        0x2 
 .text.FS__LocatePartition
                0x000055f4       0x44 .\emFile_V322c\LinkLibrary\PSoC5\GCC\libemf32noslfn.a(FS_Partition.o)
                0x000055f4                FS__LocatePartition
 .text.exp      0x00005638       0xf8 d:/programme/psoc/psoc creator/4.2/psoc creator/import/gnu/arm/5.4.1/bin/../lib/gcc/arm-none-eabi/5.4.1/../../../../arm-none-eabi/lib/armv7-m\libm.a(lib_a-w_exp.o)
                0x00005638                exp
 .text.__ieee754_exp
                0x00005730      0x2ec d:/programme/psoc/psoc creator/4.2/psoc creator/import/gnu/arm/5.4.1/bin/../lib/gcc/arm-none-eabi/5.4.1/../../../../arm-none-eabi/lib/armv7-m\libm.a(lib_a-e_exp.o)
                0x00005730                __ieee754_exp
 .text.finite   0x00005a1c        0xc d:/programme/psoc/psoc creator/4.2/psoc creator/import/gnu/arm/5.4.1/bin/../lib/gcc/arm-none-eabi/5.4.1/../../../../arm-none-eabi/lib/armv7-m\libm.a(lib_a-s_finite.o)
                0x00005a1c                finite
 .text.matherr  0x00005a28        0x4 d:/programme/psoc/psoc creator/4.2/psoc creator/import/gnu/arm/5.4.1/bin/../lib/gcc/arm-none-eabi/5.4.1/../../../../arm-none-eabi/lib/armv7-m\libm.a(lib_a-s_matherr.o)
                0x00005a28                matherr
 .text.FS_X_AddDevices
                0x00005a2c       0x20 .\CortexM3\ARM_GCC_541\Debug\LamellaDevice.a(emFile_ConfigMMC_SPI.o)
                0x00005a2c                FS_X_AddDevices
 .text.FS_X_GetTimeDate
                0x00005a4c       0x58 .\CortexM3\ARM_GCC_541\Debug\LamellaDevice.a(emFile_ConfigMMC_SPI.o)
                0x00005a4c                FS_X_GetTimeDate
 .text._CalcDataCRC16Dummy
                0x00005aa4        0x6 .\emFile_V322c\LinkLibrary\PSoC5\GCC\libemf32noslfn.a(MMC_Drv.o)
 *fill*         0x00005aaa        0x2 
 .text._MMC_GetNumUnits
                0x00005aac        0xc .\emFile_V322c\LinkLibrary\PSoC5\GCC\libemf32noslfn.a(MMC_Drv.o)
 .text._MMC_GetDriverName
                0x00005ab8        0x8 .\emFile_V322c\LinkLibrary\PSoC5\GCC\libemf32noslfn.a(MMC_Drv.o)
 .text._MMC_GetStatus
                0x00005ac0        0x4 .\emFile_V322c\LinkLibrary\PSoC5\GCC\libemf32noslfn.a(MMC_Drv.o)
 .text._CheckR1
                0x00005ac4       0x38 .\emFile_V322c\LinkLibrary\PSoC5\GCC\libemf32noslfn.a(MMC_Drv.o)
 .text._WaitToGetReady
                0x00005afc       0x26 .\emFile_V322c\LinkLibrary\PSoC5\GCC\libemf32noslfn.a(MMC_Drv.o)
 .text._SendEmptyCycles
                0x00005b22       0x24 .\emFile_V322c\LinkLibrary\PSoC5\GCC\libemf32noslfn.a(MMC_Drv.o)
 *fill*         0x00005b46        0x2 
 .text._MMC_AddDevice
                0x00005b48       0x2c .\emFile_V322c\LinkLibrary\PSoC5\GCC\libemf32noslfn.a(MMC_Drv.o)
 .text.T.53     0x00005b74       0x14 .\emFile_V322c\LinkLibrary\PSoC5\GCC\libemf32noslfn.a(MMC_Drv.o)
 .text._GetFromCSD
                0x00005b88       0x34 .\emFile_V322c\LinkLibrary\PSoC5\GCC\libemf32noslfn.a(MMC_Drv.o)
 .text._ExecCmdR1
                0x00005bbc       0x98 .\emFile_V322c\LinkLibrary\PSoC5\GCC\libemf32noslfn.a(MMC_Drv.o)
 .text._ReadCSD
                0x00005c54       0x86 .\emFile_V322c\LinkLibrary\PSoC5\GCC\libemf32noslfn.a(MMC_Drv.o)
 *fill*         0x00005cda        0x2 
 .text._MMC_Read
                0x00005cdc      0x130 .\emFile_V322c\LinkLibrary\PSoC5\GCC\libemf32noslfn.a(MMC_Drv.o)
 .text._MMC_Write
                0x00005e0c      0x13c .\emFile_V322c\LinkLibrary\PSoC5\GCC\libemf32noslfn.a(MMC_Drv.o)
 .text._ApplyCSD
                0x00005f48      0x228 .\emFile_V322c\LinkLibrary\PSoC5\GCC\libemf32noslfn.a(MMC_Drv.o)
 .text._MMC_Init
                0x00006170      0x1c0 .\emFile_V322c\LinkLibrary\PSoC5\GCC\libemf32noslfn.a(MMC_Drv.o)
 .text._MMC_InitMedium
                0x00006330       0x28 .\emFile_V322c\LinkLibrary\PSoC5\GCC\libemf32noslfn.a(MMC_Drv.o)
 .text._MMC_IoCtl
                0x00006358       0x60 .\emFile_V322c\LinkLibrary\PSoC5\GCC\libemf32noslfn.a(MMC_Drv.o)
 .text.emFile_Init
                0x000063b8       0x6c .\CortexM3\ARM_GCC_541\Debug\LamellaDevice.a(emFile_MMC_HW_SPI.o)
 .text.emFile_ReadWriteSPI
                0x00006424       0x68 .\CortexM3\ARM_GCC_541\Debug\LamellaDevice.a(emFile_MMC_HW_SPI.o)
 .text.FS_MMC_HW_X_EnableCS
                0x0000648c       0x28 .\CortexM3\ARM_GCC_541\Debug\LamellaDevice.a(emFile_MMC_HW_SPI.o)
                0x0000648c                FS_MMC_HW_X_EnableCS
 .text.FS_MMC_HW_X_DisableCS
                0x000064b4       0x28 .\CortexM3\ARM_GCC_541\Debug\LamellaDevice.a(emFile_MMC_HW_SPI.o)
                0x000064b4                FS_MMC_HW_X_DisableCS
 .text.FS_MMC_HW_X_IsWriteProtected
                0x000064dc       0x28 .\CortexM3\ARM_GCC_541\Debug\LamellaDevice.a(emFile_MMC_HW_SPI.o)
                0x000064dc                FS_MMC_HW_X_IsWriteProtected
 .text.FS_MMC_HW_X_SetMaxSpeed
                0x00006504       0x88 .\CortexM3\ARM_GCC_541\Debug\LamellaDevice.a(emFile_MMC_HW_SPI.o)
                0x00006504                FS_MMC_HW_X_SetMaxSpeed
 .text.FS_MMC_HW_X_SetVoltage
                0x0000658c       0x68 .\CortexM3\ARM_GCC_541\Debug\LamellaDevice.a(emFile_MMC_HW_SPI.o)
                0x0000658c                FS_MMC_HW_X_SetVoltage
 .text.FS_MMC_HW_X_IsPresent
                0x000065f4       0x30 .\CortexM3\ARM_GCC_541\Debug\LamellaDevice.a(emFile_MMC_HW_SPI.o)
                0x000065f4                FS_MMC_HW_X_IsPresent
 .text.FS_MMC_HW_X_Read
                0x00006624       0x38 .\CortexM3\ARM_GCC_541\Debug\LamellaDevice.a(emFile_MMC_HW_SPI.o)
                0x00006624                FS_MMC_HW_X_Read
 .text.FS_MMC_HW_X_Write
                0x0000665c       0x34 .\CortexM3\ARM_GCC_541\Debug\LamellaDevice.a(emFile_MMC_HW_SPI.o)
                0x0000665c                FS_MMC_HW_X_Write
 .text.emFile_SPI0_Init
                0x00006690       0x34 .\CortexM3\ARM_GCC_541\Debug\LamellaDevice.a(emFile_SPI0.o)
                0x00006690                emFile_SPI0_Init
 .text.emFile_SPI0_Enable
                0x000066c4       0x64 .\CortexM3\ARM_GCC_541\Debug\LamellaDevice.a(emFile_SPI0.o)
                0x000066c4                emFile_SPI0_Enable
 .text.emFile_SPI0_Start
                0x00006728       0x24 .\CortexM3\ARM_GCC_541\Debug\LamellaDevice.a(emFile_SPI0.o)
                0x00006728                emFile_SPI0_Start
 .text.emFile_SPI0_EnableTxInt
                0x0000674c        0xc .\CortexM3\ARM_GCC_541\Debug\LamellaDevice.a(emFile_SPI0.o)
                0x0000674c                emFile_SPI0_EnableTxInt
 .text.emFile_SPI0_EnableRxInt
                0x00006758        0xc .\CortexM3\ARM_GCC_541\Debug\LamellaDevice.a(emFile_SPI0.o)
                0x00006758                emFile_SPI0_EnableRxInt
 .text.emFile_SPI0_ReadTxStatus
                0x00006764       0x1c .\CortexM3\ARM_GCC_541\Debug\LamellaDevice.a(emFile_SPI0.o)
                0x00006764                emFile_SPI0_ReadTxStatus
 .text.emFile_SPI0_ReadRxStatus
                0x00006780       0x1c .\CortexM3\ARM_GCC_541\Debug\LamellaDevice.a(emFile_SPI0.o)
                0x00006780                emFile_SPI0_ReadRxStatus
 .text.emFile_SPI0_WriteTxData
                0x0000679c       0x34 .\CortexM3\ARM_GCC_541\Debug\LamellaDevice.a(emFile_SPI0.o)
                0x0000679c                emFile_SPI0_WriteTxData
 .text.emFile_SPI0_ReadRxData
                0x000067d0       0x1c .\CortexM3\ARM_GCC_541\Debug\LamellaDevice.a(emFile_SPI0.o)
                0x000067d0                emFile_SPI0_ReadRxData
 .text.emFile_SPI0_ClearFIFO
                0x000067ec       0x60 .\CortexM3\ARM_GCC_541\Debug\LamellaDevice.a(emFile_SPI0.o)
                0x000067ec                emFile_SPI0_ClearFIFO
 .text.emFile_Clock_1_Start
                0x0000684c       0x34 .\CortexM3\ARM_GCC_541\Debug\LamellaDevice.a(emFile_Clock_1.o)
                0x0000684c                emFile_Clock_1_Start
 .text.emFile_Clock_1_Stop
                0x00006880       0x34 .\CortexM3\ARM_GCC_541\Debug\LamellaDevice.a(emFile_Clock_1.o)
                0x00006880                emFile_Clock_1_Stop
 .text.emFile_Clock_1_SetDividerRegister
                0x000068b4      0x164 .\CortexM3\ARM_GCC_541\Debug\LamellaDevice.a(emFile_Clock_1.o)
                0x000068b4                emFile_Clock_1_SetDividerRegister
 .text.emFile_Clock_1_GetDividerRegister
                0x00006a18       0x18 .\CortexM3\ARM_GCC_541\Debug\LamellaDevice.a(emFile_Clock_1.o)
                0x00006a18                emFile_Clock_1_GetDividerRegister
 .text.emFile_Clock_1_GetSourceRegister
                0x00006a30       0x1c .\CortexM3\ARM_GCC_541\Debug\LamellaDevice.a(emFile_Clock_1.o)
                0x00006a30                emFile_Clock_1_GetSourceRegister
 .text.emFile_SPI0_CS_Write
                0x00006a4c       0x38 .\CortexM3\ARM_GCC_541\Debug\LamellaDevice.a(emFile_SPI0_CS.o)
                0x00006a4c                emFile_SPI0_CS_Write
 .text          0x00006a84      0x370 d:/programme/psoc/psoc creator/4.2/psoc creator/import/gnu/arm/5.4.1/bin/../lib/gcc/arm-none-eabi/5.4.1/armv7-m\libgcc.a(_arm_addsubdf3.o)
                0x00006a84                __aeabi_drsub
                0x00006a8c                __aeabi_dsub
                0x00006a8c                __subdf3
                0x00006a90                __aeabi_dadd
                0x00006a90                __adddf3
                0x00006d08                __floatunsidf
                0x00006d08                __aeabi_ui2d
                0x00006d28                __floatsidf
                0x00006d28                __aeabi_i2d
                0x00006d4c                __aeabi_f2d
                0x00006d4c                __extendsfdf2
                0x00006d88                __floatundidf
                0x00006d88                __aeabi_ul2d
                0x00006d98                __floatdidf
                0x00006d98                __aeabi_l2d
 .text          0x00006df4      0x424 d:/programme/psoc/psoc creator/4.2/psoc creator/import/gnu/arm/5.4.1/bin/../lib/gcc/arm-none-eabi/5.4.1/armv7-m\libgcc.a(_arm_muldivdf3.o)
                0x00006df4                __aeabi_dmul
                0x00006df4                __muldf3
                0x00007048                __divdf3
                0x00007048                __aeabi_ddiv
 .text          0x00007218      0x110 d:/programme/psoc/psoc creator/4.2/psoc creator/import/gnu/arm/5.4.1/bin/../lib/gcc/arm-none-eabi/5.4.1/armv7-m\libgcc.a(_arm_cmpdf2.o)
                0x00007218                __gtdf2
                0x00007218                __gedf2
                0x00007220                __ltdf2
                0x00007220                __ledf2
                0x00007228                __nedf2
                0x00007228                __eqdf2
                0x00007228                __cmpdf2
                0x000072a4                __aeabi_cdrcmple
                0x000072b4                __aeabi_cdcmpeq
                0x000072b4                __aeabi_cdcmple
                0x000072c4                __aeabi_dcmpeq
                0x000072d8                __aeabi_dcmplt
                0x000072ec                __aeabi_dcmple
                0x00007300                __aeabi_dcmpge
                0x00007314                __aeabi_dcmpgt
 .text          0x00007328       0x50 d:/programme/psoc/psoc creator/4.2/psoc creator/import/gnu/arm/5.4.1/bin/../lib/gcc/arm-none-eabi/5.4.1/armv7-m\libgcc.a(_arm_fixdfsi.o)
                0x00007328                __aeabi_d2iz
                0x00007328                __fixdfsi
 .text          0x00007378       0x40 d:/programme/psoc/psoc creator/4.2/psoc creator/import/gnu/arm/5.4.1/bin/../lib/gcc/arm-none-eabi/5.4.1/armv7-m\libgcc.a(_arm_fixunsdfsi.o)
                0x00007378                __aeabi_d2uiz
                0x00007378                __fixunsdfsi
 .text          0x000073b8       0xa0 d:/programme/psoc/psoc creator/4.2/psoc creator/import/gnu/arm/5.4.1/bin/../lib/gcc/arm-none-eabi/5.4.1/armv7-m\libgcc.a(_arm_truncdfsf2.o)
                0x000073b8                __truncdfsf2
                0x000073b8                __aeabi_d2f
 .text          0x00007458      0x21c d:/programme/psoc/psoc creator/4.2/psoc creator/import/gnu/arm/5.4.1/bin/../lib/gcc/arm-none-eabi/5.4.1/armv7-m\libgcc.a(_arm_addsubsf3.o)
                0x00007458                __aeabi_frsub
                0x00007460                __subsf3
                0x00007460                __aeabi_fsub
                0x00007464                __aeabi_fadd
                0x00007464                __addsf3
                0x000075c4                __aeabi_ui2f
                0x000075c4                __floatunsisf
                0x000075cc                __aeabi_i2f
                0x000075cc                __floatsisf
                0x000075e8                __aeabi_ul2f
                0x000075e8                __floatundisf
                0x000075f8                __aeabi_l2f
                0x000075f8                __floatdisf
 .text          0x00007674       0x4c d:/programme/psoc/psoc creator/4.2/psoc creator/import/gnu/arm/5.4.1/bin/../lib/gcc/arm-none-eabi/5.4.1/armv7-m\libgcc.a(_arm_fixsfsi.o)
                0x00007674                __aeabi_f2iz
                0x00007674                __fixsfsi
 .text.__errno  0x000076c0        0xc d:/programme/psoc/psoc creator/4.2/psoc creator/import/gnu/arm/5.4.1/bin/../lib/gcc/arm-none-eabi/5.4.1/../../../../arm-none-eabi/lib/armv7-m\libg_nano.a(lib_a-errno.o)
                0x000076c0                __errno
 .text.__libc_init_array
                0x000076cc       0x4c d:/programme/psoc/psoc creator/4.2/psoc creator/import/gnu/arm/5.4.1/bin/../lib/gcc/arm-none-eabi/5.4.1/../../../../arm-none-eabi/lib/armv7-m\libg_nano.a(lib_a-init.o)
                0x000076cc                __libc_init_array
 .text.__itoa   0x00007718       0x2e d:/programme/psoc/psoc creator/4.2/psoc creator/import/gnu/arm/5.4.1/bin/../lib/gcc/arm-none-eabi/5.4.1/../../../../arm-none-eabi/lib/armv7-m\libg_nano.a(lib_a-itoa.o)
                0x00007718                __itoa
 .text.itoa     0x00007746        0x4 d:/programme/psoc/psoc creator/4.2/psoc creator/import/gnu/arm/5.4.1/bin/../lib/gcc/arm-none-eabi/5.4.1/../../../../arm-none-eabi/lib/armv7-m\libg_nano.a(lib_a-itoa.o)
                0x00007746                itoa
 .text.memcpy   0x0000774a       0x16 d:/programme/psoc/psoc creator/4.2/psoc creator/import/gnu/arm/5.4.1/bin/../lib/gcc/arm-none-eabi/5.4.1/../../../../arm-none-eabi/lib/armv7-m\libg_nano.a(lib_a-memcpy-stub.o)
                0x0000774a                memcpy
 .text.memset   0x00007760       0x10 d:/programme/psoc/psoc creator/4.2/psoc creator/import/gnu/arm/5.4.1/bin/../lib/gcc/arm-none-eabi/5.4.1/../../../../arm-none-eabi/lib/armv7-m\libg_nano.a(lib_a-memset.o)
                0x00007760                memset
 .text.__cvt    0x00007770       0xc0 d:/programme/psoc/psoc creator/4.2/psoc creator/import/gnu/arm/5.4.1/bin/../lib/gcc/arm-none-eabi/5.4.1/../../../../arm-none-eabi/lib/armv7-m\libg_nano.a(lib_a-nano-vfprintf_float.o)
                0x00007770                __cvt
 .text.__exponent
                0x00007830       0x62 d:/programme/psoc/psoc creator/4.2/psoc creator/import/gnu/arm/5.4.1/bin/../lib/gcc/arm-none-eabi/5.4.1/../../../../arm-none-eabi/lib/armv7-m\libg_nano.a(lib_a-nano-vfprintf_float.o)
                0x00007830                __exponent
 *fill*         0x00007892        0x2 
 .text._printf_float
                0x00007894      0x488 d:/programme/psoc/psoc creator/4.2/psoc creator/import/gnu/arm/5.4.1/bin/../lib/gcc/arm-none-eabi/5.4.1/../../../../arm-none-eabi/lib/armv7-m\libg_nano.a(lib_a-nano-vfprintf_float.o)
                0x00007894                _printf_float
 .text._printf_common
                0x00007d1c       0xec d:/programme/psoc/psoc creator/4.2/psoc creator/import/gnu/arm/5.4.1/bin/../lib/gcc/arm-none-eabi/5.4.1/../../../../arm-none-eabi/lib/armv7-m\libg_nano.a(lib_a-nano-vfprintf_i.o)
                0x00007d1c                _printf_common
 .text._printf_i
                0x00007e08      0x24c d:/programme/psoc/psoc creator/4.2/psoc creator/import/gnu/arm/5.4.1/bin/../lib/gcc/arm-none-eabi/5.4.1/../../../../arm-none-eabi/lib/armv7-m\libg_nano.a(lib_a-nano-vfprintf_i.o)
                0x00007e08                _printf_i
 .text.sprintf  0x00008054       0x48 d:/programme/psoc/psoc creator/4.2/psoc creator/import/gnu/arm/5.4.1/bin/../lib/gcc/arm-none-eabi/5.4.1/../../../../arm-none-eabi/lib/armv7-m\libg_nano.a(lib_a-sprintf.o)
                0x00008054                siprintf
                0x00008054                sprintf
 .text          0x0000809c       0x10 d:/programme/psoc/psoc creator/4.2/psoc creator/import/gnu/arm/5.4.1/bin/../lib/gcc/arm-none-eabi/5.4.1/../../../../arm-none-eabi/lib/armv7-m\libg_nano.a(lib_a-strlen.o)
                0x0000809c                strlen
 .text.__utoa   0x000080ac       0x78 d:/programme/psoc/psoc creator/4.2/psoc creator/import/gnu/arm/5.4.1/bin/../lib/gcc/arm-none-eabi/5.4.1/../../../../arm-none-eabi/lib/armv7-m\libg_nano.a(lib_a-utoa.o)
                0x000080ac                __utoa
 .text.quorem   0x00008124      0x116 d:/programme/psoc/psoc creator/4.2/psoc creator/import/gnu/arm/5.4.1/bin/../lib/gcc/arm-none-eabi/5.4.1/../../../../arm-none-eabi/lib/armv7-m\libg_nano.a(lib_a-dtoa.o)
 *fill*         0x0000823a        0x6 
 .text._dtoa_r  0x00008240      0xb30 d:/programme/psoc/psoc creator/4.2/psoc creator/import/gnu/arm/5.4.1/bin/../lib/gcc/arm-none-eabi/5.4.1/../../../../arm-none-eabi/lib/armv7-m\libg_nano.a(lib_a-dtoa.o)
                0x00008240                _dtoa_r
 .text._localeconv_r
                0x00008d70        0x8 d:/programme/psoc/psoc creator/4.2/psoc creator/import/gnu/arm/5.4.1/bin/../lib/gcc/arm-none-eabi/5.4.1/../../../../arm-none-eabi/lib/armv7-m\libg_nano.a(lib_a-locale.o)
                0x00008d70                _localeconv_r
 .text.malloc   0x00008d78       0x10 d:/programme/psoc/psoc creator/4.2/psoc creator/import/gnu/arm/5.4.1/bin/../lib/gcc/arm-none-eabi/5.4.1/../../../../arm-none-eabi/lib/armv7-m\libg_nano.a(lib_a-malloc.o)
                0x00008d78                malloc
 .text.memchr   0x00008d88       0x1c d:/programme/psoc/psoc creator/4.2/psoc creator/import/gnu/arm/5.4.1/bin/../lib/gcc/arm-none-eabi/5.4.1/../../../../arm-none-eabi/lib/armv7-m\libg_nano.a(lib_a-memchr-stub.o)
                0x00008d88                memchr
 .text._Balloc  0x00008da4       0x6a d:/programme/psoc/psoc creator/4.2/psoc creator/import/gnu/arm/5.4.1/bin/../lib/gcc/arm-none-eabi/5.4.1/../../../../arm-none-eabi/lib/armv7-m\libg_nano.a(lib_a-mprec.o)
                0x00008da4                _Balloc
 .text._Bfree   0x00008e0e       0x2e d:/programme/psoc/psoc creator/4.2/psoc creator/import/gnu/arm/5.4.1/bin/../lib/gcc/arm-none-eabi/5.4.1/../../../../arm-none-eabi/lib/armv7-m\libg_nano.a(lib_a-mprec.o)
                0x00008e0e                _Bfree
 .text.__multadd
                0x00008e3c       0x76 d:/programme/psoc/psoc creator/4.2/psoc creator/import/gnu/arm/5.4.1/bin/../lib/gcc/arm-none-eabi/5.4.1/../../../../arm-none-eabi/lib/armv7-m\libg_nano.a(lib_a-mprec.o)
                0x00008e3c                __multadd
 .text.__hi0bits
                0x00008eb2       0x40 d:/programme/psoc/psoc creator/4.2/psoc creator/import/gnu/arm/5.4.1/bin/../lib/gcc/arm-none-eabi/5.4.1/../../../../arm-none-eabi/lib/armv7-m\libg_nano.a(lib_a-mprec.o)
                0x00008eb2                __hi0bits
 .text.__lo0bits
                0x00008ef2       0x5a d:/programme/psoc/psoc creator/4.2/psoc creator/import/gnu/arm/5.4.1/bin/../lib/gcc/arm-none-eabi/5.4.1/../../../../arm-none-eabi/lib/armv7-m\libg_nano.a(lib_a-mprec.o)
                0x00008ef2                __lo0bits
 .text.__i2b    0x00008f4c       0x12 d:/programme/psoc/psoc creator/4.2/psoc creator/import/gnu/arm/5.4.1/bin/../lib/gcc/arm-none-eabi/5.4.1/../../../../arm-none-eabi/lib/armv7-m\libg_nano.a(lib_a-mprec.o)
                0x00008f4c                __i2b
 .text.__multiply
                0x00008f5e      0x120 d:/programme/psoc/psoc creator/4.2/psoc creator/import/gnu/arm/5.4.1/bin/../lib/gcc/arm-none-eabi/5.4.1/../../../../arm-none-eabi/lib/armv7-m\libg_nano.a(lib_a-mprec.o)
                0x00008f5e                __multiply
 *fill*         0x0000907e        0x2 
 .text.__pow5mult
                0x00009080       0x9c d:/programme/psoc/psoc creator/4.2/psoc creator/import/gnu/arm/5.4.1/bin/../lib/gcc/arm-none-eabi/5.4.1/../../../../arm-none-eabi/lib/armv7-m\libg_nano.a(lib_a-mprec.o)
                0x00009080                __pow5mult
 .text.__lshift
                0x0000911c       0xa2 d:/programme/psoc/psoc creator/4.2/psoc creator/import/gnu/arm/5.4.1/bin/../lib/gcc/arm-none-eabi/5.4.1/../../../../arm-none-eabi/lib/armv7-m\libg_nano.a(lib_a-mprec.o)
                0x0000911c                __lshift
 .text.__mcmp   0x000091be       0x38 d:/programme/psoc/psoc creator/4.2/psoc creator/import/gnu/arm/5.4.1/bin/../lib/gcc/arm-none-eabi/5.4.1/../../../../arm-none-eabi/lib/armv7-m\libg_nano.a(lib_a-mprec.o)
                0x000091be                __mcmp
 .text.__mdiff  0x000091f6       0xbe d:/programme/psoc/psoc creator/4.2/psoc creator/import/gnu/arm/5.4.1/bin/../lib/gcc/arm-none-eabi/5.4.1/../../../../arm-none-eabi/lib/armv7-m\libg_nano.a(lib_a-mprec.o)
                0x000091f6                __mdiff
 .text.__d2b    0x000092b4       0x9c d:/programme/psoc/psoc creator/4.2/psoc creator/import/gnu/arm/5.4.1/bin/../lib/gcc/arm-none-eabi/5.4.1/../../../../arm-none-eabi/lib/armv7-m\libg_nano.a(lib_a-mprec.o)
                0x000092b4                __d2b
 .text._calloc_r
                0x00009350       0x1c d:/programme/psoc/psoc creator/4.2/psoc creator/import/gnu/arm/5.4.1/bin/../lib/gcc/arm-none-eabi/5.4.1/../../../../arm-none-eabi/lib/armv7-m\libg_nano.a(lib_a-nano-callocr.o)
                0x00009350                _calloc_r
 .text._free_r  0x0000936c       0x98 d:/programme/psoc/psoc creator/4.2/psoc creator/import/gnu/arm/5.4.1/bin/../lib/gcc/arm-none-eabi/5.4.1/../../../../arm-none-eabi/lib/armv7-m\libg_nano.a(lib_a-nano-freer.o)
                0x0000936c                _free_r
 .text._malloc_r
                0x00009404       0xbc d:/programme/psoc/psoc creator/4.2/psoc creator/import/gnu/arm/5.4.1/bin/../lib/gcc/arm-none-eabi/5.4.1/../../../../arm-none-eabi/lib/armv7-m\libg_nano.a(lib_a-nano-mallocr.o)
                0x00009404                _malloc_r
 .text.__ssputs_r
                0x000094c0       0xb2 d:/programme/psoc/psoc creator/4.2/psoc creator/import/gnu/arm/5.4.1/bin/../lib/gcc/arm-none-eabi/5.4.1/../../../../arm-none-eabi/lib/armv7-m\libg_nano.a(lib_a-nano-svfprintf.o)
                0x000094c0                __ssputs_r
 *fill*         0x00009572        0x2 
 .text._svfprintf_r
                0x00009574      0x1e8 d:/programme/psoc/psoc creator/4.2/psoc creator/import/gnu/arm/5.4.1/bin/../lib/gcc/arm-none-eabi/5.4.1/../../../../arm-none-eabi/lib/armv7-m\libg_nano.a(lib_a-nano-svfprintf.o)
                0x00009574                _svfiprintf_r
                0x00009574                _svfprintf_r
 .text._sbrk_r  0x0000975c       0x20 d:/programme/psoc/psoc creator/4.2/psoc creator/import/gnu/arm/5.4.1/bin/../lib/gcc/arm-none-eabi/5.4.1/../../../../arm-none-eabi/lib/armv7-m\libg_nano.a(lib_a-sbrkr.o)
                0x0000975c                _sbrk_r
 .text.memmove  0x0000977c       0x36 d:/programme/psoc/psoc creator/4.2/psoc creator/import/gnu/arm/5.4.1/bin/../lib/gcc/arm-none-eabi/5.4.1/../../../../arm-none-eabi/lib/armv7-m\libg_nano.a(lib_a-memmove.o)
                0x0000977c                memmove
 .text.__malloc_lock
                0x000097b2        0x2 d:/programme/psoc/psoc creator/4.2/psoc creator/import/gnu/arm/5.4.1/bin/../lib/gcc/arm-none-eabi/5.4.1/../../../../arm-none-eabi/lib/armv7-m\libg_nano.a(lib_a-mlock.o)
                0x000097b2                __malloc_lock
 .text.__malloc_unlock
                0x000097b4        0x2 d:/programme/psoc/psoc creator/4.2/psoc creator/import/gnu/arm/5.4.1/bin/../lib/gcc/arm-none-eabi/5.4.1/../../../../arm-none-eabi/lib/armv7-m\libg_nano.a(lib_a-mlock.o)
                0x000097b4                __malloc_unlock
 .text._realloc_r
                0x000097b6       0x4c d:/programme/psoc/psoc creator/4.2/psoc creator/import/gnu/arm/5.4.1/bin/../lib/gcc/arm-none-eabi/5.4.1/../../../../arm-none-eabi/lib/armv7-m\libg_nano.a(lib_a-nano-reallocr.o)
                0x000097b6                _realloc_r
 .text._malloc_usable_size_r
                0x00009802       0x14 d:/programme/psoc/psoc creator/4.2/psoc creator/import/gnu/arm/5.4.1/bin/../lib/gcc/arm-none-eabi/5.4.1/../../../../arm-none-eabi/lib/armv7-m\libg_nano.a(lib_a-nano-msizer.o)
                0x00009802                _malloc_usable_size_r
 *fill*         0x00009816        0x2 
 .text          0x00009818       0x2c d:/programme/psoc/psoc creator/4.2/psoc creator/import/gnu/arm/5.4.1/bin/../lib/gcc/arm-none-eabi/5.4.1/armv7-m\libgcc.a(_arm_unorddf2.o)
                0x00009818                __unorddf2
                0x00009818                __aeabi_dcmpun
 *(.plt)
 *(.gnu.warning)
 *(.glue_7t)
 .glue_7t       0x00009844        0x0 linker stubs
 *(.glue_7)
 .glue_7        0x00009844        0x0 linker stubs
 *(.vfp11_veneer)
 .vfp11_veneer  0x00009844        0x0 linker stubs
 *(.bootloader)
 *(.ARM.extab* .gnu.linkonce.armextab.*)
 *(.gcc_except_table)

.v4_bx          0x00009844        0x0
 .v4_bx         0x00009844        0x0 linker stubs

.iplt           0x00009844        0x0
 .iplt          0x00009844        0x0 d:/programme/psoc/psoc creator/4.2/psoc creator/import/gnu/arm/5.4.1/bin/../lib/gcc/arm-none-eabi/5.4.1/armv7-m/crtbegin.o

.eh_frame_hdr
 *(.eh_frame_hdr)

.eh_frame       0x00009844        0x4
 *(.eh_frame)
 .eh_frame      0x00009844        0x0 d:/programme/psoc/psoc creator/4.2/psoc creator/import/gnu/arm/5.4.1/bin/../lib/gcc/arm-none-eabi/5.4.1/armv7-m/crtbegin.o
 .eh_frame      0x00009844        0x4 d:/programme/psoc/psoc creator/4.2/psoc creator/import/gnu/arm/5.4.1/bin/../lib/gcc/arm-none-eabi/5.4.1/armv7-m/crtend.o
                [!provide]                PROVIDE (__exidx_start, .)

.ARM.exidx
 *(.ARM.exidx* .gnu.linkonce.armexidx.*)
                0x00009848                __exidx_end = .

.rodata         0x00009848      0x738
 *(.rodata .rodata.* .gnu.linkonce.r.*)
 .rodata        0x00009848      0x3b4 .\CortexM3\ARM_GCC_541\Debug\main.o
                0x00009848                MAXMEASUREMENTSTEPS
                0x000098d0                MeasurementLaser
 .rodata        0x00009bfc       0x50 .\CortexM3\ARM_GCC_541\Debug\cyfitter_cfg.o
 .rodata        0x00009c4c       0x15 .\CortexM3\ARM_GCC_541\Debug\LamellaDevice.a(PGA_Photo.o)
 *fill*         0x00009c61        0x3 
 .rodata        0x00009c64       0x78 .\emFile_V322c\LinkLibrary\PSoC5\GCC\libemf32noslfn.a(FS_Misc.o)
 .rodata.str1.1
                0x00009cdc       0x30 .\emFile_V322c\LinkLibrary\PSoC5\GCC\libemf32noslfn.a(FS_Misc.o)
 .rodata        0x00009d0c       0x10 .\emFile_V322c\LinkLibrary\PSoC5\GCC\libemf32noslfn.a(FAT_Misc.o)
                0x00009d0c                FAT_SFN_API
 .rodata.str1.1
                0x00009d1c        0x3 .\emFile_V322c\LinkLibrary\PSoC5\GCC\libemf32noslfn.a(FAT_Open.o)
 *fill*         0x00009d1f        0x1 
 .rodata.str1.4
                0x00009d20        0x4 d:/programme/psoc/psoc creator/4.2/psoc creator/import/gnu/arm/5.4.1/bin/../lib/gcc/arm-none-eabi/5.4.1/../../../../arm-none-eabi/lib/armv7-m\libm.a(lib_a-w_exp.o)
 *fill*         0x00009d24        0x4 
 .rodata.halF   0x00009d28       0x10 d:/programme/psoc/psoc creator/4.2/psoc creator/import/gnu/arm/5.4.1/bin/../lib/gcc/arm-none-eabi/5.4.1/../../../../arm-none-eabi/lib/armv7-m\libm.a(lib_a-e_exp.o)
 .rodata.ln2LO  0x00009d38       0x10 d:/programme/psoc/psoc creator/4.2/psoc creator/import/gnu/arm/5.4.1/bin/../lib/gcc/arm-none-eabi/5.4.1/../../../../arm-none-eabi/lib/armv7-m\libm.a(lib_a-e_exp.o)
 .rodata.ln2HI  0x00009d48       0x10 d:/programme/psoc/psoc creator/4.2/psoc creator/import/gnu/arm/5.4.1/bin/../lib/gcc/arm-none-eabi/5.4.1/../../../../arm-none-eabi/lib/armv7-m\libm.a(lib_a-e_exp.o)
 .rodata        0x00009d58       0x68 .\emFile_V322c\LinkLibrary\PSoC5\GCC\libemf32noslfn.a(MMC_Drv.o)
                0x00009da0                FS_MMC_SPI_Driver
 .rodata.str1.1
                0x00009dc0        0x4 .\emFile_V322c\LinkLibrary\PSoC5\GCC\libemf32noslfn.a(MMC_Drv.o)
 .rodata.str1.1
                0x00009dc4        0x2 d:/programme/psoc/psoc creator/4.2/psoc creator/import/gnu/arm/5.4.1/bin/../lib/gcc/arm-none-eabi/5.4.1/../../../../arm-none-eabi/lib/armv7-m\libg_nano.a(lib_a-impure.o)
 .rodata.str1.1
                0x00009dc6       0x12 d:/programme/psoc/psoc creator/4.2/psoc creator/import/gnu/arm/5.4.1/bin/../lib/gcc/arm-none-eabi/5.4.1/../../../../arm-none-eabi/lib/armv7-m\libg_nano.a(lib_a-nano-vfprintf_float.o)
 .rodata.str1.1
                0x00009dd8       0x22 d:/programme/psoc/psoc creator/4.2/psoc creator/import/gnu/arm/5.4.1/bin/../lib/gcc/arm-none-eabi/5.4.1/../../../../arm-none-eabi/lib/armv7-m\libg_nano.a(lib_a-nano-vfprintf_i.o)
 .rodata.str1.1
                0x00009dfa       0x25 d:/programme/psoc/psoc creator/4.2/psoc creator/import/gnu/arm/5.4.1/bin/../lib/gcc/arm-none-eabi/5.4.1/../../../../arm-none-eabi/lib/armv7-m\libg_nano.a(lib_a-utoa.o)
 .rodata.str1.1
                0x00009e1f        0xd d:/programme/psoc/psoc creator/4.2/psoc creator/import/gnu/arm/5.4.1/bin/../lib/gcc/arm-none-eabi/5.4.1/../../../../arm-none-eabi/lib/armv7-m\libg_nano.a(lib_a-dtoa.o)
                                  0xf (size before relaxing)
 .rodata.str1.1
                0x00009e2c        0x6 d:/programme/psoc/psoc creator/4.2/psoc creator/import/gnu/arm/5.4.1/bin/../lib/gcc/arm-none-eabi/5.4.1/../../../../arm-none-eabi/lib/armv7-m\libg_nano.a(lib_a-locale.o)
                                  0xb (size before relaxing)
 *fill*         0x00009e32        0x6 
 .rodata.__mprec_tens
                0x00009e38       0xc8 d:/programme/psoc/psoc creator/4.2/psoc creator/import/gnu/arm/5.4.1/bin/../lib/gcc/arm-none-eabi/5.4.1/../../../../arm-none-eabi/lib/armv7-m\libg_nano.a(lib_a-mprec.o)
                0x00009e38                __mprec_tens
 .rodata.p05.5408
                0x00009f00        0xc d:/programme/psoc/psoc creator/4.2/psoc creator/import/gnu/arm/5.4.1/bin/../lib/gcc/arm-none-eabi/5.4.1/../../../../arm-none-eabi/lib/armv7-m\libg_nano.a(lib_a-mprec.o)
 *fill*         0x00009f0c        0x4 
 .rodata.__mprec_bigtens
                0x00009f10       0x28 d:/programme/psoc/psoc creator/4.2/psoc creator/import/gnu/arm/5.4.1/bin/../lib/gcc/arm-none-eabi/5.4.1/../../../../arm-none-eabi/lib/armv7-m\libg_nano.a(lib_a-mprec.o)
                0x00009f10                __mprec_bigtens
 .rodata.str1.1
                0x00009f38       0x11 d:/programme/psoc/psoc creator/4.2/psoc creator/import/gnu/arm/5.4.1/bin/../lib/gcc/arm-none-eabi/5.4.1/../../../../arm-none-eabi/lib/armv7-m\libg_nano.a(lib_a-nano-svfprintf.o)
                0x00009f4c                . = ALIGN (0x4)
 *fill*         0x00009f49        0x3 
 *(.init)
 .init          0x00009f4c        0x4 d:/programme/psoc/psoc creator/4.2/psoc creator/import/gnu/arm/5.4.1/bin/../lib/gcc/arm-none-eabi/5.4.1/armv7-m/crti.o
                0x00009f4c                _init
 .init          0x00009f50        0x8 d:/programme/psoc/psoc creator/4.2/psoc creator/import/gnu/arm/5.4.1/bin/../lib/gcc/arm-none-eabi/5.4.1/armv7-m/crtn.o
                0x00009f58                . = ALIGN (0x4)
                0x00009f58                __preinit_array_start = .
 *(.preinit_array)
                0x00009f58                __preinit_array_end = .
                0x00009f58                . = ALIGN (0x4)
                0x00009f58                __init_array_start = .
 *(SORT(.init_array.*))
 *(.init_array)
 .init_array    0x00009f58        0x4 d:/programme/psoc/psoc creator/4.2/psoc creator/import/gnu/arm/5.4.1/bin/../lib/gcc/arm-none-eabi/5.4.1/armv7-m/crtbegin.o
 .init_array    0x00009f5c        0x4 .\CortexM3\ARM_GCC_541\Debug\Cm3Start.o
                0x00009f60                __init_array_end = .
                0x00009f60                . = ALIGN (0x4)
 *(.fini)
 .fini          0x00009f60        0x4 d:/programme/psoc/psoc creator/4.2/psoc creator/import/gnu/arm/5.4.1/bin/../lib/gcc/arm-none-eabi/5.4.1/armv7-m/crti.o
                0x00009f60                _fini
 .fini          0x00009f64        0x8 d:/programme/psoc/psoc creator/4.2/psoc creator/import/gnu/arm/5.4.1/bin/../lib/gcc/arm-none-eabi/5.4.1/armv7-m/crtn.o
                0x00009f6c                . = ALIGN (0x4)
                0x00009f6c                __fini_array_start = .
 *(.fini_array)
 .fini_array    0x00009f6c        0x4 d:/programme/psoc/psoc creator/4.2/psoc creator/import/gnu/arm/5.4.1/bin/../lib/gcc/arm-none-eabi/5.4.1/armv7-m/crtbegin.o
 *(SORT(.fini_array.*))
                0x00009f70                __fini_array_end = .
                0x00009f70                . = ALIGN (0x4)
 *crtbegin.o(.ctors)
 *(EXCLUDE_FILE(*crtend.o) .ctors)
 *(SORT(.ctors.*))
 *crtend.o(.ctors)
                0x00009f70                . = ALIGN (0x4)
 *crtbegin.o(.dtors)
 *(EXCLUDE_FILE(*crtend.o) .dtors)
 *(SORT(.dtors.*))
 *crtend.o(.dtors)
                0x00009f70                . = ALIGN (0x4)
                0x00009f70                __cy_regions = .
                0x00009f70        0x4 LONG 0x9f80 __cy_region_init_ram
                0x00009f74        0x4 LONG 0x1fff80c8 __cy_region_start_data
                0x00009f78        0x4 LONG 0xd0 __cy_region_init_size_ram
                0x00009f7c        0x4 LONG 0x1190 __cy_region_zero_size_ram
                0x00009f80                __cy_regions_end = .
                0x00009f80                . = ALIGN (0x8)
                0x00009f80                _etext = .

.cy_checksum_exclude
                0x00009f80        0x0
 *(.cy_checksum_exclude)

.ramvectors     0x1fff8000       0xc0
                0x1fff8000                __cy_region_start_ram = .
 *(.ramvectors)
 .ramvectors    0x1fff8000       0xc0 .\CortexM3\ARM_GCC_541\Debug\Cm3Start.o
                0x1fff8000                CyRamVectors

.noinit         0x1fff80c0        0x5
 *(.noinit)
 .noinit        0x1fff80c0        0x4 .\CortexM3\ARM_GCC_541\Debug\Cm3Start.o
 .noinit        0x1fff80c4        0x1 .\CortexM3\ARM_GCC_541\Debug\LamellaDevice.a(CyLib.o)
                0x1fff80c4                CyResetStatus

.data           0x1fff80c8       0xd0 load address 0x00009f80
                0x1fff80c8                __cy_region_start_data = .
 *(.jcr)
 .jcr           0x1fff80c8        0x0 d:/programme/psoc/psoc creator/4.2/psoc creator/import/gnu/arm/5.4.1/bin/../lib/gcc/arm-none-eabi/5.4.1/armv7-m/crtbegin.o
 .jcr           0x1fff80c8        0x4 d:/programme/psoc/psoc creator/4.2/psoc creator/import/gnu/arm/5.4.1/bin/../lib/gcc/arm-none-eabi/5.4.1/armv7-m/crtend.o
 *(.got.plt)
 *(.got)
 *(.shdata)
 *(.data .data.* .gnu.linkonce.d.*)
 .data          0x1fff80cc       0x10 .\CortexM3\ARM_GCC_541\Debug\main.o
                0x1fff80cc                g_NextionInterrupt
                0x1fff80cd                g_PCInterrupt
                0x1fff80ce                g_ActivePage
                0x1fff80d0                g_Stepper_MaxFrequency
                0x1fff80d4                g_Stepper_SigmoidShift
                0x1fff80d8                g_Stepper_SigmoidRaise
 .data          0x1fff80dc        0x4 .\CortexM3\ARM_GCC_541\Debug\Cm3Start.o
 .data          0x1fff80e0       0x10 .\CortexM3\ARM_GCC_541\Debug\LamellaDevice.a(CyLib.o)
                0x1fff80e0                cydelay_freq_hz
                0x1fff80e4                cydelay_freq_khz
                0x1fff80e8                cydelay_freq_mhz
                0x1fff80ec                cydelay_32k_ms
 .data          0x1fff80f0        0x4 .\emFile_V322c\LinkLibrary\PSoC5\GCC\libemf32noslfn.a(FAT_Misc.o)
                0x1fff80f0                FAT_pDirEntryAPI
 .data.__fdlib_version
                0x1fff80f4        0x1 d:/programme/psoc/psoc creator/4.2/psoc creator/import/gnu/arm/5.4.1/bin/../lib/gcc/arm-none-eabi/5.4.1/../../../../arm-none-eabi/lib/armv7-m\libm.a(lib_a-s_lib_ver.o)
                0x1fff80f4                __fdlib_version
 *fill*         0x1fff80f5        0x3 
 .data          0x1fff80f8        0x4 .\emFile_V322c\LinkLibrary\PSoC5\GCC\libemf32noslfn.a(MMC_Drv.o)
 .data.impure_data
                0x1fff80fc       0x60 d:/programme/psoc/psoc creator/4.2/psoc creator/import/gnu/arm/5.4.1/bin/../lib/gcc/arm-none-eabi/5.4.1/../../../../arm-none-eabi/lib/armv7-m\libg_nano.a(lib_a-impure.o)
 .data._impure_ptr
                0x1fff815c        0x4 d:/programme/psoc/psoc creator/4.2/psoc creator/import/gnu/arm/5.4.1/bin/../lib/gcc/arm-none-eabi/5.4.1/../../../../arm-none-eabi/lib/armv7-m\libg_nano.a(lib_a-impure.o)
                0x1fff815c                _impure_ptr
 .data.lconv    0x1fff8160       0x38 d:/programme/psoc/psoc creator/4.2/psoc creator/import/gnu/arm/5.4.1/bin/../lib/gcc/arm-none-eabi/5.4.1/../../../../arm-none-eabi/lib/armv7-m\libg_nano.a(lib_a-locale.o)
                0x1fff8198                . = ALIGN (0x8)
 *(.ram)
                0x1fff8198                _edata = .

.igot.plt       0x1fff8198        0x0 load address 0x0000a050
 .igot.plt      0x1fff8198        0x0 d:/programme/psoc/psoc creator/4.2/psoc creator/import/gnu/arm/5.4.1/bin/../lib/gcc/arm-none-eabi/5.4.1/armv7-m/crtbegin.o

.bss            0x1fff8198     0x1190 load address 0x0000a050
                0x1fff8198                PROVIDE (__bss_start__, .)
 *(.shbss)
 *(.bss .bss.* .gnu.linkonce.b.*)
 .bss           0x1fff8198       0x1c d:/programme/psoc/psoc creator/4.2/psoc creator/import/gnu/arm/5.4.1/bin/../lib/gcc/arm-none-eabi/5.4.1/armv7-m/crtbegin.o
 *fill*         0x1fff81b4        0x4 
 .bss           0x1fff81b8       0x64 .\CortexM3\ARM_GCC_541\Debug\main.o
                0x1fff81b8                g_SliderValueReceiving
                0x1fff81bc                g_Error_Code
                0x1fff81c0                g_NumberOfMeasurements
                0x1fff81c4                g_SwitchPeriodOfLaser_ms
                0x1fff81c8                g_MaxMeasurementTime_min
                0x1fff81cc                g_FormationTime_ms
                0x1fff81d0                g_RelaxationTime_ms
                0x1fff81d4                g_ConfirmationTime_ms
                0x1fff81d8                g_ThresholdValue_mV
                0x1fff81dc                g_DataLogging
                0x1fff81dd                LaserState1
                0x1fff81de                LaserState2
                0x1fff81df                LaserState3
                0x1fff81e0                OutputState1
                0x1fff81e1                OutputState2
                0x1fff81e4                v_timer_100ms
                0x1fff81e8                v_timerflag_100ms
                0x1fff81ec                v_timer_waiting
                0x1fff81f0                v_timerflag_waiting
                0x1fff81f8                v_timer_Lifetime_ms
                0x1fff8200                v_timer_Measurement
                0x1fff8204                v_timerflag_Measurement
                0x1fff8208                v_timer_LaserSwitch
                0x1fff820c                v_timerflag_LaserSwitch
                0x1fff8210                v_timer_500ms
                0x1fff8214                v_timerflag_500ms
 .bss           0x1fff821c        0x1 .\CortexM3\ARM_GCC_541\Debug\LamellaDevice.a(Analog_Digital_Converter.o)
                0x1fff821c                Analog_Digital_Converter_initVar
 .bss           0x1fff821d        0x9 .\CortexM3\ARM_GCC_541\Debug\LamellaDevice.a(UART_TFT.o)
                0x1fff821d                UART_TFT_initVar
                0x1fff821e                UART_TFT_txBufferRead
                0x1fff821f                UART_TFT_txBufferWrite
                0x1fff8220                UART_TFT_errorStatus
                0x1fff8221                UART_TFT_rxBufferRead
                0x1fff8222                UART_TFT_rxBufferWrite
                0x1fff8223                UART_TFT_rxBufferLoopDetect
                0x1fff8224                UART_TFT_rxBufferOverflow
 .bss           0x1fff8226        0x1 .\CortexM3\ARM_GCC_541\Debug\LamellaDevice.a(Timer1.o)
                0x1fff8226                Timer1_initVar
 .bss           0x1fff8227        0x1 .\CortexM3\ARM_GCC_541\Debug\LamellaDevice.a(PGA_Photo.o)
                0x1fff8227                PGA_Photo_initVar
 .bss           0x1fff8228        0x1 .\CortexM3\ARM_GCC_541\Debug\LamellaDevice.a(TIA_1.o)
                0x1fff8228                TIA_1_initVar
 .bss           0x1fff8229        0x2 .\CortexM3\ARM_GCC_541\Debug\LamellaDevice.a(UART_PC.o)
                0x1fff8229                UART_PC_initVar
 *fill*         0x1fff822b        0x1 
 .bss           0x1fff822c        0xc .\emFile_V322c\LinkLibrary\PSoC5\GCC\libemf32noslfn.a(FS_Core.o)
 .bss           0x1fff8238     0x1000 .\CortexM3\ARM_GCC_541\Debug\LamellaDevice.a(emFile_ConfigMMC_SPI.o)
 .bss           0x1fff9238       0x14 .\emFile_V322c\LinkLibrary\PSoC5\GCC\libemf32noslfn.a(MMC_Drv.o)
 .bss           0x1fff924c        0x1 .\CortexM3\ARM_GCC_541\Debug\LamellaDevice.a(emFile_MMC_HW_SPI.o)
 .bss           0x1fff924d        0x1 .\CortexM3\ARM_GCC_541\Debug\LamellaDevice.a(emFile_SPI0.o)
                0x1fff924d                emFile_SPI0_initVar
 *fill*         0x1fff924e        0x2 
 .bss.__malloc_sbrk_start
                0x1fff9250        0x4 d:/programme/psoc/psoc creator/4.2/psoc creator/import/gnu/arm/5.4.1/bin/../lib/gcc/arm-none-eabi/5.4.1/../../../../arm-none-eabi/lib/armv7-m\libg_nano.a(lib_a-nano-mallocr.o)
                0x1fff9250                __malloc_sbrk_start
 .bss.__malloc_free_list
                0x1fff9254        0x4 d:/programme/psoc/psoc creator/4.2/psoc creator/import/gnu/arm/5.4.1/bin/../lib/gcc/arm-none-eabi/5.4.1/../../../../arm-none-eabi/lib/armv7-m\libg_nano.a(lib_a-nano-mallocr.o)
                0x1fff9254                __malloc_free_list
 *(COMMON)
 COMMON         0x1fff9258       0x10 .\CortexM3\ARM_GCC_541\Debug\main.o
                0x1fff9258                g_measurementLasers
                0x1fff9264                g_SliderValueBuffer
 COMMON         0x1fff9268        0xa .\CortexM3\ARM_GCC_541\Debug\LamellaDevice.a(Analog_Digital_Converter.o)
                0x1fff9268                Analog_Digital_Converter_countsPer10Volt
                0x1fff926c                Analog_Digital_Converter_offset
                0x1fff926e                Analog_Digital_Converter_shift
                0x1fff9270                Analog_Digital_Converter_countsPerVolt
 *fill*         0x1fff9272        0x2 
 COMMON         0x1fff9274       0x28 .\CortexM3\ARM_GCC_541\Debug\LamellaDevice.a(UART_TFT.o)
                0x1fff9274                UART_TFT_rxBuffer
                0x1fff9288                UART_TFT_txBuffer
 COMMON         0x1fff929c       0x88 .\emFile_V322c\LinkLibrary\PSoC5\GCC\libemf32noslfn.a(FS_Core.o)
                0x1fff929c                FS_Global
                0x1fff9320                FS_NumBytesAllocated
 COMMON         0x1fff9324        0x4 d:/programme/psoc/psoc creator/4.2/psoc creator/import/gnu/arm/5.4.1/bin/../lib/gcc/arm-none-eabi/5.4.1/../../../../arm-none-eabi/lib/armv7-m\libg_nano.a(lib_a-reent.o)
                0x1fff9324                errno
                0x1fff9328                . = ALIGN (0x8)
 *(.ram.b)
                0x1fff9328                _end = .
                0x1fff9328                __end = .
                0x1fff9328                PROVIDE (end, .)
                0x1fff9328                PROVIDE (__bss_end__, .)
                0x00009f80                __cy_region_init_ram = LOADADDR (.data)
                0x000000d0                __cy_region_init_size_ram = (_edata - ADDR (.data))
                0x00001190                __cy_region_zero_size_ram = (_end - _edata)

.heap           0x1fff9328      0x200 load address 0x0000a050
                0x1fff9328                . = _end
                0x1fff9528                . = (. + 0x200)
 *fill*         0x1fff9328      0x200 
                0x1fff9528                __cy_heap_limit = .

.stack          0x20007800      0x800
                0x20007800                __cy_stack_limit = .
                0x20008000                . = (. + 0x800)
 *fill*         0x20007800      0x800 
                0x00000001                ASSERT ((__cy_stack_limit >= __cy_heap_limit), region RAM overflowed with stack)
                0x00000000                cy_checksum_exclude_size = (CY_APPL_LOADABLE == 0x1)?SIZEOF (.cy_checksum_exclude):0x0
                0x00000001                ASSERT ((cy_checksum_exclude_size <= CY_CHECKSUM_EXCLUDE_SIZE), CY_BOOT: Section .cy_checksum_exclude size exceedes specified limit.)

.cyloadermeta
 *(.cyloadermeta)

.cyloadablemeta
 *(.cyloadablemeta)

.cyconfigecc    0x80000000      0x91c
 *(.cyconfigecc)