Archive member included because of file (symbol)

.\CortexM3\ARM_GCC_493\Debug\PSOC5_Blinkschaltung.a(cyfitter_cfg.o)
                              .\CortexM3\ARM_GCC_493\Debug\Cm3Start.o (cyfitter_cfg)
.\CortexM3\ARM_GCC_493\Debug\PSOC5_Blinkschaltung.a(CyLib.o)
                              .\CortexM3\ARM_GCC_493\Debug\Cm3Start.o (CyResetStatus)
.\CortexM3\ARM_GCC_493\Debug\PSOC5_Blinkschaltung.a(cyPm.o)
                              .\CortexM3\ARM_GCC_493\Debug\PSOC5_Blinkschaltung.a(CyLib.o) (CyPmReadStatus)
.\CortexM3\ARM_GCC_493\Debug\PSOC5_Blinkschaltung.a(Pin_LED.o)
                              .\CortexM3\ARM_GCC_493\Debug\main.o (Pin_LED_Write)
.\CortexM3\ARM_GCC_493\Debug\PSOC5_Blinkschaltung.a(Pin_StepperCLK.o)
                              .\CortexM3\ARM_GCC_493\Debug\main.o (Pin_StepperCLK_Write)
.\CortexM3\ARM_GCC_493\Debug\PSOC5_Blinkschaltung.a(Pin_StepperDIR.o)
                              .\CortexM3\ARM_GCC_493\Debug\main.o (Pin_StepperDIR_Write)
.\CortexM3\ARM_GCC_493\Debug\PSOC5_Blinkschaltung.a(Pin_StepperEN.o)
                              .\CortexM3\ARM_GCC_493\Debug\main.o (Pin_StepperEN_Write)
.\CortexM3\ARM_GCC_493\Debug\PSOC5_Blinkschaltung.a(Analog_Digital_Converter.o)
                              .\CortexM3\ARM_GCC_493\Debug\main.o (Analog_Digital_Converter_Start)
.\CortexM3\ARM_GCC_493\Debug\PSOC5_Blinkschaltung.a(Analog_Digital_Converter_INT.o)
                              .\CortexM3\ARM_GCC_493\Debug\PSOC5_Blinkschaltung.a(Analog_Digital_Converter.o) (Analog_Digital_Converter_ISR)
.\CortexM3\ARM_GCC_493\Debug\PSOC5_Blinkschaltung.a(Analog_Digital_Converter_theACLK.o)
                              .\CortexM3\ARM_GCC_493\Debug\PSOC5_Blinkschaltung.a(Analog_Digital_Converter.o) (Analog_Digital_Converter_theACLK_SetModeRegister)
.\CortexM3\ARM_GCC_493\Debug\PSOC5_Blinkschaltung.a(Pin_LaserEN.o)
                              .\CortexM3\ARM_GCC_493\Debug\main.o (Pin_LaserEN_Write)
.\CortexM3\ARM_GCC_493\Debug\PSOC5_Blinkschaltung.a(UART_TFT.o)
                              .\CortexM3\ARM_GCC_493\Debug\main.o (UART_TFT_Start)
.\CortexM3\ARM_GCC_493\Debug\PSOC5_Blinkschaltung.a(UART_TFT_INT.o)
                              .\CortexM3\ARM_GCC_493\Debug\PSOC5_Blinkschaltung.a(UART_TFT.o) (UART_TFT_RXISR)
.\CortexM3\ARM_GCC_493\Debug\PSOC5_Blinkschaltung.a(UART_TFT_IntClock.o)
                              .\CortexM3\ARM_GCC_493\Debug\PSOC5_Blinkschaltung.a(UART_TFT.o) (UART_TFT_IntClock_Start)
.\CortexM3\ARM_GCC_493\Debug\PSOC5_Blinkschaltung.a(Interr_TFT.o)
                              .\CortexM3\ARM_GCC_493\Debug\main.o (Interr_TFT_StartEx)
.\CortexM3\ARM_GCC_493\Debug\PSOC5_Blinkschaltung.a(Timer1.o)
                              .\CortexM3\ARM_GCC_493\Debug\main.o (Timer1_Start)
.\CortexM3\ARM_GCC_493\Debug\PSOC5_Blinkschaltung.a(Timer1_Function.o)
                              .\CortexM3\ARM_GCC_493\Debug\main.o (Timer1_Function_StartEx)
.\CortexM3\ARM_GCC_493\Debug\PSOC5_Blinkschaltung.a(LED_slider_val_sent.o)
                              .\CortexM3\ARM_GCC_493\Debug\main.o (LED_slider_val_sent_Write)
.\CortexM3\ARM_GCC_493\Debug\PSOC5_Blinkschaltung.a(LED_slider_val_received.o)
                              .\CortexM3\ARM_GCC_493\Debug\main.o (LED_slider_val_received_Write)
.\CortexM3\ARM_GCC_493\Debug\PSOC5_Blinkschaltung.a(LED_Measurement_running.o)
                              .\CortexM3\ARM_GCC_493\Debug\main.o (LED_Measurement_running_Write)
.\CortexM3\ARM_GCC_493\Debug\PSOC5_Blinkschaltung.a(Emul_EEPROM.o)
                              .\CortexM3\ARM_GCC_493\Debug\main.o (Emul_EEPROM_Start)
.\CortexM3\ARM_GCC_493\Debug\PSOC5_Blinkschaltung.a(PGA_Photo.o)
                              .\CortexM3\ARM_GCC_493\Debug\main.o (PGA_Photo_Start)
.\CortexM3\ARM_GCC_493\Debug\PSOC5_Blinkschaltung.a(Pin_StepperSLEEP.o)
                              .\CortexM3\ARM_GCC_493\Debug\main.o (Pin_StepperSLEEP_Write)
.\CortexM3\ARM_GCC_493\Debug\PSOC5_Blinkschaltung.a(Pin_StepperRES.o)
                              .\CortexM3\ARM_GCC_493\Debug\main.o (Pin_StepperRES_Write)
.\CortexM3\ARM_GCC_493\Debug\PSOC5_Blinkschaltung.a(Pin_StepperMS3.o)
                              .\CortexM3\ARM_GCC_493\Debug\main.o (Pin_StepperMS3_Write)
.\CortexM3\ARM_GCC_493\Debug\PSOC5_Blinkschaltung.a(Pin_StepperMS2.o)
                              .\CortexM3\ARM_GCC_493\Debug\main.o (Pin_StepperMS2_Write)
.\CortexM3\ARM_GCC_493\Debug\PSOC5_Blinkschaltung.a(Pin_StepperMS1.o)
                              .\CortexM3\ARM_GCC_493\Debug\main.o (Pin_StepperMS1_Write)
.\CortexM3\ARM_GCC_493\Debug\PSOC5_Blinkschaltung.a(TIA_1.o)
                              .\CortexM3\ARM_GCC_493\Debug\main.o (TIA_1_Start)
.\CortexM3\ARM_GCC_493\Debug\PSOC5_Blinkschaltung.a(SW_Tx_UART_1.o)
                              .\CortexM3\ARM_GCC_493\Debug\main.o (SW_Tx_UART_1_Start)
.\CortexM3\ARM_GCC_493\Debug\PSOC5_Blinkschaltung.a(CyBootAsmGnu.o)
[...]
Memory Configuration

Name             Origin             Length             Attributes
rom              0x00000000         0x00040000         xr
ram              0x1fff8000         0x00010000         xrw
*default*        0x00000000         0xffffffff

Linker script and memory map

LOAD c:/program files (x86)/cypress/psoc creator/4.0/psoc creator/import/gnu/arm/4.9.3/bin/../lib/gcc/arm-none-eabi/4.9.3/armv7-m/crti.o
LOAD c:/program files (x86)/cypress/psoc creator/4.0/psoc creator/import/gnu/arm/4.9.3/bin/../lib/gcc/arm-none-eabi/4.9.3/armv7-m/crtbegin.o
LOAD c:/program files (x86)/cypress/psoc creator/4.0/psoc creator/import/gnu/arm/4.9.3/bin/../lib/gcc/arm-none-eabi/4.9.3/../../../../arm-none-eabi/lib/armv7-m/crt0.o
START GROUP
LOAD .\CortexM3\ARM_GCC_493\Debug\main.o
LOAD .\CortexM3\ARM_GCC_493\Debug\cymetadata.o
LOAD .\CortexM3\ARM_GCC_493\Debug\Cm3Start.o
LOAD .\CortexM3\ARM_GCC_493\Debug\PSOC5_Blinkschaltung.a
LOAD C:\Program Files (x86)\Cypress\PSoC Creator\4.0\PSoC Creator\psoc\content\cycomponentlibrary\CyComponentLibrary.cylib\CortexM3\ARM_GCC_493\Debug\CyComponentLibrary.a
LOAD ..\emFile_V322c\LinkLibrary\PSoC5\GCC\libemf32noslfn.a
LOAD c:/program files (x86)/cypress/psoc creator/4.0/psoc creator/import/gnu/arm/4.9.3/bin/../lib/gcc/arm-none-eabi/4.9.3/../../../../arm-none-eabi/lib/armv7-m\libm.a
END GROUP
START GROUP
LOAD c:/program files (x86)/cypress/psoc creator/4.0/psoc creator/import/gnu/arm/4.9.3/bin/../lib/gcc/arm-none-eabi/4.9.3/armv7-m\libgcc.a
LOAD c:/program files (x86)/cypress/psoc creator/4.0/psoc creator/import/gnu/arm/4.9.3/bin/../lib/gcc/arm-none-eabi/4.9.3/../../../../arm-none-eabi/lib/armv7-m\libg_nano.a
LOAD c:/program files (x86)/cypress/psoc creator/4.0/psoc creator/import/gnu/arm/4.9.3/bin/../lib/gcc/arm-none-eabi/4.9.3/../../../../arm-none-eabi/lib/armv7-m\libc_nano.a
END GROUP
START GROUP
LOAD c:/program files (x86)/cypress/psoc creator/4.0/psoc creator/import/gnu/arm/4.9.3/bin/../lib/gcc/arm-none-eabi/4.9.3/armv7-m\libgcc.a
LOAD c:/program files (x86)/cypress/psoc creator/4.0/psoc creator/import/gnu/arm/4.9.3/bin/../lib/gcc/arm-none-eabi/4.9.3/../../../../arm-none-eabi/lib/armv7-m\libc_nano.a
END GROUP
LOAD c:/program files (x86)/cypress/psoc creator/4.0/psoc creator/import/gnu/arm/4.9.3/bin/../lib/gcc/arm-none-eabi/4.9.3/armv7-m/crtend.o
LOAD c:/program files (x86)/cypress/psoc creator/4.0/psoc creator/import/gnu/arm/4.9.3/bin/../lib/gcc/arm-none-eabi/4.9.3/armv7-m/crtn.o
START GROUP
LOAD c:/program files (x86)/cypress/psoc creator/4.0/psoc creator/import/gnu/arm/4.9.3/bin/../lib/gcc/arm-none-eabi/4.9.3/armv7-m\libgcc.a
LOAD c:/program files (x86)/cypress/psoc creator/4.0/psoc creator/import/gnu/arm/4.9.3/bin/../lib/gcc/arm-none-eabi/4.9.3/../../../../arm-none-eabi/lib/armv7-m\libc.a
LOAD c:/program files (x86)/cypress/psoc creator/4.0/psoc creator/import/gnu/arm/4.9.3/bin/../lib/gcc/arm-none-eabi/4.9.3/../../../../arm-none-eabi/lib/armv7-m\libnosys.a
END GROUP
                0x00000000                CY_APPL_ORIGIN = 0x0
                0x00000100                CY_FLASH_ROW_SIZE = 0x100
                0x00000020                CY_ECC_ROW_SIZE = 0x20
                0x00000000                CY_EE_IN_BTLDR = 0x0
                0x00000000                CY_APPL_LOADABLE = 0x0
                0x00000800                CY_EE_SIZE = 0x800
                0x00000001                CY_APPL_NUM = 0x1
                0x00000001                CY_APPL_MAX = 0x1
                0x00000040                CY_METADATA_SIZE = 0x40
                0x1fffb408                PROVIDE (__cy_heap_start, _end)
                0x00000001                PROVIDE (__cy_region_num, ((__cy_regions_end - __cy_regions) / 0x10))
                0x20008000                PROVIDE (__cy_stack, (ORIGIN (ram) + 0x10000))
                0x20007800                PROVIDE (__cy_heap_end, (__cy_stack - 0x800))

.cybootloader   0x00000000        0x0
 *(.cybootloader)
                0x00000000                appl1_start = CY_APPL_ORIGIN?CY_APPL_ORIGIN:ALIGN (CY_FLASH_ROW_SIZE)
                0x0001ff00                appl2_start = (appl1_start + ALIGN ((((0x40000 - appl1_start) - (0x2 * CY_FLASH_ROW_SIZE)) / 0x2), CY_FLASH_ROW_SIZE))
                0x00000000                appl_start = (CY_APPL_NUM == 0x1)?appl1_start:appl2_start
                0x00000000                ecc_offset = ((appl_start / CY_FLASH_ROW_SIZE) * CY_ECC_ROW_SIZE)
                0x00000000                ee_offset = (CY_APPL_LOADABLE && ! (CY_EE_IN_BTLDR))?((CY_EE_SIZE / CY_APPL_MAX) * (CY_APPL_NUM - 0x1)):0x0
                0x00000800                ee_size = (CY_APPL_LOADABLE && ! (CY_EE_IN_BTLDR))?(CY_EE_SIZE / CY_APPL_MAX):CY_EE_SIZE
                0x00000000                PROVIDE (CY_ECC_OFFSET, ecc_offset)

.text           0x00000000     0x9f6e
 CREATE_OBJECT_SYMBOLS
                0x00000000                PROVIDE (__cy_interrupt_vector, RomVectors)
 *(.romvectors)
 .romvectors    0x00000000       0x10 .\CortexM3\ARM_GCC_493\Debug\Cm3Start.o
                0x00000000                RomVectors
                0x00000001                ASSERT ((. != __cy_interrupt_vector), No interrupt vector)
                0x00000001                ASSERT (CY_APPL_ORIGIN?(SIZEOF (.cybootloader) <= CY_APPL_ORIGIN):0x1, Wrong image location)
                0x00000010                PROVIDE (__cy_reset, Reset)
 *(.text.Reset)
 .text.Reset    0x00000010       0x18 .\CortexM3\ARM_GCC_493\Debug\Cm3Start.o
                0x00000010                Reset
                0x00000001                ASSERT ((. != __cy_reset), No reset code)
 *(.dma_init)
                0x00000001                ASSERT ((((appl_start + .) <= 0x10000) || 0x1), DMA Init must be within the first 64k of flash)
 *(.text .text.* .gnu.linkonce.t.*)
 .text          0x00000028       0x5c c:/program files (x86)/cypress/psoc creator/4.0/psoc creator/import/gnu/arm/4.9.3/bin/../lib/gcc/arm-none-eabi/4.9.3/armv7-m/crtbegin.o
 .text.Laser_ON
                0x00000084        0xc .\CortexM3\ARM_GCC_493\Debug\main.o
                0x00000084                Laser_ON
 .text.Init_Stepper
                0x00000090       0x6c .\CortexM3\ARM_GCC_493\Debug\main.o
                0x00000090                Init_Stepper
 *fill*         0x000000fc        0x4 
 .text.MoveTo   0x00000100      0x2a8 .\CortexM3\ARM_GCC_493\Debug\main.o
                0x00000100                MoveTo
 .text.MoveToWithConstSpeed
                0x000003a8       0xc0 .\CortexM3\ARM_GCC_493\Debug\main.o
                0x000003a8                MoveToWithConstSpeed
 .text.MoveOneStep_Clockwise
                0x00000468       0x24 .\CortexM3\ARM_GCC_493\Debug\main.o
                0x00000468                MoveOneStep_Clockwise
 .text.MoveOneStep_CounterClockwise
                0x0000048c       0x24 .\CortexM3\ARM_GCC_493\Debug\main.o
                0x0000048c                MoveOneStep_CounterClockwise
 .text.MoveToSamplingPosition
                0x000004b0       0x28 .\CortexM3\ARM_GCC_493\Debug\main.o
                0x000004b0                MoveToSamplingPosition
 .text.MoveToHomePosition
                0x000004d8       0x28 .\CortexM3\ARM_GCC_493\Debug\main.o
                0x000004d8                MoveToHomePosition
 .text.Init_NextionTFT
                0x00000500       0x30 .\CortexM3\ARM_GCC_493\Debug\main.o
                0x00000500                Init_NextionTFT
 .text.Nextion_SendProgressbarValue
                0x00000530       0x44 .\CortexM3\ARM_GCC_493\Debug\main.o
                0x00000530                Nextion_SendProgressbarValue
 .text.Nextion_HideButtonSaveToUSB
                0x00000574       0x24 .\CortexM3\ARM_GCC_493\Debug\main.o
                0x00000574                Nextion_HideButtonSaveToUSB
 .text.Nextion_SendSaveProgressbarValue
                0x00000598       0x44 .\CortexM3\ARM_GCC_493\Debug\main.o
                0x00000598                Nextion_SendSaveProgressbarValue
 .text.Nextion_NumberOfMeasurementsFromSlider
                0x000005dc       0x68 .\CortexM3\ARM_GCC_493\Debug\main.o
                0x000005dc                Nextion_NumberOfMeasurementsFromSlider
 *fill*         0x00000644        0x4 
 .text.PointToLiveDataAxes
                0x00000648      0x178 .\CortexM3\ARM_GCC_493\Debug\main.o
                0x00000648                PointToLiveDataAxes
 .text.PointToScaledDataAxes
                0x000007c0      0x168 .\CortexM3\ARM_GCC_493\Debug\main.o
                0x000007c0                PointToScaledDataAxes
 .text.PointsToSettingsAxes
                0x00000928      0x180 .\CortexM3\ARM_GCC_493\Debug\main.o
                0x00000928                PointsToSettingsAxes
 .text.UART_TFT_InterruptFunction
                0x00000aa8      0x180 .\CortexM3\ARM_GCC_493\Debug\main.o
                0x00000aa8                UART_TFT_InterruptFunction
 .text.Timer1_Interrupt_Function
                0x00000c28       0x94 .\CortexM3\ARM_GCC_493\Debug\main.o
                0x00000c28                Timer1_Interrupt_Function
 .text.IntensityLogger_ONE_Channel
                0x00000cbc       0xd8 .\CortexM3\ARM_GCC_493\Debug\main.o
                0x00000cbc                IntensityLogger_ONE_Channel
 .text.CloseLoggerFile
                0x00000d94       0x20 .\CortexM3\ARM_GCC_493\Debug\main.o
                0x00000d94                CloseLoggerFile
 .text.VFDClearDisplay
                0x00000db4       0x18 .\CortexM3\ARM_GCC_493\Debug\main.o
                0x00000db4                VFDClearDisplay
 .text.VFDHome  0x00000dcc        0xc .\CortexM3\ARM_GCC_493\Debug\main.o
                0x00000dcc                VFDHome
 .text.VFDCursorOff
                0x00000dd8        0xc .\CortexM3\ARM_GCC_493\Debug\main.o
                0x00000dd8                VFDCursorOff
 .text.main     0x00000de4      0xcb0 .\CortexM3\ARM_GCC_493\Debug\main.o
                0x00000de4                main
 .text.IntDefaultHandler
                0x00001a94        0x8 .\CortexM3\ARM_GCC_493\Debug\Cm3Start.o
                0x00001a94                IntDefaultHandler
 .text._sbrk    0x00001a9c       0x54 .\CortexM3\ARM_GCC_493\Debug\Cm3Start.o
                0x00001a9c                _sbrk
 .text.Start_c  0x00001af0       0x98 .\CortexM3\ARM_GCC_493\Debug\Cm3Start.o
                0x00001af0                Start_c
 .text.initialize_psoc
                0x00001b88       0x8c .\CortexM3\ARM_GCC_493\Debug\Cm3Start.o
                0x00001b88                initialize_psoc
 .text.CYMEMZERO
                0x00001c14       0x1c .\CortexM3\ARM_GCC_493\Debug\PSOC5_Blinkschaltung.a(cyfitter_cfg.o)
 .text.CYCONFIGCPY
                0x00001c30       0x1c .\CortexM3\ARM_GCC_493\Debug\PSOC5_Blinkschaltung.a(cyfitter_cfg.o)
 .text.CyClockStartupError
                0x00001c4c        0xc .\CortexM3\ARM_GCC_493\Debug\PSOC5_Blinkschaltung.a(cyfitter_cfg.o)
 .text.cfg_write_bytes32
                0x00001c58       0x74 .\CortexM3\ARM_GCC_493\Debug\PSOC5_Blinkschaltung.a(cyfitter_cfg.o)
 .text.ClockSetup
                0x00001ccc      0x158 .\CortexM3\ARM_GCC_493\Debug\PSOC5_Blinkschaltung.a(cyfitter_cfg.o)
 .text.AnalogSetDefault
                0x00001e24       0xe0 .\CortexM3\ARM_GCC_493\Debug\PSOC5_Blinkschaltung.a(cyfitter_cfg.o)
 .text.cyfitter_cfg
                0x00001f04      0x1a8 .\CortexM3\ARM_GCC_493\Debug\PSOC5_Blinkschaltung.a(cyfitter_cfg.o)
                0x00001f04                cyfitter_cfg
 .text.CyHalt   0x000020ac       0x18 .\CortexM3\ARM_GCC_493\Debug\PSOC5_Blinkschaltung.a(CyLib.o)
                0x000020ac                CyHalt
 .text.CyDelay  0x000020c4       0x44 .\CortexM3\ARM_GCC_493\Debug\PSOC5_Blinkschaltung.a(CyLib.o)
                0x000020c4                CyDelay
 .text.CyDelayUs
                0x00002108       0x24 .\CortexM3\ARM_GCC_493\Debug\PSOC5_Blinkschaltung.a(CyLib.o)
                0x00002108                CyDelayUs
 .text.CyFlushCache
                0x0000212c       0x58 .\CortexM3\ARM_GCC_493\Debug\PSOC5_Blinkschaltung.a(CyLib.o)
                0x0000212c                CyFlushCache
 .text.CyIntSetVector
                0x00002184       0x50 .\CortexM3\ARM_GCC_493\Debug\PSOC5_Blinkschaltung.a(CyLib.o)
                0x00002184                CyIntSetVector
 .text.CyIntSetPriority
                0x000021d4       0x44 .\CortexM3\ARM_GCC_493\Debug\PSOC5_Blinkschaltung.a(CyLib.o)
                0x000021d4                CyIntSetPriority
 .text.Pin_LED_Write
                0x00002218       0x3c .\CortexM3\ARM_GCC_493\Debug\PSOC5_Blinkschaltung.a(Pin_LED.o)
                0x00002218                Pin_LED_Write
 .text.Pin_LED_Read
                0x00002254       0x20 .\CortexM3\ARM_GCC_493\Debug\PSOC5_Blinkschaltung.a(Pin_LED.o)
                0x00002254                Pin_LED_Read
 .text.Pin_StepperCLK_Write
                0x00002274       0x3c .\CortexM3\ARM_GCC_493\Debug\PSOC5_Blinkschaltung.a(Pin_StepperCLK.o)
                0x00002274                Pin_StepperCLK_Write
 .text.Pin_StepperCLK_Read
                0x000022b0       0x20 .\CortexM3\ARM_GCC_493\Debug\PSOC5_Blinkschaltung.a(Pin_StepperCLK.o)
                0x000022b0                Pin_StepperCLK_Read
 .text.Pin_StepperDIR_Write
                0x000022d0       0x38 .\CortexM3\ARM_GCC_493\Debug\PSOC5_Blinkschaltung.a(Pin_StepperDIR.o)
                0x000022d0                Pin_StepperDIR_Write
 .text.Pin_StepperEN_Write
                0x00002308       0x34 .\CortexM3\ARM_GCC_493\Debug\PSOC5_Blinkschaltung.a(Pin_StepperEN.o)
                0x00002308                Pin_StepperEN_Write
 .text.Analog_Digital_Converter_Start
                0x0000233c       0x20 .\CortexM3\ARM_GCC_493\Debug\PSOC5_Blinkschaltung.a(Analog_Digital_Converter.o)
                0x0000233c                Analog_Digital_Converter_Start
 .text.Analog_Digital_Converter_Init
                0x0000235c       0x44 .\CortexM3\ARM_GCC_493\Debug\PSOC5_Blinkschaltung.a(Analog_Digital_Converter.o)
                0x0000235c                Analog_Digital_Converter_Init
 .text.Analog_Digital_Converter_Enable
                0x000023a0       0xf4 .\CortexM3\ARM_GCC_493\Debug\PSOC5_Blinkschaltung.a(Analog_Digital_Converter.o)
                0x000023a0                Analog_Digital_Converter_Enable
 .text.Analog_Digital_Converter_SetResolution
                0x00002494       0x50 .\CortexM3\ARM_GCC_493\Debug\PSOC5_Blinkschaltung.a(Analog_Digital_Converter.o)
                0x00002494                Analog_Digital_Converter_SetResolution
 .text.Analog_Digital_Converter_StartConvert
                0x000024e4       0x20 .\CortexM3\ARM_GCC_493\Debug\PSOC5_Blinkschaltung.a(Analog_Digital_Converter.o)
                0x000024e4                Analog_Digital_Converter_StartConvert
 .text.Analog_Digital_Converter_IsEndConversion
                0x00002504       0x40 .\CortexM3\ARM_GCC_493\Debug\PSOC5_Blinkschaltung.a(Analog_Digital_Converter.o)
                0x00002504                Analog_Digital_Converter_IsEndConversion
 .text.Analog_Digital_Converter_GetResult16
                0x00002544       0x34 .\CortexM3\ARM_GCC_493\Debug\PSOC5_Blinkschaltung.a(Analog_Digital_Converter.o)
                0x00002544                Analog_Digital_Converter_GetResult16
 .text.Analog_Digital_Converter_CalcGain
                0x00002578       0x7c .\CortexM3\ARM_GCC_493\Debug\PSOC5_Blinkschaltung.a(Analog_Digital_Converter.o)
 .text.Analog_Digital_Converter_ISR
                0x000025f4        0xc .\CortexM3\ARM_GCC_493\Debug\PSOC5_Blinkschaltung.a(Analog_Digital_Converter_INT.o)
                0x000025f4                Analog_Digital_Converter_ISR
 .text.Analog_Digital_Converter_theACLK_SetModeRegister
                0x00002600       0x34 .\CortexM3\ARM_GCC_493\Debug\PSOC5_Blinkschaltung.a(Analog_Digital_Converter_theACLK.o)
                0x00002600                Analog_Digital_Converter_theACLK_SetModeRegister
 .text.Pin_LaserEN_Write
                0x00002634       0x38 .\CortexM3\ARM_GCC_493\Debug\PSOC5_Blinkschaltung.a(Pin_LaserEN.o)
                0x00002634                Pin_LaserEN_Write
 .text.UART_TFT_Start
                0x0000266c       0x20 .\CortexM3\ARM_GCC_493\Debug\PSOC5_Blinkschaltung.a(UART_TFT.o)
                0x0000266c                UART_TFT_Start
 .text.UART_TFT_Init
                0x0000268c       0x6c .\CortexM3\ARM_GCC_493\Debug\PSOC5_Blinkschaltung.a(UART_TFT.o)
                0x0000268c                UART_TFT_Init
 .text.UART_TFT_Enable
                0x000026f8       0x78 .\CortexM3\ARM_GCC_493\Debug\PSOC5_Blinkschaltung.a(UART_TFT.o)
                0x000026f8                UART_TFT_Enable
 .text.UART_TFT_GetChar
                0x00002770       0xb8 .\CortexM3\ARM_GCC_493\Debug\PSOC5_Blinkschaltung.a(UART_TFT.o)
                0x00002770                UART_TFT_GetChar
 .text.UART_TFT_PutChar
                0x00002828       0xb8 .\CortexM3\ARM_GCC_493\Debug\PSOC5_Blinkschaltung.a(UART_TFT.o)
                0x00002828                UART_TFT_PutChar
 .text.UART_TFT_PutString
                0x000028e0       0x40 .\CortexM3\ARM_GCC_493\Debug\PSOC5_Blinkschaltung.a(UART_TFT.o)
                0x000028e0                UART_TFT_PutString
 .text.UART_TFT_RXISR
                0x00002920       0xd8 .\CortexM3\ARM_GCC_493\Debug\PSOC5_Blinkschaltung.a(UART_TFT_INT.o)
                0x00002920                UART_TFT_RXISR
 .text.UART_TFT_TXISR
                0x000029f8       0x70 .\CortexM3\ARM_GCC_493\Debug\PSOC5_Blinkschaltung.a(UART_TFT_INT.o)
                0x000029f8                UART_TFT_TXISR
 .text.UART_TFT_IntClock_Start
                0x00002a68       0x34 .\CortexM3\ARM_GCC_493\Debug\PSOC5_Blinkschaltung.a(UART_TFT_IntClock.o)
                0x00002a68                UART_TFT_IntClock_Start
 .text.Interr_TFT_StartEx
                0x00002a9c       0x24 .\CortexM3\ARM_GCC_493\Debug\PSOC5_Blinkschaltung.a(Interr_TFT.o)
                0x00002a9c                Interr_TFT_StartEx
 .text.Interr_TFT_SetVector
                0x00002ac0       0x24 .\CortexM3\ARM_GCC_493\Debug\PSOC5_Blinkschaltung.a(Interr_TFT.o)
                0x00002ac0                Interr_TFT_SetVector
 .text.Interr_TFT_SetPriority
                0x00002ae4       0x24 .\CortexM3\ARM_GCC_493\Debug\PSOC5_Blinkschaltung.a(Interr_TFT.o)
                0x00002ae4                Interr_TFT_SetPriority
 .text.Interr_TFT_Enable
                0x00002b08       0x18 .\CortexM3\ARM_GCC_493\Debug\PSOC5_Blinkschaltung.a(Interr_TFT.o)
                0x00002b08                Interr_TFT_Enable
 .text.Interr_TFT_Disable
                0x00002b20       0x18 .\CortexM3\ARM_GCC_493\Debug\PSOC5_Blinkschaltung.a(Interr_TFT.o)
                0x00002b20                Interr_TFT_Disable
 .text.Timer1_Init
                0x00002b38       0x9c .\CortexM3\ARM_GCC_493\Debug\PSOC5_Blinkschaltung.a(Timer1.o)
                0x00002b38                Timer1_Init
 .text.Timer1_Enable
                0x00002bd4       0x48 .\CortexM3\ARM_GCC_493\Debug\PSOC5_Blinkschaltung.a(Timer1.o)
                0x00002bd4                Timer1_Enable
 .text.Timer1_Start
                0x00002c1c       0x20 .\CortexM3\ARM_GCC_493\Debug\PSOC5_Blinkschaltung.a(Timer1.o)
                0x00002c1c                Timer1_Start
 .text.Timer1_SetInterruptMode
                0x00002c3c       0x20 .\CortexM3\ARM_GCC_493\Debug\PSOC5_Blinkschaltung.a(Timer1.o)
                0x00002c3c                Timer1_SetInterruptMode
 .text.Timer1_WritePeriod
                0x00002c5c       0x24 .\CortexM3\ARM_GCC_493\Debug\PSOC5_Blinkschaltung.a(Timer1.o)
                0x00002c5c                Timer1_WritePeriod
 .text.Timer1_WriteCounter
                0x00002c80       0x20 .\CortexM3\ARM_GCC_493\Debug\PSOC5_Blinkschaltung.a(Timer1.o)
                0x00002c80                Timer1_WriteCounter
 .text.Timer1_Function_StartEx
                0x00002ca0       0x24 .\CortexM3\ARM_GCC_493\Debug\PSOC5_Blinkschaltung.a(Timer1_Function.o)
                0x00002ca0                Timer1_Function_StartEx
 .text.Timer1_Function_SetVector
                0x00002cc4       0x24 .\CortexM3\ARM_GCC_493\Debug\PSOC5_Blinkschaltung.a(Timer1_Function.o)
                0x00002cc4                Timer1_Function_SetVector
 .text.Timer1_Function_SetPriority
                0x00002ce8       0x24 .\CortexM3\ARM_GCC_493\Debug\PSOC5_Blinkschaltung.a(Timer1_Function.o)
                0x00002ce8                Timer1_Function_SetPriority
 .text.Timer1_Function_Enable
                0x00002d0c       0x18 .\CortexM3\ARM_GCC_493\Debug\PSOC5_Blinkschaltung.a(Timer1_Function.o)
                0x00002d0c                Timer1_Function_Enable
 .text.Timer1_Function_Disable
                0x00002d24       0x18 .\CortexM3\ARM_GCC_493\Debug\PSOC5_Blinkschaltung.a(Timer1_Function.o)
                0x00002d24                Timer1_Function_Disable
 .text.LED_slider_val_sent_Write
                0x00002d3c       0x3c .\CortexM3\ARM_GCC_493\Debug\PSOC5_Blinkschaltung.a(LED_slider_val_sent.o)
                0x00002d3c                LED_slider_val_sent_Write
 .text.LED_slider_val_received_Write
                0x00002d78       0x3c .\CortexM3\ARM_GCC_493\Debug\PSOC5_Blinkschaltung.a(LED_slider_val_received.o)
                0x00002d78                LED_slider_val_received_Write
 .text.LED_Measurement_running_Write
                0x00002db4       0x34 .\CortexM3\ARM_GCC_493\Debug\PSOC5_Blinkschaltung.a(LED_Measurement_running.o)
                0x00002db4                LED_Measurement_running_Write
 .text.Emul_EEPROM_Start
                0x00002de8        0xc .\CortexM3\ARM_GCC_493\Debug\PSOC5_Blinkschaltung.a(Emul_EEPROM.o)
                0x00002de8                Emul_EEPROM_Start
 .text.Emul_EEPROM_Write
                0x00002df4      0x17c .\CortexM3\ARM_GCC_493\Debug\PSOC5_Blinkschaltung.a(Emul_EEPROM.o)
                0x00002df4                Emul_EEPROM_Write
 .text.PGA_Photo_Init
                0x00002f70       0x3c .\CortexM3\ARM_GCC_493\Debug\PSOC5_Blinkschaltung.a(PGA_Photo.o)
                0x00002f70                PGA_Photo_Init
 .text.PGA_Photo_Enable
                0x00002fac       0x48 .\CortexM3\ARM_GCC_493\Debug\PSOC5_Blinkschaltung.a(PGA_Photo.o)
                0x00002fac                PGA_Photo_Enable
 .text.PGA_Photo_Start
                0x00002ff4       0x20 .\CortexM3\ARM_GCC_493\Debug\PSOC5_Blinkschaltung.a(PGA_Photo.o)
                0x00002ff4                PGA_Photo_Start
 .text.PGA_Photo_SetPower
                0x00003014       0x38 .\CortexM3\ARM_GCC_493\Debug\PSOC5_Blinkschaltung.a(PGA_Photo.o)
                0x00003014                PGA_Photo_SetPower
 .text.PGA_Photo_SetGain
                0x0000304c       0xbc .\CortexM3\ARM_GCC_493\Debug\PSOC5_Blinkschaltung.a(PGA_Photo.o)
                0x0000304c                PGA_Photo_SetGain
 .text.Pin_StepperSLEEP_Write
                0x00003108       0x3c .\CortexM3\ARM_GCC_493\Debug\PSOC5_Blinkschaltung.a(Pin_StepperSLEEP.o)
                0x00003108                Pin_StepperSLEEP_Write
 .text.Pin_StepperRES_Write
                0x00003144       0x3c .\CortexM3\ARM_GCC_493\Debug\PSOC5_Blinkschaltung.a(Pin_StepperRES.o)
                0x00003144                Pin_StepperRES_Write
 .text.Pin_StepperMS3_Write
                0x00003180       0x3c .\CortexM3\ARM_GCC_493\Debug\PSOC5_Blinkschaltung.a(Pin_StepperMS3.o)
                0x00003180                Pin_StepperMS3_Write
 .text.Pin_StepperMS2_Write
                0x000031bc       0x3c .\CortexM3\ARM_GCC_493\Debug\PSOC5_Blinkschaltung.a(Pin_StepperMS2.o)
                0x000031bc                Pin_StepperMS2_Write
 .text.Pin_StepperMS1_Write
                0x000031f8       0x3c .\CortexM3\ARM_GCC_493\Debug\PSOC5_Blinkschaltung.a(Pin_StepperMS1.o)
                0x000031f8                Pin_StepperMS1_Write
 .text.TIA_1_Init
                0x00003234       0x38 .\CortexM3\ARM_GCC_493\Debug\PSOC5_Blinkschaltung.a(TIA_1.o)
                0x00003234                TIA_1_Init
 .text.TIA_1_Enable
                0x0000326c       0x48 .\CortexM3\ARM_GCC_493\Debug\PSOC5_Blinkschaltung.a(TIA_1.o)
                0x0000326c                TIA_1_Enable
 .text.TIA_1_Start
                0x000032b4       0x20 .\CortexM3\ARM_GCC_493\Debug\PSOC5_Blinkschaltung.a(TIA_1.o)
                0x000032b4                TIA_1_Start
 .text.TIA_1_SetPower
                0x000032d4       0x38 .\CortexM3\ARM_GCC_493\Debug\PSOC5_Blinkschaltung.a(TIA_1.o)
                0x000032d4                TIA_1_SetPower
 .text.TIA_1_SetResFB
                0x0000330c       0x44 .\CortexM3\ARM_GCC_493\Debug\PSOC5_Blinkschaltung.a(TIA_1.o)
                0x0000330c                TIA_1_SetResFB
 .text.TIA_1_SetCapFB
                0x00003350       0x44 .\CortexM3\ARM_GCC_493\Debug\PSOC5_Blinkschaltung.a(TIA_1.o)
                0x00003350                TIA_1_SetCapFB
 .text.SW_Tx_UART_1_Start
                0x00003394        0xc .\CortexM3\ARM_GCC_493\Debug\PSOC5_Blinkschaltung.a(SW_Tx_UART_1.o)
                0x00003394                SW_Tx_UART_1_Start
 .text.SW_Tx_UART_1_PutString
                0x000033a0       0x38 .\CortexM3\ARM_GCC_493\Debug\PSOC5_Blinkschaltung.a(SW_Tx_UART_1.o)
                0x000033a0                SW_Tx_UART_1_PutString
 .text          0x000033d8       0x20 .\CortexM3\ARM_GCC_493\Debug\PSOC5_Blinkschaltung.a(CyBootAsmGnu.o)
                0x000033d8                CyDelayCycles
                0x000033e8                CyEnterCriticalSection
                0x000033f0                CyExitCriticalSection
 .text          0x000033f8       0xb0 .\CortexM3\ARM_GCC_493\Debug\PSOC5_Blinkschaltung.a(SW_Tx_UART_1_AsmGnu.o)
                0x000033f8                SW_Tx_UART_1_PutChar
 .text.CySetTempInt
                0x000034a8       0x7c .\CortexM3\ARM_GCC_493\Debug\PSOC5_Blinkschaltung.a(CyFlash.o)
 .text.CyFlashGetSpcAlgorithm
                0x00003524       0x70 .\CortexM3\ARM_GCC_493\Debug\PSOC5_Blinkschaltung.a(CyFlash.o)
 .text.CySetTemp
                0x00003594       0x24 .\CortexM3\ARM_GCC_493\Debug\PSOC5_Blinkschaltung.a(CyFlash.o)
                0x00003594                CySetTemp
 .text.CySetFlashEEBuffer
                0x000035b8       0x54 .\CortexM3\ARM_GCC_493\Debug\PSOC5_Blinkschaltung.a(CyFlash.o)
                0x000035b8                CySetFlashEEBuffer
 .text.CyWriteRowData
                0x0000360c       0x3c .\CortexM3\ARM_GCC_493\Debug\PSOC5_Blinkschaltung.a(CyFlash.o)
                0x0000360c                CyWriteRowData
 .text.CyWriteRowFull
                0x00003648      0x158 .\CortexM3\ARM_GCC_493\Debug\PSOC5_Blinkschaltung.a(CyFlash.o)
                0x00003648                CyWriteRowFull
 .text.CySpcStart
                0x000037a0       0x44 .\CortexM3\ARM_GCC_493\Debug\PSOC5_Blinkschaltung.a(CySpc.o)
                0x000037a0                CySpcStart
 .text.CySpcReadData
                0x000037e4       0x58 .\CortexM3\ARM_GCC_493\Debug\PSOC5_Blinkschaltung.a(CySpc.o)
                0x000037e4                CySpcReadData
 .text.CySpcLoadRowFull
                0x0000383c       0xd0 .\CortexM3\ARM_GCC_493\Debug\PSOC5_Blinkschaltung.a(CySpc.o)
                0x0000383c                CySpcLoadRowFull
 .text.CySpcWriteRow
                0x0000390c       0x98 .\CortexM3\ARM_GCC_493\Debug\PSOC5_Blinkschaltung.a(CySpc.o)
                0x0000390c                CySpcWriteRow
 .text.CySpcGetTemp
                0x000039a4       0x64 .\CortexM3\ARM_GCC_493\Debug\PSOC5_Blinkschaltung.a(CySpc.o)
                0x000039a4                CySpcGetTemp
 .text.CySpcLock
                0x00003a08       0x68 .\CortexM3\ARM_GCC_493\Debug\PSOC5_Blinkschaltung.a(CySpc.o)
                0x00003a08                CySpcLock
 .text.CySpcUnlock
                0x00003a70       0x50 .\CortexM3\ARM_GCC_493\Debug\PSOC5_Blinkschaltung.a(CySpc.o)
                0x00003a70                CySpcUnlock
 .text.CySpcGetAlgorithm
                0x00003ac0       0x48 .\CortexM3\ARM_GCC_493\Debug\PSOC5_Blinkschaltung.a(CySpc.o)
                0x00003ac0                CySpcGetAlgorithm
 .text.FS__AllocSectorBuffer
                0x00003b08       0x2c ..\emFile_V322c\LinkLibrary\PSoC5\GCC\libemf32noslfn.a(FS_Misc.o)
                0x00003b08                FS__AllocSectorBuffer
 .text.FS__FreeSectorBuffer
                0x00003b34       0x28 ..\emFile_V322c\LinkLibrary\PSoC5\GCC\libemf32noslfn.a(FS_Misc.o)
                0x00003b34                FS__FreeSectorBuffer
 .text.FS__SB_MarkDirty
                0x00003b5c        0x6 ..\emFile_V322c\LinkLibrary\PSoC5\GCC\libemf32noslfn.a(FS_Misc.o)
                0x00003b5c                FS__SB_MarkDirty
 .text.FS__SB_MarkNotDirty
                0x00003b62        0x6 ..\emFile_V322c\LinkLibrary\PSoC5\GCC\libemf32noslfn.a(FS_Misc.o)
                0x00003b62                FS__SB_MarkNotDirty
 .text.FS__FreeFileHandle
                0x00003b68        0xa ..\emFile_V322c\LinkLibrary\PSoC5\GCC\libemf32noslfn.a(FS_Misc.o)
                0x00003b68                FS__FreeFileHandle
 .text.FS__FreeFileObj
                0x00003b72        0xc ..\emFile_V322c\LinkLibrary\PSoC5\GCC\libemf32noslfn.a(FS_Misc.o)
                0x00003b72                FS__FreeFileObj
 *fill*         0x00003b7e        0x2 
 .text.FS_Init  0x00003b80       0x58 ..\emFile_V322c\LinkLibrary\PSoC5\GCC\libemf32noslfn.a(FS_Misc.o)
                0x00003b80                FS_Init
 .text.FS__SB_Create
                0x00003bd8       0x28 ..\emFile_V322c\LinkLibrary\PSoC5\GCC\libemf32noslfn.a(FS_Misc.o)
                0x00003bd8                FS__SB_Create
 .text.FS__FCloseNL
                0x00003c00       0x1e ..\emFile_V322c\LinkLibrary\PSoC5\GCC\libemf32noslfn.a(FS_Misc.o)
                0x00003c00                FS__FCloseNL
 .text.FS__FClose
                0x00003c1e       0x1a ..\emFile_V322c\LinkLibrary\PSoC5\GCC\libemf32noslfn.a(FS_Misc.o)
                0x00003c1e                FS__FClose
 .text.FS_FClose
                0x00003c38        0xa ..\emFile_V322c\LinkLibrary\PSoC5\GCC\libemf32noslfn.a(FS_Misc.o)
                0x00003c38                FS_FClose
 *fill*         0x00003c42        0x2 
 .text.FS__AllocFileObj
                0x00003c44       0x48 ..\emFile_V322c\LinkLibrary\PSoC5\GCC\libemf32noslfn.a(FS_Misc.o)
                0x00003c44                FS__AllocFileObj
 .text.FS__AllocFileHandle
                0x00003c8c       0x40 ..\emFile_V322c\LinkLibrary\PSoC5\GCC\libemf32noslfn.a(FS_Misc.o)
                0x00003c8c                FS__AllocFileHandle
 .text.FS__OpenEx
                0x00003ccc       0x58 ..\emFile_V322c\LinkLibrary\PSoC5\GCC\libemf32noslfn.a(FS_Misc.o)
                0x00003ccc                FS__OpenEx
 .text.FS__FOpenEx
                0x00003d24       0x56 ..\emFile_V322c\LinkLibrary\PSoC5\GCC\libemf32noslfn.a(FS_Misc.o)
                0x00003d24                FS__FOpenEx
 *fill*         0x00003d7a        0x2 
 .text.FS__FOpen
                0x00003d7c       0x48 ..\emFile_V322c\LinkLibrary\PSoC5\GCC\libemf32noslfn.a(FS_Misc.o)
                0x00003d7c                FS__FOpen
 .text.FS_FOpen
                0x00003dc4        0x4 ..\emFile_V322c\LinkLibrary\PSoC5\GCC\libemf32noslfn.a(FS_Misc.o)
                0x00003dc4                FS_FOpen
 .text.FS__SB_Write
                0x00003dc8       0x24 ..\emFile_V322c\LinkLibrary\PSoC5\GCC\libemf32noslfn.a(FS_Misc.o)
                0x00003dc8                FS__SB_Write
 .text._SB_Clean
                0x00003dec       0x24 ..\emFile_V322c\LinkLibrary\PSoC5\GCC\libemf32noslfn.a(FS_Misc.o)
 .text.FS__SB_SetSector
                0x00003e10       0x20 ..\emFile_V322c\LinkLibrary\PSoC5\GCC\libemf32noslfn.a(FS_Misc.o)
                0x00003e10                FS__SB_SetSector
 .text.FS__SB_Clean
                0x00003e30        0x4 ..\emFile_V322c\LinkLibrary\PSoC5\GCC\libemf32noslfn.a(FS_Misc.o)
                0x00003e30                FS__SB_Clean
 .text.FS__SB_Delete
                0x00003e34       0x12 ..\emFile_V322c\LinkLibrary\PSoC5\GCC\libemf32noslfn.a(FS_Misc.o)
                0x00003e34                FS__SB_Delete
 .text.FS__SB_Flush
                0x00003e46        0x8 ..\emFile_V322c\LinkLibrary\PSoC5\GCC\libemf32noslfn.a(FS_Misc.o)
                0x00003e46                FS__SB_Flush
 .text.FS__SB_Read
                0x00003e4e       0x2a ..\emFile_V322c\LinkLibrary\PSoC5\GCC\libemf32noslfn.a(FS_Misc.o)
                0x00003e4e                FS__SB_Read
 .text.FS__AddPhysDevice
                0x00003e78       0x10 ..\emFile_V322c\LinkLibrary\PSoC5\GCC\libemf32noslfn.a(FS_Storage.o)
                0x00003e78                FS__AddPhysDevice
 .text.FS__FindVolume
                0x00003e88       0x78 ..\emFile_V322c\LinkLibrary\PSoC5\GCC\libemf32noslfn.a(FS_Storage.o)
                0x00003e88                FS__FindVolume
 .text.FS__AddDevice
                0x00003f00       0x68 ..\emFile_V322c\LinkLibrary\PSoC5\GCC\libemf32noslfn.a(FS_Storage.o)
                0x00003f00                FS__AddDevice
 .text.FS_AddDevice
                0x00003f68        0x4 ..\emFile_V322c\LinkLibrary\PSoC5\GCC\libemf32noslfn.a(FS_Storage.o)
                0x00003f68                FS_AddDevice
 .text._Mount   0x00003f6c       0x2e ..\emFile_V322c\LinkLibrary\PSoC5\GCC\libemf32noslfn.a(FS_Volume.o)
 .text.FS__AutoMount
                0x00003f9a       0x14 ..\emFile_V322c\LinkLibrary\PSoC5\GCC\libemf32noslfn.a(FS_Volume.o)
                0x00003f9a                FS__AutoMount
 .text.FS__Write
                0x00003fae       0x3a ..\emFile_V322c\LinkLibrary\PSoC5\GCC\libemf32noslfn.a(FS_Write.o)
                0x00003fae                FS__Write
 .text.FS_Write
                0x00003fe8        0x4 ..\emFile_V322c\LinkLibrary\PSoC5\GCC\libemf32noslfn.a(FS_Write.o)
                0x00003fe8                FS_Write
 .text._ClusterId2FATOff
                0x00003fec       0x18 ..\emFile_V322c\LinkLibrary\PSoC5\GCC\libemf32noslfn.a(FAT_Misc.o)
 .text._CalcLogClusterPos
                0x00004004        0xe ..\emFile_V322c\LinkLibrary\PSoC5\GCC\libemf32noslfn.a(FAT_Misc.o)
 .text._ReadFromFreeClusterCache
                0x00004012       0x46 ..\emFile_V322c\LinkLibrary\PSoC5\GCC\libemf32noslfn.a(FAT_Misc.o)
 .text.FS_FAT_GetFATType
                0x00004058       0x1a ..\emFile_V322c\LinkLibrary\PSoC5\GCC\libemf32noslfn.a(FAT_Misc.o)
                0x00004058                FS_FAT_GetFATType
 .text.FS_FAT_ClusterId2SectorNo
                0x00004072        0xc ..\emFile_V322c\LinkLibrary\PSoC5\GCC\libemf32noslfn.a(FAT_Misc.o)
                0x00004072                FS_FAT_ClusterId2SectorNo
 .text.FS_FAT_IsValidShortNameChar
                0x0000407e       0x34 ..\emFile_V322c\LinkLibrary\PSoC5\GCC\libemf32noslfn.a(FAT_Misc.o)
                0x0000407e                FS_FAT_IsValidShortNameChar
 .text.FS_FAT_CopyShortName
                0x000040b2       0x56 ..\emFile_V322c\LinkLibrary\PSoC5\GCC\libemf32noslfn.a(FAT_Misc.o)
                0x000040b2                FS_FAT_CopyShortName
 .text._SFN_CreateDirEntry
                0x00004108       0x5a ..\emFile_V322c\LinkLibrary\PSoC5\GCC\libemf32noslfn.a(FAT_Misc.o)
 .text._SFN_FindDirEntry
                0x00004162       0x10 ..\emFile_V322c\LinkLibrary\PSoC5\GCC\libemf32noslfn.a(FAT_Misc.o)
 *fill*         0x00004172        0x2 
 .text.FS_FAT_FindDirEntry
                0x00004174       0x60 ..\emFile_V322c\LinkLibrary\PSoC5\GCC\libemf32noslfn.a(FAT_Misc.o)
                0x00004174                FS_FAT_FindDirEntry
 .text.FS_FAT_CopyDirEntryInfo
                0x000041d4       0x50 ..\emFile_V322c\LinkLibrary\PSoC5\GCC\libemf32noslfn.a(FAT_Misc.o)
                0x000041d4                FS_FAT_CopyDirEntryInfo
 .text._SFN_ReadDirEntryInfo
                0x00004224       0x6e ..\emFile_V322c\LinkLibrary\PSoC5\GCC\libemf32noslfn.a(FAT_Misc.o)
 .text._SetFATSector
                0x00004292        0x6 ..\emFile_V322c\LinkLibrary\PSoC5\GCC\libemf32noslfn.a(FAT_Misc.o)
 .text.FS_FAT_ReadFATEntry
                0x00004298       0xb2 ..\emFile_V322c\LinkLibrary\PSoC5\GCC\libemf32noslfn.a(FAT_Misc.o)
                0x00004298                FS_FAT_ReadFATEntry
 *fill*         0x0000434a        0x2 
 .text.FS_FAT_GetNumAdjClustersInChain
                0x0000434c       0x64 ..\emFile_V322c\LinkLibrary\PSoC5\GCC\libemf32noslfn.a(FAT_Misc.o)
                0x0000434c                FS_FAT_GetNumAdjClustersInChain
 .text.FS_FAT_WalkClusterEx
                0x000043b0       0x5c ..\emFile_V322c\LinkLibrary\PSoC5\GCC\libemf32noslfn.a(FAT_Misc.o)
                0x000043b0                FS_FAT_WalkClusterEx
 .text.FS_FAT_GotoCluster
                0x0000440c       0x88 ..\emFile_V322c\LinkLibrary\PSoC5\GCC\libemf32noslfn.a(FAT_Misc.o)
                0x0000440c                FS_FAT_GotoCluster
 .text.FS_FAT_WalkCluster
                0x00004494       0x18 ..\emFile_V322c\LinkLibrary\PSoC5\GCC\libemf32noslfn.a(FAT_Misc.o)
                0x00004494                FS_FAT_WalkCluster
 .text.FS_FAT_FindLastCluster
                0x000044ac       0x34 ..\emFile_V322c\LinkLibrary\PSoC5\GCC\libemf32noslfn.a(FAT_Misc.o)
                0x000044ac                FS_FAT_FindLastCluster
 .text._WriteFATEntry
                0x000044e0      0x18e ..\emFile_V322c\LinkLibrary\PSoC5\GCC\libemf32noslfn.a(FAT_Misc.o)
 .text.FS_FAT_MarkClusterEOC
                0x0000466e        0x8 ..\emFile_V322c\LinkLibrary\PSoC5\GCC\libemf32noslfn.a(FAT_Misc.o)
                0x0000466e                FS_FAT_MarkClusterEOC
 .text.FS_FAT_SyncFAT
                0x00004676       0x3c ..\emFile_V322c\LinkLibrary\PSoC5\GCC\libemf32noslfn.a(FAT_Misc.o)
                0x00004676                FS_FAT_SyncFAT
 .text.FS_FAT_LinkCluster
                0x000046b2       0x1c ..\emFile_V322c\LinkLibrary\PSoC5\GCC\libemf32noslfn.a(FAT_Misc.o)
                0x000046b2                FS_FAT_LinkCluster
 *fill*         0x000046ce        0x2 
 .text._CalcFreeClusterCnt
                0x000046d0       0x88 ..\emFile_V322c\LinkLibrary\PSoC5\GCC\libemf32noslfn.a(FAT_Misc.o)
 .text.FS_FAT_FindFreeCluster
                0x00004758       0xa8 ..\emFile_V322c\LinkLibrary\PSoC5\GCC\libemf32noslfn.a(FAT_Misc.o)
                0x00004758                FS_FAT_FindFreeCluster
 .text.FS_FAT_AllocCluster
                0x00004800       0x20 ..\emFile_V322c\LinkLibrary\PSoC5\GCC\libemf32noslfn.a(FAT_Misc.o)
                0x00004800                FS_FAT_AllocCluster
 .text._WriteEmptyFATSectors
                0x00004820       0x3c ..\emFile_V322c\LinkLibrary\PSoC5\GCC\libemf32noslfn.a(FAT_Misc.o)
 .text.FS_FAT_FreeClusterChain
                0x0000485c       0xe0 ..\emFile_V322c\LinkLibrary\PSoC5\GCC\libemf32noslfn.a(FAT_Misc.o)
                0x0000485c                FS_FAT_FreeClusterChain
 .text.FS_FAT_CheckBPB
                0x0000493c      0x1cc ..\emFile_V322c\LinkLibrary\PSoC5\GCC\libemf32noslfn.a(FAT_Misc.o)
                0x0000493c                FS_FAT_CheckBPB
 .text.FS_FAT_InitDirEntryScan
                0x00004b08       0x14 ..\emFile_V322c\LinkLibrary\PSoC5\GCC\libemf32noslfn.a(FAT_Open.o)
                0x00004b08                FS_FAT_InitDirEntryScan
 .text.FS_FAT_IncDirPos
                0x00004b1c        0x8 ..\emFile_V322c\LinkLibrary\PSoC5\GCC\libemf32noslfn.a(FAT_Open.o)
                0x00004b1c                FS_FAT_IncDirPos
 .text._CopyDirText
                0x00004b24       0x44 ..\emFile_V322c\LinkLibrary\PSoC5\GCC\libemf32noslfn.a(FAT_Open.o)
 .text.FS_FAT_Make83Name
                0x00004b68       0xb0 ..\emFile_V322c\LinkLibrary\PSoC5\GCC\libemf32noslfn.a(FAT_Open.o)
                0x00004b68                FS_FAT_Make83Name
 .text.FS_FAT_GetDirEntry
                0x00004c18       0xb2 ..\emFile_V322c\LinkLibrary\PSoC5\GCC\libemf32noslfn.a(FAT_Open.o)
                0x00004c18                FS_FAT_GetDirEntry
 .text.FS_FAT_FindDirEntryShortEx
                0x00004cca       0x5a ..\emFile_V322c\LinkLibrary\PSoC5\GCC\libemf32noslfn.a(FAT_Open.o)
                0x00004cca                FS_FAT_FindDirEntryShortEx
 .text.FS_FAT_FindDirEntryShort
                0x00004d24       0x36 ..\emFile_V322c\LinkLibrary\PSoC5\GCC\libemf32noslfn.a(FAT_Open.o)
                0x00004d24                FS_FAT_FindDirEntryShort
 .text.FS_FAT_FindEmptyDirEntry
                0x00004d5a       0xb0 ..\emFile_V322c\LinkLibrary\PSoC5\GCC\libemf32noslfn.a(FAT_Open.o)
                0x00004d5a                FS_FAT_FindEmptyDirEntry
 .text.FS_FAT_GetFirstCluster
                0x00004e0a       0x1a ..\emFile_V322c\LinkLibrary\PSoC5\GCC\libemf32noslfn.a(FAT_Open.o)
                0x00004e0a                FS_FAT_GetFirstCluster
 .text.FS_FAT_FindPath
                0x00004e24       0x7a ..\emFile_V322c\LinkLibrary\PSoC5\GCC\libemf32noslfn.a(FAT_Open.o)
                0x00004e24                FS_FAT_FindPath
 .text.FS_FAT_DeleteFileOrDir
                0x00004e9e       0x48 ..\emFile_V322c\LinkLibrary\PSoC5\GCC\libemf32noslfn.a(FAT_Open.o)
                0x00004e9e                FS_FAT_DeleteFileOrDir
 *fill*         0x00004ee6        0x2 
 .text.FS_FAT_Open
                0x00004ee8      0x1dc ..\emFile_V322c\LinkLibrary\PSoC5\GCC\libemf32noslfn.a(FAT_Open.o)
                0x00004ee8                FS_FAT_Open
 .text.FS_FAT_WriteDirEntryCluster
                0x000050c4       0x1c ..\emFile_V322c\LinkLibrary\PSoC5\GCC\libemf32noslfn.a(FAT_Open.o)
                0x000050c4                FS_FAT_WriteDirEntryCluster
 .text.FS_FAT_WriteDirEntry83
                0x000050e0       0x6c ..\emFile_V322c\LinkLibrary\PSoC5\GCC\libemf32noslfn.a(FAT_Open.o)
                0x000050e0                FS_FAT_WriteDirEntry83
 .text._WriteBurst
                0x0000514c       0x24 ..\emFile_V322c\LinkLibrary\PSoC5\GCC\libemf32noslfn.a(FAT_Write.o)
 .text.FS_FAT_GotoClusterAllocIfReq
                0x00005170       0xa8 ..\emFile_V322c\LinkLibrary\PSoC5\GCC\libemf32noslfn.a(FAT_Write.o)
                0x00005170                FS_FAT_GotoClusterAllocIfReq
 .text.FS_FAT_UpdateDirEntry
                0x00005218       0x68 ..\emFile_V322c\LinkLibrary\PSoC5\GCC\libemf32noslfn.a(FAT_Write.o)
                0x00005218                FS_FAT_UpdateDirEntry
 .text.FS_FAT_Close
                0x00005280       0x44 ..\emFile_V322c\LinkLibrary\PSoC5\GCC\libemf32noslfn.a(FAT_Write.o)
                0x00005280                FS_FAT_Close
 .text.FS_FAT_Write
                0x000052c4      0x1c8 ..\emFile_V322c\LinkLibrary\PSoC5\GCC\libemf32noslfn.a(FAT_Write.o)
                0x000052c4                FS_FAT_Write
 .text.FS__CLIB_memcmp
                0x0000548c       0x20 ..\emFile_V322c\LinkLibrary\PSoC5\GCC\libemf32noslfn.a(FS_CLib.o)
                0x0000548c                FS__CLIB_memcmp
 .text.FS__CLIB_memset
                0x000054ac       0x6c ..\emFile_V322c\LinkLibrary\PSoC5\GCC\libemf32noslfn.a(FS_CLib.o)
                0x000054ac                FS__CLIB_memset
 .text.FS__CLIB_strcmp
                0x00005518       0x1a ..\emFile_V322c\LinkLibrary\PSoC5\GCC\libemf32noslfn.a(FS_CLib.o)
                0x00005518                FS__CLIB_strcmp
 .text.FS__CLIB_strlen
                0x00005532       0x10 ..\emFile_V322c\LinkLibrary\PSoC5\GCC\libemf32noslfn.a(FS_CLib.o)
                0x00005532                FS__CLIB_strlen
 .text.FS__CLIB_strncmp
                0x00005542       0x26 ..\emFile_V322c\LinkLibrary\PSoC5\GCC\libemf32noslfn.a(FS_CLib.o)
                0x00005542                FS__CLIB_strncmp
 .text.FS__CLIB_toupper
                0x00005568        0xe ..\emFile_V322c\LinkLibrary\PSoC5\GCC\libemf32noslfn.a(FS_CLib.o)
                0x00005568                FS__CLIB_toupper
 .text.FS__strchr
                0x00005576       0x14 ..\emFile_V322c\LinkLibrary\PSoC5\GCC\libemf32noslfn.a(FS_Core.o)
                0x00005576                FS__strchr
 .text.FS_LoadU32BE
                0x0000558a       0x18 ..\emFile_V322c\LinkLibrary\PSoC5\GCC\libemf32noslfn.a(FS_Core.o)
                0x0000558a                FS_LoadU32BE
 .text.FS_LoadU32LE
                0x000055a2       0x16 ..\emFile_V322c\LinkLibrary\PSoC5\GCC\libemf32noslfn.a(FS_Core.o)
                0x000055a2                FS_LoadU32LE
 .text.FS_StoreU32LE
                0x000055b8       0x14 ..\emFile_V322c\LinkLibrary\PSoC5\GCC\libemf32noslfn.a(FS_Core.o)
                0x000055b8                FS_StoreU32LE
 .text.FS_StoreU16LE
                0x000055cc        0x8 ..\emFile_V322c\LinkLibrary\PSoC5\GCC\libemf32noslfn.a(FS_Core.o)
                0x000055cc                FS_StoreU16LE
 .text.FS_LoadU16LE
                0x000055d4        0xa ..\emFile_V322c\LinkLibrary\PSoC5\GCC\libemf32noslfn.a(FS_Core.o)
                0x000055d4                FS_LoadU16LE
 *fill*         0x000055de        0x2 
 .text._Alloc   0x000055e0       0x30 ..\emFile_V322c\LinkLibrary\PSoC5\GCC\libemf32noslfn.a(FS_Core.o)
 .text.FS_Alloc
                0x00005610        0xc ..\emFile_V322c\LinkLibrary\PSoC5\GCC\libemf32noslfn.a(FS_Core.o)
                0x00005610                FS_Alloc
 .text.FS_TryAlloc
                0x0000561c        0x4 ..\emFile_V322c\LinkLibrary\PSoC5\GCC\libemf32noslfn.a(FS_Core.o)
                0x0000561c                FS_TryAlloc
 .text.FS_Free  0x00005620       0x1c ..\emFile_V322c\LinkLibrary\PSoC5\GCC\libemf32noslfn.a(FS_Core.o)
                0x00005620                FS_Free
 .text.FS_AssignMemory
                0x0000563c        0xc ..\emFile_V322c\LinkLibrary\PSoC5\GCC\libemf32noslfn.a(FS_Core.o)
                0x0000563c                FS_AssignMemory
 .text.FS_AllocZeroed
                0x00005648       0x16 ..\emFile_V322c\LinkLibrary\PSoC5\GCC\libemf32noslfn.a(FS_Core.o)
                0x00005648                FS_AllocZeroed
 *fill*         0x0000565e        0x2 
 .text.FS_STORAGE_Init
                0x00005660       0x28 ..\emFile_V322c\LinkLibrary\PSoC5\GCC\libemf32noslfn.a(FS_Core.o)
                0x00005660                FS_STORAGE_Init
 .text._ClrBusyLED
                0x00005688        0xc ..\emFile_V322c\LinkLibrary\PSoC5\GCC\libemf32noslfn.a(FS_LogBlock.o)
 .text._SetBusyLED
                0x00005694        0xc ..\emFile_V322c\LinkLibrary\PSoC5\GCC\libemf32noslfn.a(FS_LogBlock.o)
 .text._Read    0x000056a0        0xc ..\emFile_V322c\LinkLibrary\PSoC5\GCC\libemf32noslfn.a(FS_LogBlock.o)
 .text._Write   0x000056ac       0x12 ..\emFile_V322c\LinkLibrary\PSoC5\GCC\libemf32noslfn.a(FS_LogBlock.o)
 .text.FS_LB_GetStatus
                0x000056be        0xc ..\emFile_V322c\LinkLibrary\PSoC5\GCC\libemf32noslfn.a(FS_LogBlock.o)
                0x000056be                FS_LB_GetStatus
 .text.FS_LB_InitMedium
                0x000056ca       0x1a ..\emFile_V322c\LinkLibrary\PSoC5\GCC\libemf32noslfn.a(FS_LogBlock.o)
                0x000056ca                FS_LB_InitMedium
 .text.FS_LB_InitMediumIfRequired
                0x000056e4       0x10 ..\emFile_V322c\LinkLibrary\PSoC5\GCC\libemf32noslfn.a(FS_LogBlock.o)
                0x000056e4                FS_LB_InitMediumIfRequired
 .text.FS_LB_ReadDevice
                0x000056f4       0x2e ..\emFile_V322c\LinkLibrary\PSoC5\GCC\libemf32noslfn.a(FS_LogBlock.o)
                0x000056f4                FS_LB_ReadDevice
 .text.FS_LB_ReadPart
                0x00005722        0xe ..\emFile_V322c\LinkLibrary\PSoC5\GCC\libemf32noslfn.a(FS_LogBlock.o)
                0x00005722                FS_LB_ReadPart
 .text.FS_LB_WriteBurst
                0x00005730       0x30 ..\emFile_V322c\LinkLibrary\PSoC5\GCC\libemf32noslfn.a(FS_LogBlock.o)
                0x00005730                FS_LB_WriteBurst
 .text.FS_LB_WriteBurstPart
                0x00005760       0x14 ..\emFile_V322c\LinkLibrary\PSoC5\GCC\libemf32noslfn.a(FS_LogBlock.o)
                0x00005760                FS_LB_WriteBurstPart
 .text.FS_LB_WriteMultiple
                0x00005774       0x30 ..\emFile_V322c\LinkLibrary\PSoC5\GCC\libemf32noslfn.a(FS_LogBlock.o)
                0x00005774                FS_LB_WriteMultiple
 .text.FS_LB_WriteMultiplePart
                0x000057a4       0x14 ..\emFile_V322c\LinkLibrary\PSoC5\GCC\libemf32noslfn.a(FS_LogBlock.o)
                0x000057a4                FS_LB_WriteMultiplePart
 .text.FS_LB_WriteDevice
                0x000057b8       0x36 ..\emFile_V322c\LinkLibrary\PSoC5\GCC\libemf32noslfn.a(FS_LogBlock.o)
                0x000057b8                FS_LB_WriteDevice
 .text.FS_LB_WritePart
                0x000057ee        0xe ..\emFile_V322c\LinkLibrary\PSoC5\GCC\libemf32noslfn.a(FS_LogBlock.o)
                0x000057ee                FS_LB_WritePart
 .text.FS_GetSectorSize
                0x000057fc       0x28 ..\emFile_V322c\LinkLibrary\PSoC5\GCC\libemf32noslfn.a(FS_LogBlock.o)
                0x000057fc                FS_GetSectorSize
 .text.FS_LB_GetDeviceInfo
                0x00005824       0x26 ..\emFile_V322c\LinkLibrary\PSoC5\GCC\libemf32noslfn.a(FS_LogBlock.o)
                0x00005824                FS_LB_GetDeviceInfo
 .text.FS_memcpy
                0x0000584a      0x120 ..\emFile_V322c\LinkLibrary\PSoC5\GCC\libemf32noslfn.a(FS_memcpy.o)
                0x0000584a                FS_memcpy
 .text._IsBPB   0x0000596a       0x1e ..\emFile_V322c\LinkLibrary\PSoC5\GCC\libemf32noslfn.a(FS_Partition.o)
 .text._HasSignature
                0x00005988       0x18 ..\emFile_V322c\LinkLibrary\PSoC5\GCC\libemf32noslfn.a(FS_Partition.o)
 .text._GetPartitionStartSector
                0x000059a0        0xc ..\emFile_V322c\LinkLibrary\PSoC5\GCC\libemf32noslfn.a(FS_Partition.o)
 .text.FS__GetMediaStartSecEx
                0x000059ac       0x6e ..\emFile_V322c\LinkLibrary\PSoC5\GCC\libemf32noslfn.a(FS_Partition.o)
                0x000059ac                FS__GetMediaStartSecEx
 *fill*         0x00005a1a        0x2 
 .text.FS__LocatePartition
                0x00005a1c       0x44 ..\emFile_V322c\LinkLibrary\PSoC5\GCC\libemf32noslfn.a(FS_Partition.o)
                0x00005a1c                FS__LocatePartition
 .text.exp      0x00005a60       0xf8 c:/program files (x86)/cypress/psoc creator/4.0/psoc creator/import/gnu/arm/4.9.3/bin/../lib/gcc/arm-none-eabi/4.9.3/../../../../arm-none-eabi/lib/armv7-m\libm.a(lib_a-w_exp.o)
                0x00005a60                exp
 .text.__ieee754_exp
                0x00005b58      0x2f0 c:/program files (x86)/cypress/psoc creator/4.0/psoc creator/import/gnu/arm/4.9.3/bin/../lib/gcc/arm-none-eabi/4.9.3/../../../../arm-none-eabi/lib/armv7-m\libm.a(lib_a-e_exp.o)
                0x00005b58                __ieee754_exp
 .text.finite   0x00005e48        0xc c:/program files (x86)/cypress/psoc creator/4.0/psoc creator/import/gnu/arm/4.9.3/bin/../lib/gcc/arm-none-eabi/4.9.3/../../../../arm-none-eabi/lib/armv7-m\libm.a(lib_a-s_finite.o)
                0x00005e48                finite
 .text.matherr  0x00005e54        0x4 c:/program files (x86)/cypress/psoc creator/4.0/psoc creator/import/gnu/arm/4.9.3/bin/../lib/gcc/arm-none-eabi/4.9.3/../../../../arm-none-eabi/lib/armv7-m\libm.a(lib_a-s_matherr.o)
                0x00005e54                matherr
 .text.FS_X_AddDevices
                0x00005e58       0x20 .\CortexM3\ARM_GCC_493\Debug\PSOC5_Blinkschaltung.a(emFile_ConfigMMC_SPI.o)
                0x00005e58                FS_X_AddDevices
 .text.FS_X_GetTimeDate
                0x00005e78       0x58 .\CortexM3\ARM_GCC_493\Debug\PSOC5_Blinkschaltung.a(emFile_ConfigMMC_SPI.o)
                0x00005e78                FS_X_GetTimeDate
 .text._CalcDataCRC16Dummy
                0x00005ed0        0x6 ..\emFile_V322c\LinkLibrary\PSoC5\GCC\libemf32noslfn.a(MMC_Drv.o)
 *fill*         0x00005ed6        0x2 
 .text._MMC_GetNumUnits
                0x00005ed8        0xc ..\emFile_V322c\LinkLibrary\PSoC5\GCC\libemf32noslfn.a(MMC_Drv.o)
 .text._MMC_GetDriverName
                0x00005ee4        0x8 ..\emFile_V322c\LinkLibrary\PSoC5\GCC\libemf32noslfn.a(MMC_Drv.o)
 .text._MMC_GetStatus
                0x00005eec        0x4 ..\emFile_V322c\LinkLibrary\PSoC5\GCC\libemf32noslfn.a(MMC_Drv.o)
 .text._CheckR1
                0x00005ef0       0x38 ..\emFile_V322c\LinkLibrary\PSoC5\GCC\libemf32noslfn.a(MMC_Drv.o)
 .text._WaitToGetReady
                0x00005f28       0x26 ..\emFile_V322c\LinkLibrary\PSoC5\GCC\libemf32noslfn.a(MMC_Drv.o)
 .text._SendEmptyCycles
                0x00005f4e       0x24 ..\emFile_V322c\LinkLibrary\PSoC5\GCC\libemf32noslfn.a(MMC_Drv.o)
 *fill*         0x00005f72        0x2 
 .text._MMC_AddDevice
                0x00005f74       0x2c ..\emFile_V322c\LinkLibrary\PSoC5\GCC\libemf32noslfn.a(MMC_Drv.o)
 .text.T.53     0x00005fa0       0x14 ..\emFile_V322c\LinkLibrary\PSoC5\GCC\libemf32noslfn.a(MMC_Drv.o)
 .text._GetFromCSD
                0x00005fb4       0x34 ..\emFile_V322c\LinkLibrary\PSoC5\GCC\libemf32noslfn.a(MMC_Drv.o)
 .text._ExecCmdR1
                0x00005fe8       0x98 ..\emFile_V322c\LinkLibrary\PSoC5\GCC\libemf32noslfn.a(MMC_Drv.o)
 .text._ReadCSD
                0x00006080       0x86 ..\emFile_V322c\LinkLibrary\PSoC5\GCC\libemf32noslfn.a(MMC_Drv.o)
 *fill*         0x00006106        0x2 
 .text._MMC_Read
                0x00006108      0x130 ..\emFile_V322c\LinkLibrary\PSoC5\GCC\libemf32noslfn.a(MMC_Drv.o)
 .text._MMC_Write
                0x00006238      0x13c ..\emFile_V322c\LinkLibrary\PSoC5\GCC\libemf32noslfn.a(MMC_Drv.o)
 .text._ApplyCSD
                0x00006374      0x228 ..\emFile_V322c\LinkLibrary\PSoC5\GCC\libemf32noslfn.a(MMC_Drv.o)
 .text._MMC_Init
                0x0000659c      0x1c0 ..\emFile_V322c\LinkLibrary\PSoC5\GCC\libemf32noslfn.a(MMC_Drv.o)
 .text._MMC_InitMedium
                0x0000675c       0x28 ..\emFile_V322c\LinkLibrary\PSoC5\GCC\libemf32noslfn.a(MMC_Drv.o)
 .text._MMC_IoCtl
                0x00006784       0x60 ..\emFile_V322c\LinkLibrary\PSoC5\GCC\libemf32noslfn.a(MMC_Drv.o)
 .text.emFile_Init
                0x000067e4       0x64 .\CortexM3\ARM_GCC_493\Debug\PSOC5_Blinkschaltung.a(emFile_MMC_HW_SPI.o)
 .text.emFile_ReadWriteSPI
                0x00006848       0x68 .\CortexM3\ARM_GCC_493\Debug\PSOC5_Blinkschaltung.a(emFile_MMC_HW_SPI.o)
 .text.FS_MMC_HW_X_EnableCS
                0x000068b0       0x28 .\CortexM3\ARM_GCC_493\Debug\PSOC5_Blinkschaltung.a(emFile_MMC_HW_SPI.o)
                0x000068b0                FS_MMC_HW_X_EnableCS
 .text.FS_MMC_HW_X_DisableCS
                0x000068d8       0x28 .\CortexM3\ARM_GCC_493\Debug\PSOC5_Blinkschaltung.a(emFile_MMC_HW_SPI.o)
                0x000068d8                FS_MMC_HW_X_DisableCS
 .text.FS_MMC_HW_X_IsWriteProtected
                0x00006900       0x2c .\CortexM3\ARM_GCC_493\Debug\PSOC5_Blinkschaltung.a(emFile_MMC_HW_SPI.o)
                0x00006900                FS_MMC_HW_X_IsWriteProtected
 .text.FS_MMC_HW_X_SetMaxSpeed
                0x0000692c       0x88 .\CortexM3\ARM_GCC_493\Debug\PSOC5_Blinkschaltung.a(emFile_MMC_HW_SPI.o)
                0x0000692c                FS_MMC_HW_X_SetMaxSpeed
 .text.FS_MMC_HW_X_SetVoltage
                0x000069b4       0x68 .\CortexM3\ARM_GCC_493\Debug\PSOC5_Blinkschaltung.a(emFile_MMC_HW_SPI.o)
                0x000069b4                FS_MMC_HW_X_SetVoltage
 .text.FS_MMC_HW_X_IsPresent
                0x00006a1c       0x30 .\CortexM3\ARM_GCC_493\Debug\PSOC5_Blinkschaltung.a(emFile_MMC_HW_SPI.o)
                0x00006a1c                FS_MMC_HW_X_IsPresent
 .text.FS_MMC_HW_X_Read
                0x00006a4c       0x34 .\CortexM3\ARM_GCC_493\Debug\PSOC5_Blinkschaltung.a(emFile_MMC_HW_SPI.o)
                0x00006a4c                FS_MMC_HW_X_Read
 .text.FS_MMC_HW_X_Write
                0x00006a80       0x34 .\CortexM3\ARM_GCC_493\Debug\PSOC5_Blinkschaltung.a(emFile_MMC_HW_SPI.o)
                0x00006a80                FS_MMC_HW_X_Write
 .text.emFile_SPI0_Init
                0x00006ab4       0x30 .\CortexM3\ARM_GCC_493\Debug\PSOC5_Blinkschaltung.a(emFile_SPI0.o)
                0x00006ab4                emFile_SPI0_Init
 .text.emFile_SPI0_Enable
                0x00006ae4       0x60 .\CortexM3\ARM_GCC_493\Debug\PSOC5_Blinkschaltung.a(emFile_SPI0.o)
                0x00006ae4                emFile_SPI0_Enable
 .text.emFile_SPI0_Start
                0x00006b44       0x20 .\CortexM3\ARM_GCC_493\Debug\PSOC5_Blinkschaltung.a(emFile_SPI0.o)
                0x00006b44                emFile_SPI0_Start
 .text.emFile_SPI0_EnableTxInt
                0x00006b64        0xc .\CortexM3\ARM_GCC_493\Debug\PSOC5_Blinkschaltung.a(emFile_SPI0.o)
                0x00006b64                emFile_SPI0_EnableTxInt
 .text.emFile_SPI0_EnableRxInt
                0x00006b70        0xc .\CortexM3\ARM_GCC_493\Debug\PSOC5_Blinkschaltung.a(emFile_SPI0.o)
                0x00006b70                emFile_SPI0_EnableRxInt
 .text.emFile_SPI0_ReadTxStatus
                0x00006b7c       0x20 .\CortexM3\ARM_GCC_493\Debug\PSOC5_Blinkschaltung.a(emFile_SPI0.o)
                0x00006b7c                emFile_SPI0_ReadTxStatus
 .text.emFile_SPI0_ReadRxStatus
                0x00006b9c       0x20 .\CortexM3\ARM_GCC_493\Debug\PSOC5_Blinkschaltung.a(emFile_SPI0.o)
                0x00006b9c                emFile_SPI0_ReadRxStatus
 .text.emFile_SPI0_WriteTxData
                0x00006bbc       0x34 .\CortexM3\ARM_GCC_493\Debug\PSOC5_Blinkschaltung.a(emFile_SPI0.o)
                0x00006bbc                emFile_SPI0_WriteTxData
 .text.emFile_SPI0_ReadRxData
                0x00006bf0       0x20 .\CortexM3\ARM_GCC_493\Debug\PSOC5_Blinkschaltung.a(emFile_SPI0.o)
                0x00006bf0                emFile_SPI0_ReadRxData
 .text.emFile_SPI0_ClearFIFO
                0x00006c10       0x5c .\CortexM3\ARM_GCC_493\Debug\PSOC5_Blinkschaltung.a(emFile_SPI0.o)
                0x00006c10                emFile_SPI0_ClearFIFO
 .text.emFile_Clock_1_Start
                0x00006c6c       0x34 .\CortexM3\ARM_GCC_493\Debug\PSOC5_Blinkschaltung.a(emFile_Clock_1.o)
                0x00006c6c                emFile_Clock_1_Start
 .text.emFile_Clock_1_Stop
                0x00006ca0       0x34 .\CortexM3\ARM_GCC_493\Debug\PSOC5_Blinkschaltung.a(emFile_Clock_1.o)
                0x00006ca0                emFile_Clock_1_Stop
 .text.emFile_Clock_1_SetDividerRegister
                0x00006cd4      0x160 .\CortexM3\ARM_GCC_493\Debug\PSOC5_Blinkschaltung.a(emFile_Clock_1.o)
                0x00006cd4                emFile_Clock_1_SetDividerRegister
 .text.emFile_Clock_1_GetDividerRegister
                0x00006e34       0x18 .\CortexM3\ARM_GCC_493\Debug\PSOC5_Blinkschaltung.a(emFile_Clock_1.o)
                0x00006e34                emFile_Clock_1_GetDividerRegister
 .text.emFile_Clock_1_GetSourceRegister
                0x00006e4c       0x20 .\CortexM3\ARM_GCC_493\Debug\PSOC5_Blinkschaltung.a(emFile_Clock_1.o)
                0x00006e4c                emFile_Clock_1_GetSourceRegister
 .text.emFile_SPI0_CS_Write
                0x00006e6c       0x38 .\CortexM3\ARM_GCC_493\Debug\PSOC5_Blinkschaltung.a(emFile_SPI0_CS.o)
                0x00006e6c                emFile_SPI0_CS_Write
 .text          0x00006ea4       0x24 c:/program files (x86)/cypress/psoc creator/4.0/psoc creator/import/gnu/arm/4.9.3/bin/../lib/gcc/arm-none-eabi/4.9.3/armv7-m\libgcc.a(_udivsi3.o)
                0x00006ea4                __aeabi_uidiv
                0x00006ea4                __udivsi3
                0x00006eb8                __aeabi_uidivmod
 .text          0x00006ec8        0x4 c:/program files (x86)/cypress/psoc creator/4.0/psoc creator/import/gnu/arm/4.9.3/bin/../lib/gcc/arm-none-eabi/4.9.3/armv7-m\libgcc.a(_dvmd_tls.o)
                0x00006ec8                __aeabi_idiv0
                0x00006ec8                __aeabi_ldiv0
 .text          0x00006ecc      0x370 c:/program files (x86)/cypress/psoc creator/4.0/psoc creator/import/gnu/arm/4.9.3/bin/../lib/gcc/arm-none-eabi/4.9.3/armv7-m\libgcc.a(_arm_addsubdf3.o)
                0x00006ecc                __aeabi_drsub
                0x00006ed4                __aeabi_dsub
                0x00006ed4                __subdf3
                0x00006ed8                __aeabi_dadd
                0x00006ed8                __adddf3
                0x00007150                __floatunsidf
                0x00007150                __aeabi_ui2d
                0x00007170                __floatsidf
                0x00007170                __aeabi_i2d
                0x00007194                __aeabi_f2d
                0x00007194                __extendsfdf2
                0x000071d0                __floatundidf
                0x000071d0                __aeabi_ul2d
                0x000071e0                __floatdidf
                0x000071e0                __aeabi_l2d
 .text          0x0000723c      0x424 c:/program files (x86)/cypress/psoc creator/4.0/psoc creator/import/gnu/arm/4.9.3/bin/../lib/gcc/arm-none-eabi/4.9.3/armv7-m\libgcc.a(_arm_muldivdf3.o)
                0x0000723c                __aeabi_dmul
                0x0000723c                __muldf3
                0x00007490                __divdf3
                0x00007490                __aeabi_ddiv
 .text          0x00007660      0x110 c:/program files (x86)/cypress/psoc creator/4.0/psoc creator/import/gnu/arm/4.9.3/bin/../lib/gcc/arm-none-eabi/4.9.3/armv7-m\libgcc.a(_arm_cmpdf2.o)
                0x00007660                __gtdf2
                0x00007660                __gedf2
                0x00007668                __ltdf2
                0x00007668                __ledf2
                0x00007670                __nedf2
                0x00007670                __eqdf2
                0x00007670                __cmpdf2
                0x000076ec                __aeabi_cdrcmple
                0x000076fc                __aeabi_cdcmpeq
                0x000076fc                __aeabi_cdcmple
                0x0000770c                __aeabi_dcmpeq
                0x00007720                __aeabi_dcmplt
                0x00007734                __aeabi_dcmple
                0x00007748                __aeabi_dcmpge
                0x0000775c                __aeabi_dcmpgt
 .text          0x00007770       0x50 c:/program files (x86)/cypress/psoc creator/4.0/psoc creator/import/gnu/arm/4.9.3/bin/../lib/gcc/arm-none-eabi/4.9.3/armv7-m\libgcc.a(_arm_fixdfsi.o)
                0x00007770                __aeabi_d2iz
                0x00007770                __fixdfsi
 .text          0x000077c0       0x40 c:/program files (x86)/cypress/psoc creator/4.0/psoc creator/import/gnu/arm/4.9.3/bin/../lib/gcc/arm-none-eabi/4.9.3/armv7-m\libgcc.a(_arm_fixunsdfsi.o)
                0x000077c0                __aeabi_d2uiz
                0x000077c0                __fixunsdfsi
 .text          0x00007800       0xa0 c:/program files (x86)/cypress/psoc creator/4.0/psoc creator/import/gnu/arm/4.9.3/bin/../lib/gcc/arm-none-eabi/4.9.3/armv7-m\libgcc.a(_arm_truncdfsf2.o)
                0x00007800                __truncdfsf2
                0x00007800                __aeabi_d2f
 .text          0x000078a0      0x21c c:/program files (x86)/cypress/psoc creator/4.0/psoc creator/import/gnu/arm/4.9.3/bin/../lib/gcc/arm-none-eabi/4.9.3/armv7-m\libgcc.a(_arm_addsubsf3.o)
                0x000078a0                __aeabi_frsub
                0x000078a8                __subsf3
                0x000078a8                __aeabi_fsub
                0x000078ac                __aeabi_fadd
                0x000078ac                __addsf3
                0x00007a0c                __aeabi_ui2f
                0x00007a0c                __floatunsisf
                0x00007a14                __aeabi_i2f
                0x00007a14                __floatsisf
                0x00007a30                __aeabi_ul2f
                0x00007a30                __floatundisf
                0x00007a40                __aeabi_l2f
                0x00007a40                __floatdisf
 .text          0x00007abc      0x2a0 c:/program files (x86)/cypress/psoc creator/4.0/psoc creator/import/gnu/arm/4.9.3/bin/../lib/gcc/arm-none-eabi/4.9.3/armv7-m\libgcc.a(_arm_muldivsf3.o)
                0x00007abc                __mulsf3
                0x00007abc                __aeabi_fmul
                0x00007c24                __aeabi_fdiv
                0x00007c24                __divsf3
 .text          0x00007d5c       0x4c c:/program files (x86)/cypress/psoc creator/4.0/psoc creator/import/gnu/arm/4.9.3/bin/../lib/gcc/arm-none-eabi/4.9.3/armv7-m\libgcc.a(_arm_fixsfsi.o)
                0x00007d5c                __aeabi_f2iz
                0x00007d5c                __fixsfsi
 .text.__errno  0x00007da8        0xc c:/program files (x86)/cypress/psoc creator/4.0/psoc creator/import/gnu/arm/4.9.3/bin/../lib/gcc/arm-none-eabi/4.9.3/../../../../arm-none-eabi/lib/armv7-m\libg_nano.a(lib_a-errno.o)
                0x00007da8                __errno
 .text.__libc_init_array
                0x00007db4       0x4c c:/program files (x86)/cypress/psoc creator/4.0/psoc creator/import/gnu/arm/4.9.3/bin/../lib/gcc/arm-none-eabi/4.9.3/../../../../arm-none-eabi/lib/armv7-m\libg_nano.a(lib_a-init.o)
                0x00007db4                __libc_init_array
 .text.__itoa   0x00007e00       0x2e c:/program files (x86)/cypress/psoc creator/4.0/psoc creator/import/gnu/arm/4.9.3/bin/../lib/gcc/arm-none-eabi/4.9.3/../../../../arm-none-eabi/lib/armv7-m\libg_nano.a(lib_a-itoa.o)
                0x00007e00                __itoa
 .text.itoa     0x00007e2e        0x4 c:/program files (x86)/cypress/psoc creator/4.0/psoc creator/import/gnu/arm/4.9.3/bin/../lib/gcc/arm-none-eabi/4.9.3/../../../../arm-none-eabi/lib/armv7-m\libg_nano.a(lib_a-itoa.o)
                0x00007e2e                itoa
 .text.memcpy   0x00007e32       0x16 c:/program files (x86)/cypress/psoc creator/4.0/psoc creator/import/gnu/arm/4.9.3/bin/../lib/gcc/arm-none-eabi/4.9.3/../../../../arm-none-eabi/lib/armv7-m\libg_nano.a(lib_a-memcpy.o)
                0x00007e32                memcpy
 .text.memset   0x00007e48       0x10 c:/program files (x86)/cypress/psoc creator/4.0/psoc creator/import/gnu/arm/4.9.3/bin/../lib/gcc/arm-none-eabi/4.9.3/../../../../arm-none-eabi/lib/armv7-m\libg_nano.a(lib_a-memset.o)
                0x00007e48                memset
 .text.__cvt    0x00007e58       0xbc c:/program files (x86)/cypress/psoc creator/4.0/psoc creator/import/gnu/arm/4.9.3/bin/../lib/gcc/arm-none-eabi/4.9.3/../../../../arm-none-eabi/lib/armv7-m\libg_nano.a(lib_a-nano-vfprintf_float.o)
                0x00007e58                __cvt
 .text.__exponent
                0x00007f14       0x62 c:/program files (x86)/cypress/psoc creator/4.0/psoc creator/import/gnu/arm/4.9.3/bin/../lib/gcc/arm-none-eabi/4.9.3/../../../../arm-none-eabi/lib/armv7-m\libg_nano.a(lib_a-nano-vfprintf_float.o)
                0x00007f14                __exponent
 *fill*         0x00007f76        0x2 
 .text._printf_float
                0x00007f78      0x48c c:/program files (x86)/cypress/psoc creator/4.0/psoc creator/import/gnu/arm/4.9.3/bin/../lib/gcc/arm-none-eabi/4.9.3/../../../../arm-none-eabi/lib/armv7-m\libg_nano.a(lib_a-nano-vfprintf_float.o)
                0x00007f78                _printf_float
 .text._printf_common
                0x00008404       0xea c:/program files (x86)/cypress/psoc creator/4.0/psoc creator/import/gnu/arm/4.9.3/bin/../lib/gcc/arm-none-eabi/4.9.3/../../../../arm-none-eabi/lib/armv7-m\libg_nano.a(lib_a-nano-vfprintf_i.o)
                0x00008404                _printf_common
 *fill*         0x000084ee        0x2 
 .text._printf_i
                0x000084f0      0x240 c:/program files (x86)/cypress/psoc creator/4.0/psoc creator/import/gnu/arm/4.9.3/bin/../lib/gcc/arm-none-eabi/4.9.3/../../../../arm-none-eabi/lib/armv7-m\libg_nano.a(lib_a-nano-vfprintf_i.o)
                0x000084f0                _printf_i
 .text.__fpclassifyd
                0x00008730       0x50 c:/program files (x86)/cypress/psoc creator/4.0/psoc creator/import/gnu/arm/4.9.3/bin/../lib/gcc/arm-none-eabi/4.9.3/../../../../arm-none-eabi/lib/armv7-m\libg_nano.a(lib_a-s_fpclassify.o)
                0x00008730                __fpclassifyd
 .text.sprintf  0x00008780       0x48 c:/program files (x86)/cypress/psoc creator/4.0/psoc creator/import/gnu/arm/4.9.3/bin/../lib/gcc/arm-none-eabi/4.9.3/../../../../arm-none-eabi/lib/armv7-m\libg_nano.a(lib_a-sprintf.o)
                0x00008780                siprintf
                0x00008780                sprintf
 .text.strlen   0x000087c8       0x10 c:/program files (x86)/cypress/psoc creator/4.0/psoc creator/import/gnu/arm/4.9.3/bin/../lib/gcc/arm-none-eabi/4.9.3/../../../../arm-none-eabi/lib/armv7-m\libg_nano.a(lib_a-strlen.o)
                0x000087c8                strlen
 .text.__utoa   0x000087d8       0x78 c:/program files (x86)/cypress/psoc creator/4.0/psoc creator/import/gnu/arm/4.9.3/bin/../lib/gcc/arm-none-eabi/4.9.3/../../../../arm-none-eabi/lib/armv7-m\libg_nano.a(lib_a-utoa.o)
                0x000087d8                __utoa
 .text.quorem   0x00008850      0x114 c:/program files (x86)/cypress/psoc creator/4.0/psoc creator/import/gnu/arm/4.9.3/bin/../lib/gcc/arm-none-eabi/4.9.3/../../../../arm-none-eabi/lib/armv7-m\libg_nano.a(lib_a-dtoa.o)
 *fill*         0x00008964        0x4 
 .text._dtoa_r  0x00008968      0xb78 c:/program files (x86)/cypress/psoc creator/4.0/psoc creator/import/gnu/arm/4.9.3/bin/../lib/gcc/arm-none-eabi/4.9.3/../../../../arm-none-eabi/lib/armv7-m\libg_nano.a(lib_a-dtoa.o)
                0x00008968                _dtoa_r
 .text._localeconv_r
                0x000094e0        0x8 c:/program files (x86)/cypress/psoc creator/4.0/psoc creator/import/gnu/arm/4.9.3/bin/../lib/gcc/arm-none-eabi/4.9.3/../../../../arm-none-eabi/lib/armv7-m\libg_nano.a(lib_a-locale.o)
                0x000094e0                _localeconv_r
 .text.malloc   0x000094e8       0x10 c:/program files (x86)/cypress/psoc creator/4.0/psoc creator/import/gnu/arm/4.9.3/bin/../lib/gcc/arm-none-eabi/4.9.3/../../../../arm-none-eabi/lib/armv7-m\libg_nano.a(lib_a-malloc.o)
                0x000094e8                malloc
 .text.memchr   0x000094f8       0x1c c:/program files (x86)/cypress/psoc creator/4.0/psoc creator/import/gnu/arm/4.9.3/bin/../lib/gcc/arm-none-eabi/4.9.3/../../../../arm-none-eabi/lib/armv7-m\libg_nano.a(lib_a-memchr.o)
                0x000094f8                memchr
 .text._Balloc  0x00009514       0x6a c:/program files (x86)/cypress/psoc creator/4.0/psoc creator/import/gnu/arm/4.9.3/bin/../lib/gcc/arm-none-eabi/4.9.3/../../../../arm-none-eabi/lib/armv7-m\libg_nano.a(lib_a-mprec.o)
                0x00009514                _Balloc
 .text._Bfree   0x0000957e       0x2e c:/program files (x86)/cypress/psoc creator/4.0/psoc creator/import/gnu/arm/4.9.3/bin/../lib/gcc/arm-none-eabi/4.9.3/../../../../arm-none-eabi/lib/armv7-m\libg_nano.a(lib_a-mprec.o)
                0x0000957e                _Bfree
 .text.__multadd
                0x000095ac       0x7c c:/program files (x86)/cypress/psoc creator/4.0/psoc creator/import/gnu/arm/4.9.3/bin/../lib/gcc/arm-none-eabi/4.9.3/../../../../arm-none-eabi/lib/armv7-m\libg_nano.a(lib_a-mprec.o)
                0x000095ac                __multadd
 .text.__hi0bits
                0x00009628       0x40 c:/program files (x86)/cypress/psoc creator/4.0/psoc creator/import/gnu/arm/4.9.3/bin/../lib/gcc/arm-none-eabi/4.9.3/../../../../arm-none-eabi/lib/armv7-m\libg_nano.a(lib_a-mprec.o)
                0x00009628                __hi0bits
 .text.__lo0bits
                0x00009668       0x5a c:/program files (x86)/cypress/psoc creator/4.0/psoc creator/import/gnu/arm/4.9.3/bin/../lib/gcc/arm-none-eabi/4.9.3/../../../../arm-none-eabi/lib/armv7-m\libg_nano.a(lib_a-mprec.o)
                0x00009668                __lo0bits
 .text.__i2b    0x000096c2       0x12 c:/program files (x86)/cypress/psoc creator/4.0/psoc creator/import/gnu/arm/4.9.3/bin/../lib/gcc/arm-none-eabi/4.9.3/../../../../arm-none-eabi/lib/armv7-m\libg_nano.a(lib_a-mprec.o)
                0x000096c2                __i2b
 .text.__multiply
                0x000096d4      0x120 c:/program files (x86)/cypress/psoc creator/4.0/psoc creator/import/gnu/arm/4.9.3/bin/../lib/gcc/arm-none-eabi/4.9.3/../../../../arm-none-eabi/lib/armv7-m\libg_nano.a(lib_a-mprec.o)
                0x000096d4                __multiply
 .text.__pow5mult
                0x000097f4       0x9c c:/program files (x86)/cypress/psoc creator/4.0/psoc creator/import/gnu/arm/4.9.3/bin/../lib/gcc/arm-none-eabi/4.9.3/../../../../arm-none-eabi/lib/armv7-m\libg_nano.a(lib_a-mprec.o)
                0x000097f4                __pow5mult
 .text.__lshift
                0x00009890       0xa6 c:/program files (x86)/cypress/psoc creator/4.0/psoc creator/import/gnu/arm/4.9.3/bin/../lib/gcc/arm-none-eabi/4.9.3/../../../../arm-none-eabi/lib/armv7-m\libg_nano.a(lib_a-mprec.o)
                0x00009890                __lshift
 .text.__mcmp   0x00009936       0x38 c:/program files (x86)/cypress/psoc creator/4.0/psoc creator/import/gnu/arm/4.9.3/bin/../lib/gcc/arm-none-eabi/4.9.3/../../../../arm-none-eabi/lib/armv7-m\libg_nano.a(lib_a-mprec.o)
                0x00009936                __mcmp
 .text.__mdiff  0x0000996e       0xbe c:/program files (x86)/cypress/psoc creator/4.0/psoc creator/import/gnu/arm/4.9.3/bin/../lib/gcc/arm-none-eabi/4.9.3/../../../../arm-none-eabi/lib/armv7-m\libg_nano.a(lib_a-mprec.o)
                0x0000996e                __mdiff
 .text.__d2b    0x00009a2c       0xa4 c:/program files (x86)/cypress/psoc creator/4.0/psoc creator/import/gnu/arm/4.9.3/bin/../lib/gcc/arm-none-eabi/4.9.3/../../../../arm-none-eabi/lib/armv7-m\libg_nano.a(lib_a-mprec.o)
                0x00009a2c                __d2b
 .text._calloc_r
                0x00009ad0       0x1c c:/program files (x86)/cypress/psoc creator/4.0/psoc creator/import/gnu/arm/4.9.3/bin/../lib/gcc/arm-none-eabi/4.9.3/../../../../arm-none-eabi/lib/armv7-m\libg_nano.a(lib_a-nano-callocr.o)
                0x00009ad0                _calloc_r
 .text._free_r  0x00009aec       0x88 c:/program files (x86)/cypress/psoc creator/4.0/psoc creator/import/gnu/arm/4.9.3/bin/../lib/gcc/arm-none-eabi/4.9.3/../../../../arm-none-eabi/lib/armv7-m\libg_nano.a(lib_a-nano-freer.o)
                0x00009aec                _free_r
 .text._malloc_r
                0x00009b74       0xac c:/program files (x86)/cypress/psoc creator/4.0/psoc creator/import/gnu/arm/4.9.3/bin/../lib/gcc/arm-none-eabi/4.9.3/../../../../arm-none-eabi/lib/armv7-m\libg_nano.a(lib_a-nano-mallocr.o)
                0x00009b74                _malloc_r
 .text.__ssputs_r
                0x00009c20       0xb2 c:/program files (x86)/cypress/psoc creator/4.0/psoc creator/import/gnu/arm/4.9.3/bin/../lib/gcc/arm-none-eabi/4.9.3/../../../../arm-none-eabi/lib/armv7-m\libg_nano.a(lib_a-nano-svfprintf.o)
                0x00009c20                __ssputs_r
 *fill*         0x00009cd2        0x2 
 .text._svfprintf_r
                0x00009cd4      0x1e4 c:/program files (x86)/cypress/psoc creator/4.0/psoc creator/import/gnu/arm/4.9.3/bin/../lib/gcc/arm-none-eabi/4.9.3/../../../../arm-none-eabi/lib/armv7-m\libg_nano.a(lib_a-nano-svfprintf.o)
                0x00009cd4                _svfiprintf_r
                0x00009cd4                _svfprintf_r
 .text._sbrk_r  0x00009eb8       0x20 c:/program files (x86)/cypress/psoc creator/4.0/psoc creator/import/gnu/arm/4.9.3/bin/../lib/gcc/arm-none-eabi/4.9.3/../../../../arm-none-eabi/lib/armv7-m\libg_nano.a(lib_a-sbrkr.o)
                0x00009eb8                _sbrk_r
 .text.memmove  0x00009ed8       0x36 c:/program files (x86)/cypress/psoc creator/4.0/psoc creator/import/gnu/arm/4.9.3/bin/../lib/gcc/arm-none-eabi/4.9.3/../../../../arm-none-eabi/lib/armv7-m\libg_nano.a(lib_a-memmove.o)
                0x00009ed8                memmove
 .text._realloc_r
                0x00009f0e       0x4c c:/program files (x86)/cypress/psoc creator/4.0/psoc creator/import/gnu/arm/4.9.3/bin/../lib/gcc/arm-none-eabi/4.9.3/../../../../arm-none-eabi/lib/armv7-m\libg_nano.a(lib_a-nano-reallocr.o)
                0x00009f0e                _realloc_r
 .text._malloc_usable_size_r
                0x00009f5a       0x14 c:/program files (x86)/cypress/psoc creator/4.0/psoc creator/import/gnu/arm/4.9.3/bin/../lib/gcc/arm-none-eabi/4.9.3/../../../../arm-none-eabi/lib/armv7-m\libg_nano.a(lib_a-nano-msizer.o)
                0x00009f5a                _malloc_usable_size_r
 *(.plt)
 *(.gnu.warning)
 *(.glue_7t)
 .glue_7t       0x00000000        0x0 linker stubs
 *(.glue_7)
 .glue_7        0x00000000        0x0 linker stubs
 *(.vfp11_veneer)
 .vfp11_veneer  0x00000000        0x0 linker stubs
 *(.bootloader)
 *(.ARM.extab* .gnu.linkonce.armextab.*)
 *(.gcc_except_table)

.v4_bx          0x00009f70        0x0
 .v4_bx         0x00000000        0x0 linker stubs

.iplt           0x00009f70        0x0
 .iplt          0x00000000        0x0 c:/program files (x86)/cypress/psoc creator/4.0/psoc creator/import/gnu/arm/4.9.3/bin/../lib/gcc/arm-none-eabi/4.9.3/armv7-m/crtbegin.o

.eh_frame_hdr
 *(.eh_frame_hdr)

.eh_frame       0x00009f70        0x4
 *(.eh_frame)
 .eh_frame      0x00009f70        0x0 c:/program files (x86)/cypress/psoc creator/4.0/psoc creator/import/gnu/arm/4.9.3/bin/../lib/gcc/arm-none-eabi/4.9.3/armv7-m/crtbegin.o
 .eh_frame      0x00009f70        0x0 c:/program files (x86)/cypress/psoc creator/4.0/psoc creator/import/gnu/arm/4.9.3/bin/../lib/gcc/arm-none-eabi/4.9.3/../../../../arm-none-eabi/lib/armv7-m\libg_nano.a(lib_a-strcmp.o)
                                 0x28 (size before relaxing)
 .eh_frame      0x00009f70        0x4 c:/program files (x86)/cypress/psoc creator/4.0/psoc creator/import/gnu/arm/4.9.3/bin/../lib/gcc/arm-none-eabi/4.9.3/armv7-m/crtend.o
                0x00009f74                PROVIDE (__exidx_start, .)

.ARM.exidx
 *(.ARM.exidx* .gnu.linkonce.armexidx.*)
                0x00009f74                __exidx_end = .

.rodata         0x00009f78      0x5a8
 *(.rodata .rodata.* .gnu.linkonce.r.*)
 .rodata        0x00009f78      0x23c .\CortexM3\ARM_GCC_493\Debug\main.o
                0x00009f78                Lamella_Logger_Time_s
                0x00009f7c                Maximum_Lamella_Time_h
                0x00009f80                Lamella_Relaxation_Time_s
                0x00009f84                Rupture_Confirmation_Time_s
                0x00009f88                SampligCountsPerSecond
                0x00009f8c                LamellaFormationTime_ms
                0x0000a074                AllDataPointLoggerTimeLimit_s
 .rodata        0x0000a1b4       0x3c .\CortexM3\ARM_GCC_493\Debug\PSOC5_Blinkschaltung.a(cyfitter_cfg.o)
 .rodata        0x0000a1f0       0x18 .\CortexM3\ARM_GCC_493\Debug\PSOC5_Blinkschaltung.a(PGA_Photo.o)
 .rodata        0x0000a208       0x78 ..\emFile_V322c\LinkLibrary\PSoC5\GCC\libemf32noslfn.a(FS_Misc.o)
 .rodata.str1.1
                0x0000a280       0x30 ..\emFile_V322c\LinkLibrary\PSoC5\GCC\libemf32noslfn.a(FS_Misc.o)
 .rodata        0x0000a2b0       0x10 ..\emFile_V322c\LinkLibrary\PSoC5\GCC\libemf32noslfn.a(FAT_Misc.o)
                0x0000a2b0                FAT_SFN_API
 .rodata.str1.1
                0x0000a2c0        0x3 ..\emFile_V322c\LinkLibrary\PSoC5\GCC\libemf32noslfn.a(FAT_Open.o)
 *fill*         0x0000a2c3        0x1 
 .rodata.str1.4
                0x0000a2c4        0x4 c:/program files (x86)/cypress/psoc creator/4.0/psoc creator/import/gnu/arm/4.9.3/bin/../lib/gcc/arm-none-eabi/4.9.3/../../../../arm-none-eabi/lib/armv7-m\libm.a(lib_a-w_exp.o)
 .rodata.halF   0x0000a2c8       0x10 c:/program files (x86)/cypress/psoc creator/4.0/psoc creator/import/gnu/arm/4.9.3/bin/../lib/gcc/arm-none-eabi/4.9.3/../../../../arm-none-eabi/lib/armv7-m\libm.a(lib_a-e_exp.o)
 .rodata.ln2LO  0x0000a2d8       0x10 c:/program files (x86)/cypress/psoc creator/4.0/psoc creator/import/gnu/arm/4.9.3/bin/../lib/gcc/arm-none-eabi/4.9.3/../../../../arm-none-eabi/lib/armv7-m\libm.a(lib_a-e_exp.o)
 .rodata.ln2HI  0x0000a2e8       0x10 c:/program files (x86)/cypress/psoc creator/4.0/psoc creator/import/gnu/arm/4.9.3/bin/../lib/gcc/arm-none-eabi/4.9.3/../../../../arm-none-eabi/lib/armv7-m\libm.a(lib_a-e_exp.o)
 .rodata        0x0000a2f8       0x68 ..\emFile_V322c\LinkLibrary\PSoC5\GCC\libemf32noslfn.a(MMC_Drv.o)
                0x0000a340                FS_MMC_SPI_Driver
 .rodata.str1.1
                0x0000a360        0x4 ..\emFile_V322c\LinkLibrary\PSoC5\GCC\libemf32noslfn.a(MMC_Drv.o)
 .rodata.str1.1
                0x0000a364        0x2 c:/program files (x86)/cypress/psoc creator/4.0/psoc creator/import/gnu/arm/4.9.3/bin/../lib/gcc/arm-none-eabi/4.9.3/../../../../arm-none-eabi/lib/armv7-m\libg_nano.a(lib_a-impure.o)
 .rodata.str1.1
                0x0000a366       0x12 c:/program files (x86)/cypress/psoc creator/4.0/psoc creator/import/gnu/arm/4.9.3/bin/../lib/gcc/arm-none-eabi/4.9.3/../../../../arm-none-eabi/lib/armv7-m\libg_nano.a(lib_a-nano-vfprintf_float.o)
 .rodata.str1.1
                0x0000a378       0x22 c:/program files (x86)/cypress/psoc creator/4.0/psoc creator/import/gnu/arm/4.9.3/bin/../lib/gcc/arm-none-eabi/4.9.3/../../../../arm-none-eabi/lib/armv7-m\libg_nano.a(lib_a-nano-vfprintf_i.o)
 .rodata.str1.1
                0x0000a39a       0x25 c:/program files (x86)/cypress/psoc creator/4.0/psoc creator/import/gnu/arm/4.9.3/bin/../lib/gcc/arm-none-eabi/4.9.3/../../../../arm-none-eabi/lib/armv7-m\libg_nano.a(lib_a-utoa.o)
 .rodata.str1.1
                0x0000a3bf        0xd c:/program files (x86)/cypress/psoc creator/4.0/psoc creator/import/gnu/arm/4.9.3/bin/../lib/gcc/arm-none-eabi/4.9.3/../../../../arm-none-eabi/lib/armv7-m\libg_nano.a(lib_a-dtoa.o)
                                  0xf (size before relaxing)
 .rodata.str1.1
                0x0000a3cc        0x6 c:/program files (x86)/cypress/psoc creator/4.0/psoc creator/import/gnu/arm/4.9.3/bin/../lib/gcc/arm-none-eabi/4.9.3/../../../../arm-none-eabi/lib/armv7-m\libg_nano.a(lib_a-locale.o)
                                  0xb (size before relaxing)
 *fill*         0x0000a3d2        0x6 
 .rodata.__mprec_tens
                0x0000a3d8       0xc8 c:/program files (x86)/cypress/psoc creator/4.0/psoc creator/import/gnu/arm/4.9.3/bin/../lib/gcc/arm-none-eabi/4.9.3/../../../../arm-none-eabi/lib/armv7-m\libg_nano.a(lib_a-mprec.o)
                0x0000a3d8                __mprec_tens
 .rodata.__mprec_bigtens
                0x0000a4a0       0x28 c:/program files (x86)/cypress/psoc creator/4.0/psoc creator/import/gnu/arm/4.9.3/bin/../lib/gcc/arm-none-eabi/4.9.3/../../../../arm-none-eabi/lib/armv7-m\libg_nano.a(lib_a-mprec.o)
                0x0000a4a0                __mprec_bigtens
 .rodata.p05.5308
                0x0000a4c8        0xc c:/program files (x86)/cypress/psoc creator/4.0/psoc creator/import/gnu/arm/4.9.3/bin/../lib/gcc/arm-none-eabi/4.9.3/../../../../arm-none-eabi/lib/armv7-m\libg_nano.a(lib_a-mprec.o)
 .rodata.str1.1
                0x0000a4d4       0x11 c:/program files (x86)/cypress/psoc creator/4.0/psoc creator/import/gnu/arm/4.9.3/bin/../lib/gcc/arm-none-eabi/4.9.3/../../../../arm-none-eabi/lib/armv7-m\libg_nano.a(lib_a-nano-svfprintf.o)
                0x0000a4e8                . = ALIGN (0x4)
 *fill*         0x0000a4e5        0x3 
 *(.init)
 .init          0x0000a4e8        0x4 c:/program files (x86)/cypress/psoc creator/4.0/psoc creator/import/gnu/arm/4.9.3/bin/../lib/gcc/arm-none-eabi/4.9.3/armv7-m/crti.o
                0x0000a4e8                _init
 .init          0x0000a4ec        0x8 c:/program files (x86)/cypress/psoc creator/4.0/psoc creator/import/gnu/arm/4.9.3/bin/../lib/gcc/arm-none-eabi/4.9.3/armv7-m/crtn.o
                0x0000a4f4                . = ALIGN (0x4)
                0x0000a4f4                __preinit_array_start = .
 *(.preinit_array)
                0x0000a4f4                __preinit_array_end = .
                0x0000a4f4                . = ALIGN (0x4)
                0x0000a4f4                __init_array_start = .
 *(SORT(.init_array.*))
 *(.init_array)
 .init_array    0x0000a4f4        0x4 c:/program files (x86)/cypress/psoc creator/4.0/psoc creator/import/gnu/arm/4.9.3/bin/../lib/gcc/arm-none-eabi/4.9.3/armv7-m/crtbegin.o
 .init_array    0x0000a4f8        0x4 .\CortexM3\ARM_GCC_493\Debug\Cm3Start.o
                0x0000a4fc                __init_array_end = .
                0x0000a4fc                . = ALIGN (0x4)
 *(.fini)
 .fini          0x0000a4fc        0x4 c:/program files (x86)/cypress/psoc creator/4.0/psoc creator/import/gnu/arm/4.9.3/bin/../lib/gcc/arm-none-eabi/4.9.3/armv7-m/crti.o
                0x0000a4fc                _fini
 .fini          0x0000a500        0x8 c:/program files (x86)/cypress/psoc creator/4.0/psoc creator/import/gnu/arm/4.9.3/bin/../lib/gcc/arm-none-eabi/4.9.3/armv7-m/crtn.o
                0x0000a508                . = ALIGN (0x4)
                0x0000a508                __fini_array_start = .
 *(.fini_array)
 .fini_array    0x0000a508        0x4 c:/program files (x86)/cypress/psoc creator/4.0/psoc creator/import/gnu/arm/4.9.3/bin/../lib/gcc/arm-none-eabi/4.9.3/armv7-m/crtbegin.o
 *(SORT(.fini_array.*))
                0x0000a50c                __fini_array_end = .
                0x0000a50c                . = ALIGN (0x4)
 *crtbegin.o(.ctors)
 *(EXCLUDE_FILE(*crtend.o) .ctors)
 *(SORT(.ctors.*))
 *crtend.o(.ctors)
                0x0000a50c                . = ALIGN (0x4)
 *crtbegin.o(.dtors)
 *(EXCLUDE_FILE(*crtend.o) .dtors)
 *(SORT(.dtors.*))
 *crtend.o(.dtors)
                0x0000a50c                . = ALIGN (0x4)
                0x0000a50c                __cy_regions = .
                0x0000a50c        0x4 LONG 0xa520 __cy_region_init_ram
                0x0000a510        0x4 LONG 0x1fff8108 __cy_region_start_data
                0x0000a514        0x4 LONG 0xd0 __cy_region_init_size_ram
                0x0000a518        0x4 LONG 0x3230 __cy_region_zero_size_ram
                0x0000a51c                __cy_regions_end = .
                0x0000a520                . = ALIGN (0x8)
 *fill*         0x0000a51c        0x4 
                0x0000a520                _etext = .

.ramvectors     0x1fff8000      0x100
                0x1fff8000                __cy_region_start_ram = .
 *(.ramvectors)
 .ramvectors    0x1fff8000      0x100 .\CortexM3\ARM_GCC_493\Debug\Cm3Start.o
                0x1fff8000                CyRamVectors

.noinit         0x1fff8100        0x5
 *(.noinit)
 .noinit        0x1fff8100        0x4 .\CortexM3\ARM_GCC_493\Debug\Cm3Start.o
 .noinit        0x1fff8104        0x1 .\CortexM3\ARM_GCC_493\Debug\PSOC5_Blinkschaltung.a(CyLib.o)
                0x1fff8104                CyResetStatus

.data           0x1fff8108       0xd0 load address 0x0000a520
                0x1fff8108                __cy_region_start_data = .
 *(.jcr)
 .jcr           0x1fff8108        0x0 c:/program files (x86)/cypress/psoc creator/4.0/psoc creator/import/gnu/arm/4.9.3/bin/../lib/gcc/arm-none-eabi/4.9.3/armv7-m/crtbegin.o
 .jcr           0x1fff8108        0x4 c:/program files (x86)/cypress/psoc creator/4.0/psoc creator/import/gnu/arm/4.9.3/bin/../lib/gcc/arm-none-eabi/4.9.3/armv7-m/crtend.o
 *(.got.plt)
 *(.got)
 *(.shdata)
 *(.data .data.* .gnu.linkonce.d.*)
 .data          0x1fff810c        0x4 .\CortexM3\ARM_GCC_493\Debug\main.o
                0x1fff810c                plot_every_nth
 .data          0x1fff8110        0x4 .\CortexM3\ARM_GCC_493\Debug\Cm3Start.o
 .data          0x1fff8114       0x10 .\CortexM3\ARM_GCC_493\Debug\PSOC5_Blinkschaltung.a(CyLib.o)
                0x1fff8114                cydelay_freq_hz
                0x1fff8118                cydelay_freq_khz
                0x1fff811c                cydelay_freq_mhz
                0x1fff8120                cydelay_32k_ms
 .data          0x1fff8124        0xc .\CortexM3\ARM_GCC_493\Debug\PSOC5_Blinkschaltung.a(SW_Tx_UART_1.o)
                0x1fff8124                SW_Tx_UART_1_pinNumber
                0x1fff8128                SW_Tx_UART_1_pinPortNumber
                0x1fff812c                SW_Tx_UART_1_pinDrAdress
 .data          0x1fff8130        0x4 ..\emFile_V322c\LinkLibrary\PSoC5\GCC\libemf32noslfn.a(FAT_Misc.o)
                0x1fff8130                FAT_pDirEntryAPI
 .data.__fdlib_version
                0x1fff8134        0x1 c:/program files (x86)/cypress/psoc creator/4.0/psoc creator/import/gnu/arm/4.9.3/bin/../lib/gcc/arm-none-eabi/4.9.3/../../../../arm-none-eabi/lib/armv7-m\libm.a(lib_a-s_lib_ver.o)
                0x1fff8134                __fdlib_version
 *fill*         0x1fff8135        0x3 
 .data          0x1fff8138        0x4 ..\emFile_V322c\LinkLibrary\PSoC5\GCC\libemf32noslfn.a(MMC_Drv.o)
 .data.impure_data
                0x1fff813c       0x60 c:/program files (x86)/cypress/psoc creator/4.0/psoc creator/import/gnu/arm/4.9.3/bin/../lib/gcc/arm-none-eabi/4.9.3/../../../../arm-none-eabi/lib/armv7-m\libg_nano.a(lib_a-impure.o)
 .data._impure_ptr
                0x1fff819c        0x4 c:/program files (x86)/cypress/psoc creator/4.0/psoc creator/import/gnu/arm/4.9.3/bin/../lib/gcc/arm-none-eabi/4.9.3/../../../../arm-none-eabi/lib/armv7-m\libg_nano.a(lib_a-impure.o)
                0x1fff819c                _impure_ptr
 .data.lconv    0x1fff81a0       0x38 c:/program files (x86)/cypress/psoc creator/4.0/psoc creator/import/gnu/arm/4.9.3/bin/../lib/gcc/arm-none-eabi/4.9.3/../../../../arm-none-eabi/lib/armv7-m\libg_nano.a(lib_a-locale.o)
                0x1fff81d8                . = ALIGN (0x8)
 *(.ram)
                0x1fff81d8                _edata = .

.igot.plt       0x1fff81d8        0x0 load address 0x0000a5f0
 .igot.plt      0x00000000        0x0 c:/program files (x86)/cypress/psoc creator/4.0/psoc creator/import/gnu/arm/4.9.3/bin/../lib/gcc/arm-none-eabi/4.9.3/armv7-m/crtbegin.o

.bss            0x1fff81d8     0x3230 load address 0x0000a5f0
                0x1fff81d8                PROVIDE (__bss_start__, .)
 *(.shbss)
 *(.bss .bss.* .gnu.linkonce.b.*)
 .bss           0x1fff81d8       0x1c c:/program files (x86)/cypress/psoc creator/4.0/psoc creator/import/gnu/arm/4.9.3/bin/../lib/gcc/arm-none-eabi/4.9.3/armv7-m/crtbegin.o
 .bss           0x1fff81f4       0x5c .\CortexM3\ARM_GCC_493\Debug\main.o
                0x1fff81f4                NumberOfMeasurements
                0x1fff81f8                Lifetime_max
                0x1fff81fc                menustate
                0x1fff8200                counter_Timer1_steps
                0x1fff8204                counter_Lamella_Number
                0x1fff8208                counter_Rupture_Confirmation
                0x1fff820c                bool_Rupture_Confirmed
                0x1fff8210                timerflag100ms
                0x1fff8211                timerflag1000ms
                0x1fff8212                timerflag5000ms
                0x1fff8214                cnt_timer100ms
                0x1fff8218                cnt_timer1000ms
                0x1fff821c                cnt_timer5000ms
                0x1fff8220                slider_ready
                0x1fff8221                Measurement_running
                0x1fff8224                present_Result_saved
                0x1fff8228                new_pickup_initialized
                0x1fff8229                slider_val_sent
                0x1fff822a                slider_val_received
                0x1fff822c                present_LiveData_plot_refreshed
                0x1fff8230                current_RescaledData_plot_refreshed
                0x1fff8234                STI100_writing
                0x1fff8238                STI100_write_requested
                0x1fff823c                STI100_present_results_saved
                0x1fff8240                i
                0x1fff8244                j
                0x1fff8248                bool_NewLamellaFileNameSet
 .bss           0x1fff8250        0x1 .\CortexM3\ARM_GCC_493\Debug\PSOC5_Blinkschaltung.a(Analog_Digital_Converter.o)
                0x1fff8250                Analog_Digital_Converter_initVar
 .bss           0x1fff8251        0x9 .\CortexM3\ARM_GCC_493\Debug\PSOC5_Blinkschaltung.a(UART_TFT.o)
                0x1fff8251                UART_TFT_initVar
                0x1fff8252                UART_TFT_txBufferRead
                0x1fff8253                UART_TFT_txBufferWrite
                0x1fff8254                UART_TFT_errorStatus
                0x1fff8255                UART_TFT_rxBufferRead
                0x1fff8256                UART_TFT_rxBufferWrite
                0x1fff8257                UART_TFT_rxBufferLoopDetect
                0x1fff8258                UART_TFT_rxBufferOverflow
 .bss           0x1fff825a        0x1 .\CortexM3\ARM_GCC_493\Debug\PSOC5_Blinkschaltung.a(Timer1.o)
                0x1fff825a                Timer1_initVar
 .bss           0x1fff825b        0x1 .\CortexM3\ARM_GCC_493\Debug\PSOC5_Blinkschaltung.a(PGA_Photo.o)
                0x1fff825b                PGA_Photo_initVar
 .bss           0x1fff825c        0x1 .\CortexM3\ARM_GCC_493\Debug\PSOC5_Blinkschaltung.a(TIA_1.o)
                0x1fff825c                TIA_1_initVar
 *fill*         0x1fff825d        0x3 
 .bss           0x1fff8260        0x4 .\CortexM3\ARM_GCC_493\Debug\PSOC5_Blinkschaltung.a(CyFlash.o)
 .bss           0x1fff8264        0x8 .\CortexM3\ARM_GCC_493\Debug\PSOC5_Blinkschaltung.a(CySpc.o)
                0x1fff8264                SpcLockState
 .bss           0x1fff826c        0xc ..\emFile_V322c\LinkLibrary\PSoC5\GCC\libemf32noslfn.a(FS_Core.o)
 .bss           0x1fff8278     0x1000 .\CortexM3\ARM_GCC_493\Debug\PSOC5_Blinkschaltung.a(emFile_ConfigMMC_SPI.o)
 .bss           0x1fff9278       0x14 ..\emFile_V322c\LinkLibrary\PSoC5\GCC\libemf32noslfn.a(MMC_Drv.o)
 .bss           0x1fff928c        0x1 .\CortexM3\ARM_GCC_493\Debug\PSOC5_Blinkschaltung.a(emFile_MMC_HW_SPI.o)
 .bss           0x1fff928d        0x1 .\CortexM3\ARM_GCC_493\Debug\PSOC5_Blinkschaltung.a(emFile_SPI0.o)
                0x1fff928d                emFile_SPI0_initVar
 *fill*         0x1fff928e        0x2 
 .bss.__malloc_sbrk_start
                0x1fff9290        0x4 c:/program files (x86)/cypress/psoc creator/4.0/psoc creator/import/gnu/arm/4.9.3/bin/../lib/gcc/arm-none-eabi/4.9.3/../../../../arm-none-eabi/lib/armv7-m\libg_nano.a(lib_a-nano-mallocr.o)
                0x1fff9290                __malloc_sbrk_start
 .bss.__malloc_free_list
                0x1fff9294        0x4 c:/program files (x86)/cypress/psoc creator/4.0/psoc creator/import/gnu/arm/4.9.3/bin/../lib/gcc/arm-none-eabi/4.9.3/../../../../arm-none-eabi/lib/armv7-m\libg_nano.a(lib_a-nano-mallocr.o)
                0x1fff9294                __malloc_free_list
 *(COMMON)
 COMMON         0x1fff9298     0x20a8 .\CortexM3\ARM_GCC_493\Debug\main.o
                0x1fff9298                sig_raise_Stepper