ARM GAS  C:\Users\LocalAdmin\AppData\Local\Temp\ccxmPewG.s 			page 1


   1              		.syntax unified
   2              		.cpu cortex-m3
   3              		.fpu softvfp
   4              		.eabi_attribute 20, 1
   5              		.eabi_attribute 21, 1
   6              		.eabi_attribute 23, 3
   7              		.eabi_attribute 24, 1
   8              		.eabi_attribute 25, 1
   9              		.eabi_attribute 26, 1
  10              		.eabi_attribute 30, 6
  11              		.eabi_attribute 34, 1
  12              		.eabi_attribute 18, 4
  13              		.thumb
  14              		.file	"SW_Tx_UART_1.c"
  15              		.text
  16              	.Ltext0:
  17              		.cfi_sections	.debug_frame
  18              		.global	SW_Tx_UART_1_pinNumber
  19              		.data
  20              		.align	2
  21              		.type	SW_Tx_UART_1_pinNumber, %object
  22              		.size	SW_Tx_UART_1_pinNumber, 4
  23              	SW_Tx_UART_1_pinNumber:
  24 0000 05000000 		.word	5
  25              		.global	SW_Tx_UART_1_pinPortNumber
  26              		.align	2
  27              		.type	SW_Tx_UART_1_pinPortNumber, %object
  28              		.size	SW_Tx_UART_1_pinPortNumber, 4
  29              	SW_Tx_UART_1_pinPortNumber:
  30 0004 01000000 		.word	1
  31              		.global	SW_Tx_UART_1_pinDrAdress
  32              		.align	2
  33              		.type	SW_Tx_UART_1_pinDrAdress, %object
  34              		.size	SW_Tx_UART_1_pinDrAdress, 4
  35              	SW_Tx_UART_1_pinDrAdress:
  36 0008 0D500040 		.word	1073762317
  37              		.section	.text.SW_Tx_UART_1_Start,"ax",%progbits
  38              		.align	2
  39              		.global	SW_Tx_UART_1_Start
  40              		.thumb
  41              		.thumb_func
  42              		.type	SW_Tx_UART_1_Start, %function
  43              	SW_Tx_UART_1_Start:
  44              	.LFB0:
  45              		.file 1 "Generated_Source\\PSoC5\\SW_Tx_UART_1.c"
   1:Generated_Source\PSoC5/SW_Tx_UART_1.c **** /*******************************************************************************
   2:Generated_Source\PSoC5/SW_Tx_UART_1.c **** * File Name: SW_Tx_UART_1.c
   3:Generated_Source\PSoC5/SW_Tx_UART_1.c **** * Version 1.50
   4:Generated_Source\PSoC5/SW_Tx_UART_1.c **** *
   5:Generated_Source\PSoC5/SW_Tx_UART_1.c **** * Description:
   6:Generated_Source\PSoC5/SW_Tx_UART_1.c **** *  This file provides the source code to the API for the Software Transmit UART.
   7:Generated_Source\PSoC5/SW_Tx_UART_1.c **** *
   8:Generated_Source\PSoC5/SW_Tx_UART_1.c **** ********************************************************************************
   9:Generated_Source\PSoC5/SW_Tx_UART_1.c **** * Copyright 2013-2015, Cypress Semiconductor Corporation.  All rights reserved.
  10:Generated_Source\PSoC5/SW_Tx_UART_1.c **** * You may use this file only in accordance with the license, terms, conditions,
  11:Generated_Source\PSoC5/SW_Tx_UART_1.c **** * disclaimers, and limitations in the end user license agreement accompanying
  12:Generated_Source\PSoC5/SW_Tx_UART_1.c **** * the software package with which this file was provided.
ARM GAS  C:\Users\LocalAdmin\AppData\Local\Temp\ccxmPewG.s 			page 2


  13:Generated_Source\PSoC5/SW_Tx_UART_1.c **** *******************************************************************************/
  14:Generated_Source\PSoC5/SW_Tx_UART_1.c **** 
  15:Generated_Source\PSoC5/SW_Tx_UART_1.c **** #include "SW_Tx_UART_1_PVT.h"
  16:Generated_Source\PSoC5/SW_Tx_UART_1.c **** 
  17:Generated_Source\PSoC5/SW_Tx_UART_1.c **** #if(SW_Tx_UART_1_PIN_STATIC_MODE == 1u)
  18:Generated_Source\PSoC5/SW_Tx_UART_1.c ****     uint32 SW_Tx_UART_1_pinNumber = SW_Tx_UART_1_PIN_NUMBER;
  19:Generated_Source\PSoC5/SW_Tx_UART_1.c ****     uint32 SW_Tx_UART_1_pinPortNumber = SW_Tx_UART_1_PIN_PORT_NUMBER;
  20:Generated_Source\PSoC5/SW_Tx_UART_1.c ****     #if(CY_PSOC3)
  21:Generated_Source\PSoC5/SW_Tx_UART_1.c ****         uint32 pdata SW_Tx_UART_1_pinDrAdress = SW_Tx_UART_1_PIN_DR;
  22:Generated_Source\PSoC5/SW_Tx_UART_1.c ****     #else
  23:Generated_Source\PSoC5/SW_Tx_UART_1.c ****         uint32 SW_Tx_UART_1_pinDrAdress = SW_Tx_UART_1_PIN_DR;
  24:Generated_Source\PSoC5/SW_Tx_UART_1.c ****     #endif /* (CY_PSOC3) */
  25:Generated_Source\PSoC5/SW_Tx_UART_1.c **** #else
  26:Generated_Source\PSoC5/SW_Tx_UART_1.c ****     uint32 SW_Tx_UART_1_pinNumber;
  27:Generated_Source\PSoC5/SW_Tx_UART_1.c ****     uint32 SW_Tx_UART_1_pinPortNumber;
  28:Generated_Source\PSoC5/SW_Tx_UART_1.c ****     #if(CY_PSOC3)
  29:Generated_Source\PSoC5/SW_Tx_UART_1.c ****         uint32 pdata SW_Tx_UART_1_pinDrAdress;
  30:Generated_Source\PSoC5/SW_Tx_UART_1.c ****     #else
  31:Generated_Source\PSoC5/SW_Tx_UART_1.c ****         uint32 SW_Tx_UART_1_pinDrAdress;
  32:Generated_Source\PSoC5/SW_Tx_UART_1.c ****     #endif /* (CY_PSOC3) */
  33:Generated_Source\PSoC5/SW_Tx_UART_1.c **** #endif /* (SW_Tx_UART_1_PIN_STATIC_MODE == 1u) */
  34:Generated_Source\PSoC5/SW_Tx_UART_1.c **** 
  35:Generated_Source\PSoC5/SW_Tx_UART_1.c **** 
  36:Generated_Source\PSoC5/SW_Tx_UART_1.c **** #if(SW_Tx_UART_1_PIN_STATIC_MODE == 1u)
  37:Generated_Source\PSoC5/SW_Tx_UART_1.c ****     /*******************************************************************************
  38:Generated_Source\PSoC5/SW_Tx_UART_1.c ****     * Function Name: SW_Tx_UART_1_Start
  39:Generated_Source\PSoC5/SW_Tx_UART_1.c ****     ********************************************************************************
  40:Generated_Source\PSoC5/SW_Tx_UART_1.c ****     *
  41:Generated_Source\PSoC5/SW_Tx_UART_1.c ****     * Summary:
  42:Generated_Source\PSoC5/SW_Tx_UART_1.c ****     *  Empty function. Included for consistency with other
  43:Generated_Source\PSoC5/SW_Tx_UART_1.c ****     *  components. This API is not available when PinAssignmentMethod
  44:Generated_Source\PSoC5/SW_Tx_UART_1.c ****     *  is set to Dynamic.
  45:Generated_Source\PSoC5/SW_Tx_UART_1.c ****     *
  46:Generated_Source\PSoC5/SW_Tx_UART_1.c ****     * Parameters:
  47:Generated_Source\PSoC5/SW_Tx_UART_1.c ****     *  None
  48:Generated_Source\PSoC5/SW_Tx_UART_1.c ****     *
  49:Generated_Source\PSoC5/SW_Tx_UART_1.c ****     * Return:
  50:Generated_Source\PSoC5/SW_Tx_UART_1.c ****     *  None
  51:Generated_Source\PSoC5/SW_Tx_UART_1.c ****     *
  52:Generated_Source\PSoC5/SW_Tx_UART_1.c ****     *******************************************************************************/
  53:Generated_Source\PSoC5/SW_Tx_UART_1.c ****     void SW_Tx_UART_1_Start(void) 
  54:Generated_Source\PSoC5/SW_Tx_UART_1.c ****     {
  46              		.loc 1 54 0
  47              		.cfi_startproc
  48              		@ args = 0, pretend = 0, frame = 0
  49              		@ frame_needed = 1, uses_anonymous_args = 0
  50              		@ link register save eliminated.
  51 0000 80B4     		push	{r7}
  52              		.cfi_def_cfa_offset 4
  53              		.cfi_offset 7, -4
  54 0002 00AF     		add	r7, sp, #0
  55              		.cfi_def_cfa_register 7
  55:Generated_Source\PSoC5/SW_Tx_UART_1.c **** 
  56:Generated_Source\PSoC5/SW_Tx_UART_1.c ****     }
  56              		.loc 1 56 0
  57 0004 BD46     		mov	sp, r7
  58              		.cfi_def_cfa_register 13
ARM GAS  C:\Users\LocalAdmin\AppData\Local\Temp\ccxmPewG.s 			page 3


  59              		@ sp needed
  60 0006 5DF8047B 		ldr	r7, [sp], #4
  61              		.cfi_restore 7
  62              		.cfi_def_cfa_offset 0
  63 000a 7047     		bx	lr
  64              		.cfi_endproc
  65              	.LFE0:
  66              		.size	SW_Tx_UART_1_Start, .-SW_Tx_UART_1_Start
  67              		.section	.text.SW_Tx_UART_1_Stop,"ax",%progbits
  68              		.align	2
  69              		.global	SW_Tx_UART_1_Stop
  70              		.thumb
  71              		.thumb_func
  72              		.type	SW_Tx_UART_1_Stop, %function
  73              	SW_Tx_UART_1_Stop:
  74              	.LFB1:
  57:Generated_Source\PSoC5/SW_Tx_UART_1.c **** #else
  58:Generated_Source\PSoC5/SW_Tx_UART_1.c ****     /*******************************************************************************
  59:Generated_Source\PSoC5/SW_Tx_UART_1.c ****     * Function Name: SW_Tx_UART_1_StartEx
  60:Generated_Source\PSoC5/SW_Tx_UART_1.c ****     ********************************************************************************
  61:Generated_Source\PSoC5/SW_Tx_UART_1.c ****     *
  62:Generated_Source\PSoC5/SW_Tx_UART_1.c ****     * Summary:
  63:Generated_Source\PSoC5/SW_Tx_UART_1.c ****     *  Configures the SW Tx UART to use the pin specified
  64:Generated_Source\PSoC5/SW_Tx_UART_1.c ****     *  by the parameters. This API is only available when
  65:Generated_Source\PSoC5/SW_Tx_UART_1.c ****     *  PinAssignmentMethod is set to Dynamic.
  66:Generated_Source\PSoC5/SW_Tx_UART_1.c ****     *
  67:Generated_Source\PSoC5/SW_Tx_UART_1.c ****     * Parameters:
  68:Generated_Source\PSoC5/SW_Tx_UART_1.c ****     *  port:  Port number for dynamic pin assignment
  69:Generated_Source\PSoC5/SW_Tx_UART_1.c ****     *  pin:   Pin number for dynamic pin assignment
  70:Generated_Source\PSoC5/SW_Tx_UART_1.c ****     *
  71:Generated_Source\PSoC5/SW_Tx_UART_1.c ****     * Return:
  72:Generated_Source\PSoC5/SW_Tx_UART_1.c ****     *  None
  73:Generated_Source\PSoC5/SW_Tx_UART_1.c ****     *
  74:Generated_Source\PSoC5/SW_Tx_UART_1.c ****     *******************************************************************************/
  75:Generated_Source\PSoC5/SW_Tx_UART_1.c ****     void SW_Tx_UART_1_StartEx(uint8 port, uint8 pin) 
  76:Generated_Source\PSoC5/SW_Tx_UART_1.c ****     {
  77:Generated_Source\PSoC5/SW_Tx_UART_1.c ****         uint32 portConfigAddr;
  78:Generated_Source\PSoC5/SW_Tx_UART_1.c **** 
  79:Generated_Source\PSoC5/SW_Tx_UART_1.c ****         #if (CY_PSOC4)
  80:Generated_Source\PSoC5/SW_Tx_UART_1.c ****             uint32 portDataRegAddr;
  81:Generated_Source\PSoC5/SW_Tx_UART_1.c ****         #endif /* (CY_PSOC4) */
  82:Generated_Source\PSoC5/SW_Tx_UART_1.c **** 
  83:Generated_Source\PSoC5/SW_Tx_UART_1.c ****         if ((pin <= SW_Tx_UART_1_MAX_PIN_NUMBER) && (port <= SW_Tx_UART_1_MAX_PORT_NUMBER))
  84:Generated_Source\PSoC5/SW_Tx_UART_1.c ****         {
  85:Generated_Source\PSoC5/SW_Tx_UART_1.c ****             #if (!CY_PSOC4)
  86:Generated_Source\PSoC5/SW_Tx_UART_1.c ****                 portConfigAddr = SW_Tx_UART_1_PORT_CNF_BASE;
  87:Generated_Source\PSoC5/SW_Tx_UART_1.c ****                 portConfigAddr += ((uint32)port * (SW_Tx_UART_1_MAX_PIN_NUMBER + 1u)) + pin;
  88:Generated_Source\PSoC5/SW_Tx_UART_1.c ****                 CyPins_SetPinDriveMode(portConfigAddr, CY_PINS_DM_STRONG);
  89:Generated_Source\PSoC5/SW_Tx_UART_1.c ****                 CyPins_SetPin(portConfigAddr);
  90:Generated_Source\PSoC5/SW_Tx_UART_1.c ****                 SW_Tx_UART_1_pinDrAdress = portConfigAddr;
  91:Generated_Source\PSoC5/SW_Tx_UART_1.c ****             #else
  92:Generated_Source\PSoC5/SW_Tx_UART_1.c ****                 portConfigAddr = SW_Tx_UART_1_PORT_CNF_BASE + (SW_Tx_UART_1_PORT_CNF_SIZE * port) +
  93:Generated_Source\PSoC5/SW_Tx_UART_1.c ****                                                                                 SW_Tx_UART_1_PORT_C
  94:Generated_Source\PSoC5/SW_Tx_UART_1.c ****                 CY_SYS_PINS_SET_DRIVE_MODE(portConfigAddr, pin, CY_SYS_PINS_DM_STRONG);
  95:Generated_Source\PSoC5/SW_Tx_UART_1.c ****                 portDataRegAddr = SW_Tx_UART_1_PORT_CNF_BASE + (SW_Tx_UART_1_PORT_CNF_SIZE * port) 
  96:Generated_Source\PSoC5/SW_Tx_UART_1.c ****                                                                                 SW_Tx_UART_1_PORT_C
  97:Generated_Source\PSoC5/SW_Tx_UART_1.c ****                 CY_SYS_PINS_SET_PIN(portDataRegAddr, pin);
ARM GAS  C:\Users\LocalAdmin\AppData\Local\Temp\ccxmPewG.s 			page 4


  98:Generated_Source\PSoC5/SW_Tx_UART_1.c ****                 SW_Tx_UART_1_pinDrAdress = portDataRegAddr;
  99:Generated_Source\PSoC5/SW_Tx_UART_1.c ****             #endif /* (!CY_PSOC4) */
 100:Generated_Source\PSoC5/SW_Tx_UART_1.c ****             SW_Tx_UART_1_pinNumber = pin;
 101:Generated_Source\PSoC5/SW_Tx_UART_1.c ****             SW_Tx_UART_1_pinPortNumber = port;
 102:Generated_Source\PSoC5/SW_Tx_UART_1.c ****         }
 103:Generated_Source\PSoC5/SW_Tx_UART_1.c ****     }
 104:Generated_Source\PSoC5/SW_Tx_UART_1.c **** #endif /* (SW_Tx_UART_1_PIN_STATIC_MODE == 1u) */
 105:Generated_Source\PSoC5/SW_Tx_UART_1.c **** 
 106:Generated_Source\PSoC5/SW_Tx_UART_1.c **** 
 107:Generated_Source\PSoC5/SW_Tx_UART_1.c **** /*******************************************************************************
 108:Generated_Source\PSoC5/SW_Tx_UART_1.c **** * Function Name: SW_Tx_UART_1_Stop
 109:Generated_Source\PSoC5/SW_Tx_UART_1.c **** ********************************************************************************
 110:Generated_Source\PSoC5/SW_Tx_UART_1.c **** *
 111:Generated_Source\PSoC5/SW_Tx_UART_1.c **** * Summary:
 112:Generated_Source\PSoC5/SW_Tx_UART_1.c **** *  Empty function. Included for consistency with other components.
 113:Generated_Source\PSoC5/SW_Tx_UART_1.c **** *
 114:Generated_Source\PSoC5/SW_Tx_UART_1.c **** * Parameters:
 115:Generated_Source\PSoC5/SW_Tx_UART_1.c **** *  None
 116:Generated_Source\PSoC5/SW_Tx_UART_1.c **** *
 117:Generated_Source\PSoC5/SW_Tx_UART_1.c **** * Return:
 118:Generated_Source\PSoC5/SW_Tx_UART_1.c **** *  None
 119:Generated_Source\PSoC5/SW_Tx_UART_1.c **** *
 120:Generated_Source\PSoC5/SW_Tx_UART_1.c **** *******************************************************************************/
 121:Generated_Source\PSoC5/SW_Tx_UART_1.c **** void SW_Tx_UART_1_Stop(void) 
 122:Generated_Source\PSoC5/SW_Tx_UART_1.c **** {
  75              		.loc 1 122 0
  76              		.cfi_startproc
  77              		@ args = 0, pretend = 0, frame = 0
  78              		@ frame_needed = 1, uses_anonymous_args = 0
  79              		@ link register save eliminated.
  80 0000 80B4     		push	{r7}
  81              		.cfi_def_cfa_offset 4
  82              		.cfi_offset 7, -4
  83 0002 00AF     		add	r7, sp, #0
  84              		.cfi_def_cfa_register 7
 123:Generated_Source\PSoC5/SW_Tx_UART_1.c **** 
 124:Generated_Source\PSoC5/SW_Tx_UART_1.c **** }
  85              		.loc 1 124 0
  86 0004 BD46     		mov	sp, r7
  87              		.cfi_def_cfa_register 13
  88              		@ sp needed
  89 0006 5DF8047B 		ldr	r7, [sp], #4
  90              		.cfi_restore 7
  91              		.cfi_def_cfa_offset 0
  92 000a 7047     		bx	lr
  93              		.cfi_endproc
  94              	.LFE1:
  95              		.size	SW_Tx_UART_1_Stop, .-SW_Tx_UART_1_Stop
  96              		.section	.text.SW_Tx_UART_1_PutString,"ax",%progbits
  97              		.align	2
  98              		.global	SW_Tx_UART_1_PutString
  99              		.thumb
 100              		.thumb_func
 101              		.type	SW_Tx_UART_1_PutString, %function
 102              	SW_Tx_UART_1_PutString:
 103              	.LFB2:
 125:Generated_Source\PSoC5/SW_Tx_UART_1.c **** 
ARM GAS  C:\Users\LocalAdmin\AppData\Local\Temp\ccxmPewG.s 			page 5


 126:Generated_Source\PSoC5/SW_Tx_UART_1.c **** 
 127:Generated_Source\PSoC5/SW_Tx_UART_1.c **** /*******************************************************************************
 128:Generated_Source\PSoC5/SW_Tx_UART_1.c **** * Function Name: SW_Tx_UART_1_PutString
 129:Generated_Source\PSoC5/SW_Tx_UART_1.c **** ********************************************************************************
 130:Generated_Source\PSoC5/SW_Tx_UART_1.c **** *
 131:Generated_Source\PSoC5/SW_Tx_UART_1.c **** * Summary:
 132:Generated_Source\PSoC5/SW_Tx_UART_1.c **** *  Sends a NULL terminated string via the Tx pin.
 133:Generated_Source\PSoC5/SW_Tx_UART_1.c **** *
 134:Generated_Source\PSoC5/SW_Tx_UART_1.c **** * Parameters:
 135:Generated_Source\PSoC5/SW_Tx_UART_1.c **** *  string: Pointer to the null terminated string to send
 136:Generated_Source\PSoC5/SW_Tx_UART_1.c **** *
 137:Generated_Source\PSoC5/SW_Tx_UART_1.c **** * Return:
 138:Generated_Source\PSoC5/SW_Tx_UART_1.c **** *  None
 139:Generated_Source\PSoC5/SW_Tx_UART_1.c **** *
 140:Generated_Source\PSoC5/SW_Tx_UART_1.c **** *******************************************************************************/
 141:Generated_Source\PSoC5/SW_Tx_UART_1.c **** void SW_Tx_UART_1_PutString(const char8 string[]) 
 142:Generated_Source\PSoC5/SW_Tx_UART_1.c **** {
 104              		.loc 1 142 0
 105              		.cfi_startproc
 106              		@ args = 0, pretend = 0, frame = 16
 107              		@ frame_needed = 1, uses_anonymous_args = 0
 108 0000 80B5     		push	{r7, lr}
 109              		.cfi_def_cfa_offset 8
 110              		.cfi_offset 7, -8
 111              		.cfi_offset 14, -4
 112 0002 84B0     		sub	sp, sp, #16
 113              		.cfi_def_cfa_offset 24
 114 0004 00AF     		add	r7, sp, #0
 115              		.cfi_def_cfa_register 7
 116 0006 7860     		str	r0, [r7, #4]
 143:Generated_Source\PSoC5/SW_Tx_UART_1.c ****     uint8 stringIndex = 1u;
 117              		.loc 1 143 0
 118 0008 0123     		movs	r3, #1
 119 000a FB73     		strb	r3, [r7, #15]
 144:Generated_Source\PSoC5/SW_Tx_UART_1.c ****     char8 current = *string;
 120              		.loc 1 144 0
 121 000c 7B68     		ldr	r3, [r7, #4]
 122 000e 1B78     		ldrb	r3, [r3]
 123 0010 BB73     		strb	r3, [r7, #14]
 145:Generated_Source\PSoC5/SW_Tx_UART_1.c **** 
 146:Generated_Source\PSoC5/SW_Tx_UART_1.c ****     /* Until null is reached, print next character */
 147:Generated_Source\PSoC5/SW_Tx_UART_1.c ****     while((char8) '\0' != current)
 124              		.loc 1 147 0
 125 0012 0BE0     		b	.L4
 126              	.L5:
 148:Generated_Source\PSoC5/SW_Tx_UART_1.c ****     {
 149:Generated_Source\PSoC5/SW_Tx_UART_1.c ****         SW_Tx_UART_1_PutChar((uint8)current);
 127              		.loc 1 149 0
 128 0014 BB7B     		ldrb	r3, [r7, #14]	@ zero_extendqisi2
 129 0016 1846     		mov	r0, r3
 130 0018 FFF7FEFF 		bl	SW_Tx_UART_1_PutChar
 150:Generated_Source\PSoC5/SW_Tx_UART_1.c ****         current = string[stringIndex];
 131              		.loc 1 150 0
 132 001c FB7B     		ldrb	r3, [r7, #15]	@ zero_extendqisi2
 133 001e 7A68     		ldr	r2, [r7, #4]
 134 0020 1344     		add	r3, r3, r2
 135 0022 1B78     		ldrb	r3, [r3]
ARM GAS  C:\Users\LocalAdmin\AppData\Local\Temp\ccxmPewG.s 			page 6


 136 0024 BB73     		strb	r3, [r7, #14]
 151:Generated_Source\PSoC5/SW_Tx_UART_1.c ****         stringIndex++;
 137              		.loc 1 151 0
 138 0026 FB7B     		ldrb	r3, [r7, #15]	@ zero_extendqisi2
 139 0028 0133     		adds	r3, r3, #1
 140 002a FB73     		strb	r3, [r7, #15]
 141              	.L4:
 147:Generated_Source\PSoC5/SW_Tx_UART_1.c ****     {
 142              		.loc 1 147 0
 143 002c BB7B     		ldrb	r3, [r7, #14]	@ zero_extendqisi2
 144 002e 002B     		cmp	r3, #0
 145 0030 F0D1     		bne	.L5
 152:Generated_Source\PSoC5/SW_Tx_UART_1.c ****     }
 153:Generated_Source\PSoC5/SW_Tx_UART_1.c **** }
 146              		.loc 1 153 0
 147 0032 1037     		adds	r7, r7, #16
 148              		.cfi_def_cfa_offset 8
 149 0034 BD46     		mov	sp, r7
 150              		.cfi_def_cfa_register 13
 151              		@ sp needed
 152 0036 80BD     		pop	{r7, pc}
 153              		.cfi_endproc
 154              	.LFE2:
 155              		.size	SW_Tx_UART_1_PutString, .-SW_Tx_UART_1_PutString
 156              		.section	.text.SW_Tx_UART_1_PutArray,"ax",%progbits
 157              		.align	2
 158              		.global	SW_Tx_UART_1_PutArray
 159              		.thumb
 160              		.thumb_func
 161              		.type	SW_Tx_UART_1_PutArray, %function
 162              	SW_Tx_UART_1_PutArray:
 163              	.LFB3:
 154:Generated_Source\PSoC5/SW_Tx_UART_1.c **** 
 155:Generated_Source\PSoC5/SW_Tx_UART_1.c **** 
 156:Generated_Source\PSoC5/SW_Tx_UART_1.c **** /*******************************************************************************
 157:Generated_Source\PSoC5/SW_Tx_UART_1.c **** * Function Name: SW_Tx_UART_1_PutArray
 158:Generated_Source\PSoC5/SW_Tx_UART_1.c **** ********************************************************************************
 159:Generated_Source\PSoC5/SW_Tx_UART_1.c **** *
 160:Generated_Source\PSoC5/SW_Tx_UART_1.c **** * Summary:
 161:Generated_Source\PSoC5/SW_Tx_UART_1.c **** *  Sends byteCount bytes from a memory array via the Tx pin.
 162:Generated_Source\PSoC5/SW_Tx_UART_1.c **** *
 163:Generated_Source\PSoC5/SW_Tx_UART_1.c **** * Parameters:
 164:Generated_Source\PSoC5/SW_Tx_UART_1.c **** *  data: Pointer to the memory array
 165:Generated_Source\PSoC5/SW_Tx_UART_1.c **** *  byteCount: Number of bytes to be transmitted
 166:Generated_Source\PSoC5/SW_Tx_UART_1.c **** *
 167:Generated_Source\PSoC5/SW_Tx_UART_1.c **** * Return:
 168:Generated_Source\PSoC5/SW_Tx_UART_1.c **** *  None
 169:Generated_Source\PSoC5/SW_Tx_UART_1.c **** *
 170:Generated_Source\PSoC5/SW_Tx_UART_1.c **** *******************************************************************************/
 171:Generated_Source\PSoC5/SW_Tx_UART_1.c **** void SW_Tx_UART_1_PutArray(const uint8 array[], uint32 byteCount) 
 172:Generated_Source\PSoC5/SW_Tx_UART_1.c **** {
 164              		.loc 1 172 0
 165              		.cfi_startproc
 166              		@ args = 0, pretend = 0, frame = 16
 167              		@ frame_needed = 1, uses_anonymous_args = 0
 168 0000 80B5     		push	{r7, lr}
 169              		.cfi_def_cfa_offset 8
ARM GAS  C:\Users\LocalAdmin\AppData\Local\Temp\ccxmPewG.s 			page 7


 170              		.cfi_offset 7, -8
 171              		.cfi_offset 14, -4
 172 0002 84B0     		sub	sp, sp, #16
 173              		.cfi_def_cfa_offset 24
 174 0004 00AF     		add	r7, sp, #0
 175              		.cfi_def_cfa_register 7
 176 0006 7860     		str	r0, [r7, #4]
 177 0008 3960     		str	r1, [r7]
 173:Generated_Source\PSoC5/SW_Tx_UART_1.c ****     uint32 arrayIndex;
 174:Generated_Source\PSoC5/SW_Tx_UART_1.c **** 
 175:Generated_Source\PSoC5/SW_Tx_UART_1.c ****     for (arrayIndex = 0u; arrayIndex < byteCount; arrayIndex++)
 178              		.loc 1 175 0
 179 000a 0023     		movs	r3, #0
 180 000c FB60     		str	r3, [r7, #12]
 181 000e 09E0     		b	.L7
 182              	.L8:
 176:Generated_Source\PSoC5/SW_Tx_UART_1.c ****     {
 177:Generated_Source\PSoC5/SW_Tx_UART_1.c ****         SW_Tx_UART_1_PutChar(array[arrayIndex]);
 183              		.loc 1 177 0 discriminator 3
 184 0010 7A68     		ldr	r2, [r7, #4]
 185 0012 FB68     		ldr	r3, [r7, #12]
 186 0014 1344     		add	r3, r3, r2
 187 0016 1B78     		ldrb	r3, [r3]	@ zero_extendqisi2
 188 0018 1846     		mov	r0, r3
 189 001a FFF7FEFF 		bl	SW_Tx_UART_1_PutChar
 175:Generated_Source\PSoC5/SW_Tx_UART_1.c ****     {
 190              		.loc 1 175 0 discriminator 3
 191 001e FB68     		ldr	r3, [r7, #12]
 192 0020 0133     		adds	r3, r3, #1
 193 0022 FB60     		str	r3, [r7, #12]
 194              	.L7:
 175:Generated_Source\PSoC5/SW_Tx_UART_1.c ****     {
 195              		.loc 1 175 0 is_stmt 0 discriminator 1
 196 0024 FA68     		ldr	r2, [r7, #12]
 197 0026 3B68     		ldr	r3, [r7]
 198 0028 9A42     		cmp	r2, r3
 199 002a F1D3     		bcc	.L8
 178:Generated_Source\PSoC5/SW_Tx_UART_1.c ****     }
 179:Generated_Source\PSoC5/SW_Tx_UART_1.c **** }
 200              		.loc 1 179 0 is_stmt 1
 201 002c 1037     		adds	r7, r7, #16
 202              		.cfi_def_cfa_offset 8
 203 002e BD46     		mov	sp, r7
 204              		.cfi_def_cfa_register 13
 205              		@ sp needed
 206 0030 80BD     		pop	{r7, pc}
 207              		.cfi_endproc
 208              	.LFE3:
 209              		.size	SW_Tx_UART_1_PutArray, .-SW_Tx_UART_1_PutArray
 210 0032 00BF     		.section	.text.SW_Tx_UART_1_PutHexByte,"ax",%progbits
 211              		.align	2
 212              		.global	SW_Tx_UART_1_PutHexByte
 213              		.thumb
 214              		.thumb_func
 215              		.type	SW_Tx_UART_1_PutHexByte, %function
 216              	SW_Tx_UART_1_PutHexByte:
 217              	.LFB4:
ARM GAS  C:\Users\LocalAdmin\AppData\Local\Temp\ccxmPewG.s 			page 8


 180:Generated_Source\PSoC5/SW_Tx_UART_1.c **** 
 181:Generated_Source\PSoC5/SW_Tx_UART_1.c **** 
 182:Generated_Source\PSoC5/SW_Tx_UART_1.c **** /*******************************************************************************
 183:Generated_Source\PSoC5/SW_Tx_UART_1.c **** * Function Name: SW_Tx_UART_1_PutHexByte
 184:Generated_Source\PSoC5/SW_Tx_UART_1.c **** ********************************************************************************
 185:Generated_Source\PSoC5/SW_Tx_UART_1.c **** *
 186:Generated_Source\PSoC5/SW_Tx_UART_1.c **** * Summary:
 187:Generated_Source\PSoC5/SW_Tx_UART_1.c **** *  Sends a byte in Hex representation (two characters, uppercase for A-F) via
 188:Generated_Source\PSoC5/SW_Tx_UART_1.c **** *  the Tx pin.
 189:Generated_Source\PSoC5/SW_Tx_UART_1.c **** *
 190:Generated_Source\PSoC5/SW_Tx_UART_1.c **** * Parameters:
 191:Generated_Source\PSoC5/SW_Tx_UART_1.c **** *  TxHexByte: The byte to be converted to ASCII characters and
 192:Generated_Source\PSoC5/SW_Tx_UART_1.c **** *             sent via the Tx pin.
 193:Generated_Source\PSoC5/SW_Tx_UART_1.c **** *
 194:Generated_Source\PSoC5/SW_Tx_UART_1.c **** * Return:
 195:Generated_Source\PSoC5/SW_Tx_UART_1.c **** *  None
 196:Generated_Source\PSoC5/SW_Tx_UART_1.c **** *
 197:Generated_Source\PSoC5/SW_Tx_UART_1.c **** *******************************************************************************/
 198:Generated_Source\PSoC5/SW_Tx_UART_1.c **** void SW_Tx_UART_1_PutHexByte(uint8 txHexByte) 
 199:Generated_Source\PSoC5/SW_Tx_UART_1.c **** {
 218              		.loc 1 199 0
 219              		.cfi_startproc
 220              		@ args = 0, pretend = 0, frame = 8
 221              		@ frame_needed = 1, uses_anonymous_args = 0
 222 0000 80B5     		push	{r7, lr}
 223              		.cfi_def_cfa_offset 8
 224              		.cfi_offset 7, -8
 225              		.cfi_offset 14, -4
 226 0002 82B0     		sub	sp, sp, #8
 227              		.cfi_def_cfa_offset 16
 228 0004 00AF     		add	r7, sp, #0
 229              		.cfi_def_cfa_register 7
 230 0006 0346     		mov	r3, r0
 231 0008 FB71     		strb	r3, [r7, #7]
 200:Generated_Source\PSoC5/SW_Tx_UART_1.c ****     static char8 const CYCODE SW_Tx_UART_1_hex[] = "0123456789ABCDEF";
 201:Generated_Source\PSoC5/SW_Tx_UART_1.c **** 
 202:Generated_Source\PSoC5/SW_Tx_UART_1.c ****     SW_Tx_UART_1_PutChar((uint8) SW_Tx_UART_1_hex[txHexByte >> SW_Tx_UART_1_BYTE_UPPER_NIBBLE_SHIFT
 232              		.loc 1 202 0
 233 000a FB79     		ldrb	r3, [r7, #7]	@ zero_extendqisi2
 234 000c 1B09     		lsrs	r3, r3, #4
 235 000e DBB2     		uxtb	r3, r3
 236 0010 1A46     		mov	r2, r3
 237 0012 084B     		ldr	r3, .L10
 238 0014 9B5C     		ldrb	r3, [r3, r2]	@ zero_extendqisi2
 239 0016 1846     		mov	r0, r3
 240 0018 FFF7FEFF 		bl	SW_Tx_UART_1_PutChar
 203:Generated_Source\PSoC5/SW_Tx_UART_1.c ****     SW_Tx_UART_1_PutChar((uint8) SW_Tx_UART_1_hex[txHexByte & SW_Tx_UART_1_BYTE_LOWER_NIBBLE_MASK])
 241              		.loc 1 203 0
 242 001c FB79     		ldrb	r3, [r7, #7]	@ zero_extendqisi2
 243 001e 03F00F03 		and	r3, r3, #15
 244 0022 044A     		ldr	r2, .L10
 245 0024 D35C     		ldrb	r3, [r2, r3]	@ zero_extendqisi2
 246 0026 1846     		mov	r0, r3
 247 0028 FFF7FEFF 		bl	SW_Tx_UART_1_PutChar
 204:Generated_Source\PSoC5/SW_Tx_UART_1.c **** }
 248              		.loc 1 204 0
 249 002c 0837     		adds	r7, r7, #8
ARM GAS  C:\Users\LocalAdmin\AppData\Local\Temp\ccxmPewG.s 			page 9


 250              		.cfi_def_cfa_offset 8
 251 002e BD46     		mov	sp, r7
 252              		.cfi_def_cfa_register 13
 253              		@ sp needed
 254 0030 80BD     		pop	{r7, pc}
 255              	.L11:
 256 0032 00BF     		.align	2
 257              	.L10:
 258 0034 00000000 		.word	SW_Tx_UART_1_hex.4186
 259              		.cfi_endproc
 260              	.LFE4:
 261              		.size	SW_Tx_UART_1_PutHexByte, .-SW_Tx_UART_1_PutHexByte
 262              		.section	.text.SW_Tx_UART_1_PutHexInt,"ax",%progbits
 263              		.align	2
 264              		.global	SW_Tx_UART_1_PutHexInt
 265              		.thumb
 266              		.thumb_func
 267              		.type	SW_Tx_UART_1_PutHexInt, %function
 268              	SW_Tx_UART_1_PutHexInt:
 269              	.LFB5:
 205:Generated_Source\PSoC5/SW_Tx_UART_1.c **** 
 206:Generated_Source\PSoC5/SW_Tx_UART_1.c **** 
 207:Generated_Source\PSoC5/SW_Tx_UART_1.c **** /*******************************************************************************
 208:Generated_Source\PSoC5/SW_Tx_UART_1.c **** * Function Name: SW_Tx_UART_1_PutHexInt
 209:Generated_Source\PSoC5/SW_Tx_UART_1.c **** ********************************************************************************
 210:Generated_Source\PSoC5/SW_Tx_UART_1.c **** *
 211:Generated_Source\PSoC5/SW_Tx_UART_1.c **** * Summary:
 212:Generated_Source\PSoC5/SW_Tx_UART_1.c **** *  Sends a 16-bit unsigned integer in Hex representation (four characters,
 213:Generated_Source\PSoC5/SW_Tx_UART_1.c **** *  uppercase for A-F) via the Tx pin.
 214:Generated_Source\PSoC5/SW_Tx_UART_1.c **** *
 215:Generated_Source\PSoC5/SW_Tx_UART_1.c **** * Parameters:
 216:Generated_Source\PSoC5/SW_Tx_UART_1.c **** *  TxHexInt: The uint16 to be converted to ASCII characters and sent via
 217:Generated_Source\PSoC5/SW_Tx_UART_1.c **** *            the Tx pin.
 218:Generated_Source\PSoC5/SW_Tx_UART_1.c **** *
 219:Generated_Source\PSoC5/SW_Tx_UART_1.c **** * Return:
 220:Generated_Source\PSoC5/SW_Tx_UART_1.c **** *  None
 221:Generated_Source\PSoC5/SW_Tx_UART_1.c **** *
 222:Generated_Source\PSoC5/SW_Tx_UART_1.c **** *******************************************************************************/
 223:Generated_Source\PSoC5/SW_Tx_UART_1.c **** void SW_Tx_UART_1_PutHexInt(uint16 txHexInt) 
 224:Generated_Source\PSoC5/SW_Tx_UART_1.c **** {
 270              		.loc 1 224 0
 271              		.cfi_startproc
 272              		@ args = 0, pretend = 0, frame = 8
 273              		@ frame_needed = 1, uses_anonymous_args = 0
 274 0000 80B5     		push	{r7, lr}
 275              		.cfi_def_cfa_offset 8
 276              		.cfi_offset 7, -8
 277              		.cfi_offset 14, -4
 278 0002 82B0     		sub	sp, sp, #8
 279              		.cfi_def_cfa_offset 16
 280 0004 00AF     		add	r7, sp, #0
 281              		.cfi_def_cfa_register 7
 282 0006 0346     		mov	r3, r0
 283 0008 FB80     		strh	r3, [r7, #6]	@ movhi
 225:Generated_Source\PSoC5/SW_Tx_UART_1.c ****     SW_Tx_UART_1_PutHexByte((uint8)(txHexInt >> SW_Tx_UART_1_U16_UPPER_BYTE_SHIFT));
 284              		.loc 1 225 0
 285 000a FB88     		ldrh	r3, [r7, #6]
ARM GAS  C:\Users\LocalAdmin\AppData\Local\Temp\ccxmPewG.s 			page 10


 286 000c 1B0A     		lsrs	r3, r3, #8
 287 000e 9BB2     		uxth	r3, r3
 288 0010 DBB2     		uxtb	r3, r3
 289 0012 1846     		mov	r0, r3
 290 0014 FFF7FEFF 		bl	SW_Tx_UART_1_PutHexByte
 226:Generated_Source\PSoC5/SW_Tx_UART_1.c ****     SW_Tx_UART_1_PutHexByte((uint8)(txHexInt & SW_Tx_UART_1_U16_LOWER_BYTE_MASK));
 291              		.loc 1 226 0
 292 0018 FB88     		ldrh	r3, [r7, #6]	@ movhi
 293 001a DBB2     		uxtb	r3, r3
 294 001c 1846     		mov	r0, r3
 295 001e FFF7FEFF 		bl	SW_Tx_UART_1_PutHexByte
 227:Generated_Source\PSoC5/SW_Tx_UART_1.c **** }
 296              		.loc 1 227 0
 297 0022 0837     		adds	r7, r7, #8
 298              		.cfi_def_cfa_offset 8
 299 0024 BD46     		mov	sp, r7
 300              		.cfi_def_cfa_register 13
 301              		@ sp needed
 302 0026 80BD     		pop	{r7, pc}
 303              		.cfi_endproc
 304              	.LFE5:
 305              		.size	SW_Tx_UART_1_PutHexInt, .-SW_Tx_UART_1_PutHexInt
 306              		.section	.text.SW_Tx_UART_1_PutCRLF,"ax",%progbits
 307              		.align	2
 308              		.global	SW_Tx_UART_1_PutCRLF
 309              		.thumb
 310              		.thumb_func
 311              		.type	SW_Tx_UART_1_PutCRLF, %function
 312              	SW_Tx_UART_1_PutCRLF:
 313              	.LFB6:
 228:Generated_Source\PSoC5/SW_Tx_UART_1.c **** 
 229:Generated_Source\PSoC5/SW_Tx_UART_1.c **** 
 230:Generated_Source\PSoC5/SW_Tx_UART_1.c **** /*******************************************************************************
 231:Generated_Source\PSoC5/SW_Tx_UART_1.c **** * Function Name: SW_Tx_UART_1_PutCRLF
 232:Generated_Source\PSoC5/SW_Tx_UART_1.c **** ********************************************************************************
 233:Generated_Source\PSoC5/SW_Tx_UART_1.c **** *
 234:Generated_Source\PSoC5/SW_Tx_UART_1.c **** * Summary:
 235:Generated_Source\PSoC5/SW_Tx_UART_1.c **** *  Sends a carriage return (0x0D) and a line feed (0x0A) via the Tx pin.
 236:Generated_Source\PSoC5/SW_Tx_UART_1.c **** *
 237:Generated_Source\PSoC5/SW_Tx_UART_1.c **** * Parameters:
 238:Generated_Source\PSoC5/SW_Tx_UART_1.c **** *  None
 239:Generated_Source\PSoC5/SW_Tx_UART_1.c **** *
 240:Generated_Source\PSoC5/SW_Tx_UART_1.c **** * Return:
 241:Generated_Source\PSoC5/SW_Tx_UART_1.c **** *  None
 242:Generated_Source\PSoC5/SW_Tx_UART_1.c **** *
 243:Generated_Source\PSoC5/SW_Tx_UART_1.c **** *******************************************************************************/
 244:Generated_Source\PSoC5/SW_Tx_UART_1.c **** void SW_Tx_UART_1_PutCRLF(void) 
 245:Generated_Source\PSoC5/SW_Tx_UART_1.c **** {
 314              		.loc 1 245 0
 315              		.cfi_startproc
 316              		@ args = 0, pretend = 0, frame = 0
 317              		@ frame_needed = 1, uses_anonymous_args = 0
 318 0000 80B5     		push	{r7, lr}
 319              		.cfi_def_cfa_offset 8
 320              		.cfi_offset 7, -8
 321              		.cfi_offset 14, -4
 322 0002 00AF     		add	r7, sp, #0
ARM GAS  C:\Users\LocalAdmin\AppData\Local\Temp\ccxmPewG.s 			page 11


 323              		.cfi_def_cfa_register 7
 246:Generated_Source\PSoC5/SW_Tx_UART_1.c ****     SW_Tx_UART_1_PutChar(0x0Du);
 324              		.loc 1 246 0
 325 0004 0D20     		movs	r0, #13
 326 0006 FFF7FEFF 		bl	SW_Tx_UART_1_PutChar
 247:Generated_Source\PSoC5/SW_Tx_UART_1.c ****     SW_Tx_UART_1_PutChar(0x0Au);
 327              		.loc 1 247 0
 328 000a 0A20     		movs	r0, #10
 329 000c FFF7FEFF 		bl	SW_Tx_UART_1_PutChar
 248:Generated_Source\PSoC5/SW_Tx_UART_1.c **** }
 330              		.loc 1 248 0
 331 0010 80BD     		pop	{r7, pc}
 332              		.cfi_endproc
 333              	.LFE6:
 334              		.size	SW_Tx_UART_1_PutCRLF, .-SW_Tx_UART_1_PutCRLF
 335 0012 00BF     		.section	.rodata
 336              		.align	2
 337              		.type	SW_Tx_UART_1_hex.4186, %object
 338              		.size	SW_Tx_UART_1_hex.4186, 17
 339              	SW_Tx_UART_1_hex.4186:
 340 0000 30313233 		.ascii	"0123456789ABCDEF\000"
 340      34353637 
 340      38394142 
 340      43444546 
 340      00
 341 0011 000000   		.text
 342              	.Letext0:
 343              		.file 2 "Generated_Source\\PSoC5\\cytypes.h"
 344              		.section	.debug_info,"",%progbits
 345              	.Ldebug_info0:
 346 0000 1A020000 		.4byte	0x21a
 347 0004 0400     		.2byte	0x4
 348 0006 00000000 		.4byte	.Ldebug_abbrev0
 349 000a 04       		.byte	0x4
 350 000b 01       		.uleb128 0x1
 351 000c A2000000 		.4byte	.LASF36
 352 0010 01       		.byte	0x1
 353 0011 34020000 		.4byte	.LASF37
 354 0015 52010000 		.4byte	.LASF38
 355 0019 00000000 		.4byte	.Ldebug_ranges0+0
 356 001d 00000000 		.4byte	0
 357 0021 00000000 		.4byte	.Ldebug_line0
 358 0025 02       		.uleb128 0x2
 359 0026 01       		.byte	0x1
 360 0027 06       		.byte	0x6
 361 0028 08020000 		.4byte	.LASF0
 362 002c 02       		.uleb128 0x2
 363 002d 01       		.byte	0x1
 364 002e 08       		.byte	0x8
 365 002f D7010000 		.4byte	.LASF1
 366 0033 02       		.uleb128 0x2
 367 0034 02       		.byte	0x2
 368 0035 05       		.byte	0x5
 369 0036 11000000 		.4byte	.LASF2
 370 003a 02       		.uleb128 0x2
 371 003b 02       		.byte	0x2
 372 003c 07       		.byte	0x7
ARM GAS  C:\Users\LocalAdmin\AppData\Local\Temp\ccxmPewG.s 			page 12


 373 003d 7A020000 		.4byte	.LASF3
 374 0041 02       		.uleb128 0x2
 375 0042 04       		.byte	0x4
 376 0043 05       		.byte	0x5
 377 0044 92020000 		.4byte	.LASF4
 378 0048 02       		.uleb128 0x2
 379 0049 04       		.byte	0x4
 380 004a 07       		.byte	0x7
 381 004b C4020000 		.4byte	.LASF5
 382 004f 02       		.uleb128 0x2
 383 0050 08       		.byte	0x8
 384 0051 05       		.byte	0x5
 385 0052 94000000 		.4byte	.LASF6
 386 0056 02       		.uleb128 0x2
 387 0057 08       		.byte	0x8
 388 0058 07       		.byte	0x7
 389 0059 14020000 		.4byte	.LASF7
 390 005d 03       		.uleb128 0x3
 391 005e 04       		.byte	0x4
 392 005f 05       		.byte	0x5
 393 0060 696E7400 		.ascii	"int\000"
 394 0064 02       		.uleb128 0x2
 395 0065 04       		.byte	0x4
 396 0066 07       		.byte	0x7
 397 0067 16030000 		.4byte	.LASF8
 398 006b 04       		.uleb128 0x4
 399 006c 4A000000 		.4byte	.LASF9
 400 0070 02       		.byte	0x2
 401 0071 A1       		.byte	0xa1
 402 0072 2C000000 		.4byte	0x2c
 403 0076 04       		.uleb128 0x4
 404 0077 2A000000 		.4byte	.LASF10
 405 007b 02       		.byte	0x2
 406 007c A2       		.byte	0xa2
 407 007d 3A000000 		.4byte	0x3a
 408 0081 04       		.uleb128 0x4
 409 0082 BD020000 		.4byte	.LASF11
 410 0086 02       		.byte	0x2
 411 0087 A3       		.byte	0xa3
 412 0088 48000000 		.4byte	0x48
 413 008c 02       		.uleb128 0x2
 414 008d 04       		.byte	0x4
 415 008e 04       		.byte	0x4
 416 008f 77000000 		.4byte	.LASF12
 417 0093 02       		.uleb128 0x2
 418 0094 08       		.byte	0x8
 419 0095 04       		.byte	0x4
 420 0096 D6020000 		.4byte	.LASF13
 421 009a 04       		.uleb128 0x4
 422 009b 24000000 		.4byte	.LASF14
 423 009f 02       		.byte	0x2
 424 00a0 B2       		.byte	0xb2
 425 00a1 A5000000 		.4byte	0xa5
 426 00a5 02       		.uleb128 0x2
 427 00a6 01       		.byte	0x1
 428 00a7 08       		.byte	0x8
 429 00a8 8D020000 		.4byte	.LASF15
ARM GAS  C:\Users\LocalAdmin\AppData\Local\Temp\ccxmPewG.s 			page 13


 430 00ac 05       		.uleb128 0x5
 431 00ad F9020000 		.4byte	.LASF16
 432 00b1 01       		.byte	0x1
 433 00b2 35       		.byte	0x35
 434 00b3 00000000 		.4byte	.LFB0
 435 00b7 0C000000 		.4byte	.LFE0-.LFB0
 436 00bb 01       		.uleb128 0x1
 437 00bc 9C       		.byte	0x9c
 438 00bd 05       		.uleb128 0x5
 439 00be 50000000 		.4byte	.LASF17
 440 00c2 01       		.byte	0x1
 441 00c3 79       		.byte	0x79
 442 00c4 00000000 		.4byte	.LFB1
 443 00c8 0C000000 		.4byte	.LFE1-.LFB1
 444 00cc 01       		.uleb128 0x1
 445 00cd 9C       		.byte	0x9c
 446 00ce 06       		.uleb128 0x6
 447 00cf 9B020000 		.4byte	.LASF20
 448 00d3 01       		.byte	0x1
 449 00d4 8D       		.byte	0x8d
 450 00d5 00000000 		.4byte	.LFB2
 451 00d9 38000000 		.4byte	.LFE2-.LFB2
 452 00dd 01       		.uleb128 0x1
 453 00de 9C       		.byte	0x9c
 454 00df 0E010000 		.4byte	0x10e
 455 00e3 07       		.uleb128 0x7
 456 00e4 30010000 		.4byte	.LASF22
 457 00e8 01       		.byte	0x1
 458 00e9 8D       		.byte	0x8d
 459 00ea 0E010000 		.4byte	0x10e
 460 00ee 02       		.uleb128 0x2
 461 00ef 91       		.byte	0x91
 462 00f0 6C       		.sleb128 -20
 463 00f1 08       		.uleb128 0x8
 464 00f2 FC010000 		.4byte	.LASF18
 465 00f6 01       		.byte	0x1
 466 00f7 8F       		.byte	0x8f
 467 00f8 6B000000 		.4byte	0x6b
 468 00fc 02       		.uleb128 0x2
 469 00fd 91       		.byte	0x91
 470 00fe 77       		.sleb128 -9
 471 00ff 08       		.uleb128 0x8
 472 0100 72020000 		.4byte	.LASF19
 473 0104 01       		.byte	0x1
 474 0105 90       		.byte	0x90
 475 0106 9A000000 		.4byte	0x9a
 476 010a 02       		.uleb128 0x2
 477 010b 91       		.byte	0x91
 478 010c 76       		.sleb128 -10
 479 010d 00       		.byte	0
 480 010e 09       		.uleb128 0x9
 481 010f 04       		.byte	0x4
 482 0110 14010000 		.4byte	0x114
 483 0114 0A       		.uleb128 0xa
 484 0115 9A000000 		.4byte	0x9a
 485 0119 06       		.uleb128 0x6
 486 011a DD020000 		.4byte	.LASF21
ARM GAS  C:\Users\LocalAdmin\AppData\Local\Temp\ccxmPewG.s 			page 14


 487 011e 01       		.byte	0x1
 488 011f AB       		.byte	0xab
 489 0120 00000000 		.4byte	.LFB3
 490 0124 32000000 		.4byte	.LFE3-.LFB3
 491 0128 01       		.uleb128 0x1
 492 0129 9C       		.byte	0x9c
 493 012a 59010000 		.4byte	0x159
 494 012e 07       		.uleb128 0x7
 495 012f F3020000 		.4byte	.LASF23
 496 0133 01       		.byte	0x1
 497 0134 AB       		.byte	0xab
 498 0135 59010000 		.4byte	0x159
 499 0139 02       		.uleb128 0x2
 500 013a 91       		.byte	0x91
 501 013b 6C       		.sleb128 -20
 502 013c 07       		.uleb128 0x7
 503 013d 0C030000 		.4byte	.LASF24
 504 0141 01       		.byte	0x1
 505 0142 AB       		.byte	0xab
 506 0143 81000000 		.4byte	0x81
 507 0147 02       		.uleb128 0x2
 508 0148 91       		.byte	0x91
 509 0149 68       		.sleb128 -24
 510 014a 08       		.uleb128 0x8
 511 014b B2020000 		.4byte	.LASF25
 512 014f 01       		.byte	0x1
 513 0150 AD       		.byte	0xad
 514 0151 81000000 		.4byte	0x81
 515 0155 02       		.uleb128 0x2
 516 0156 91       		.byte	0x91
 517 0157 74       		.sleb128 -12
 518 0158 00       		.byte	0
 519 0159 09       		.uleb128 0x9
 520 015a 04       		.byte	0x4
 521 015b 5F010000 		.4byte	0x15f
 522 015f 0A       		.uleb128 0xa
 523 0160 6B000000 		.4byte	0x6b
 524 0164 06       		.uleb128 0x6
 525 0165 5A020000 		.4byte	.LASF26
 526 0169 01       		.byte	0x1
 527 016a C6       		.byte	0xc6
 528 016b 00000000 		.4byte	.LFB4
 529 016f 38000000 		.4byte	.LFE4-.LFB4
 530 0173 01       		.uleb128 0x1
 531 0174 9C       		.byte	0x9c
 532 0175 99010000 		.4byte	0x199
 533 0179 07       		.uleb128 0x7
 534 017a CD010000 		.4byte	.LASF27
 535 017e 01       		.byte	0x1
 536 017f C6       		.byte	0xc6
 537 0180 6B000000 		.4byte	0x6b
 538 0184 02       		.uleb128 0x2
 539 0185 91       		.byte	0x91
 540 0186 77       		.sleb128 -9
 541 0187 08       		.uleb128 0x8
 542 0188 00000000 		.4byte	.LASF28
 543 018c 01       		.byte	0x1
ARM GAS  C:\Users\LocalAdmin\AppData\Local\Temp\ccxmPewG.s 			page 15


 544 018d C8       		.byte	0xc8
 545 018e B0010000 		.4byte	0x1b0
 546 0192 05       		.uleb128 0x5
 547 0193 03       		.byte	0x3
 548 0194 00000000 		.4byte	SW_Tx_UART_1_hex.4186
 549 0198 00       		.byte	0
 550 0199 0B       		.uleb128 0xb
 551 019a 9A000000 		.4byte	0x9a
 552 019e A9010000 		.4byte	0x1a9
 553 01a2 0C       		.uleb128 0xc
 554 01a3 A9010000 		.4byte	0x1a9
 555 01a7 10       		.byte	0x10
 556 01a8 00       		.byte	0
 557 01a9 02       		.uleb128 0x2
 558 01aa 04       		.byte	0x4
 559 01ab 07       		.byte	0x7
 560 01ac 1B000000 		.4byte	.LASF29
 561 01b0 0A       		.uleb128 0xa
 562 01b1 99010000 		.4byte	0x199
 563 01b5 06       		.uleb128 0x6
 564 01b6 7D000000 		.4byte	.LASF30
 565 01ba 01       		.byte	0x1
 566 01bb DF       		.byte	0xdf
 567 01bc 00000000 		.4byte	.LFB5
 568 01c0 28000000 		.4byte	.LFE5-.LFB5
 569 01c4 01       		.uleb128 0x1
 570 01c5 9C       		.byte	0x9c
 571 01c6 D9010000 		.4byte	0x1d9
 572 01ca 07       		.uleb128 0x7
 573 01cb 2B020000 		.4byte	.LASF31
 574 01cf 01       		.byte	0x1
 575 01d0 DF       		.byte	0xdf
 576 01d1 76000000 		.4byte	0x76
 577 01d5 02       		.uleb128 0x2
 578 01d6 91       		.byte	0x91
 579 01d7 76       		.sleb128 -10
 580 01d8 00       		.byte	0
 581 01d9 0D       		.uleb128 0xd
 582 01da 62000000 		.4byte	.LASF32
 583 01de 01       		.byte	0x1
 584 01df F4       		.byte	0xf4
 585 01e0 00000000 		.4byte	.LFB6
 586 01e4 12000000 		.4byte	.LFE6-.LFB6
 587 01e8 01       		.uleb128 0x1
 588 01e9 9C       		.byte	0x9c
 589 01ea 0E       		.uleb128 0xe
 590 01eb E5010000 		.4byte	.LASF33
 591 01ef 01       		.byte	0x1
 592 01f0 12       		.byte	0x12
 593 01f1 81000000 		.4byte	0x81
 594 01f5 05       		.uleb128 0x5
 595 01f6 03       		.byte	0x3
 596 01f7 00000000 		.4byte	SW_Tx_UART_1_pinNumber
 597 01fb 0E       		.uleb128 0xe
 598 01fc 37010000 		.4byte	.LASF34
 599 0200 01       		.byte	0x1
 600 0201 13       		.byte	0x13
ARM GAS  C:\Users\LocalAdmin\AppData\Local\Temp\ccxmPewG.s 			page 16


 601 0202 81000000 		.4byte	0x81
 602 0206 05       		.uleb128 0x5
 603 0207 03       		.byte	0x3
 604 0208 00000000 		.4byte	SW_Tx_UART_1_pinPortNumber
 605 020c 0E       		.uleb128 0xe
 606 020d 31000000 		.4byte	.LASF35
 607 0211 01       		.byte	0x1
 608 0212 17       		.byte	0x17
 609 0213 81000000 		.4byte	0x81
 610 0217 05       		.uleb128 0x5
 611 0218 03       		.byte	0x3
 612 0219 00000000 		.4byte	SW_Tx_UART_1_pinDrAdress
 613 021d 00       		.byte	0
 614              		.section	.debug_abbrev,"",%progbits
 615              	.Ldebug_abbrev0:
 616 0000 01       		.uleb128 0x1
 617 0001 11       		.uleb128 0x11
 618 0002 01       		.byte	0x1
 619 0003 25       		.uleb128 0x25
 620 0004 0E       		.uleb128 0xe
 621 0005 13       		.uleb128 0x13
 622 0006 0B       		.uleb128 0xb
 623 0007 03       		.uleb128 0x3
 624 0008 0E       		.uleb128 0xe
 625 0009 1B       		.uleb128 0x1b
 626 000a 0E       		.uleb128 0xe
 627 000b 55       		.uleb128 0x55
 628 000c 17       		.uleb128 0x17
 629 000d 11       		.uleb128 0x11
 630 000e 01       		.uleb128 0x1
 631 000f 10       		.uleb128 0x10
 632 0010 17       		.uleb128 0x17
 633 0011 00       		.byte	0
 634 0012 00       		.byte	0
 635 0013 02       		.uleb128 0x2
 636 0014 24       		.uleb128 0x24
 637 0015 00       		.byte	0
 638 0016 0B       		.uleb128 0xb
 639 0017 0B       		.uleb128 0xb
 640 0018 3E       		.uleb128 0x3e
 641 0019 0B       		.uleb128 0xb
 642 001a 03       		.uleb128 0x3
 643 001b 0E       		.uleb128 0xe
 644 001c 00       		.byte	0
 645 001d 00       		.byte	0
 646 001e 03       		.uleb128 0x3
 647 001f 24       		.uleb128 0x24
 648 0020 00       		.byte	0
 649 0021 0B       		.uleb128 0xb
 650 0022 0B       		.uleb128 0xb
 651 0023 3E       		.uleb128 0x3e
 652 0024 0B       		.uleb128 0xb
 653 0025 03       		.uleb128 0x3
 654 0026 08       		.uleb128 0x8
 655 0027 00       		.byte	0
 656 0028 00       		.byte	0
 657 0029 04       		.uleb128 0x4
ARM GAS  C:\Users\LocalAdmin\AppData\Local\Temp\ccxmPewG.s 			page 17


 658 002a 16       		.uleb128 0x16
 659 002b 00       		.byte	0
 660 002c 03       		.uleb128 0x3
 661 002d 0E       		.uleb128 0xe
 662 002e 3A       		.uleb128 0x3a
 663 002f 0B       		.uleb128 0xb
 664 0030 3B       		.uleb128 0x3b
 665 0031 0B       		.uleb128 0xb
 666 0032 49       		.uleb128 0x49
 667 0033 13       		.uleb128 0x13
 668 0034 00       		.byte	0
 669 0035 00       		.byte	0
 670 0036 05       		.uleb128 0x5
 671 0037 2E       		.uleb128 0x2e
 672 0038 00       		.byte	0
 673 0039 3F       		.uleb128 0x3f
 674 003a 19       		.uleb128 0x19
 675 003b 03       		.uleb128 0x3
 676 003c 0E       		.uleb128 0xe
 677 003d 3A       		.uleb128 0x3a
 678 003e 0B       		.uleb128 0xb
 679 003f 3B       		.uleb128 0x3b
 680 0040 0B       		.uleb128 0xb
 681 0041 27       		.uleb128 0x27
 682 0042 19       		.uleb128 0x19
 683 0043 11       		.uleb128 0x11
 684 0044 01       		.uleb128 0x1
 685 0045 12       		.uleb128 0x12
 686 0046 06       		.uleb128 0x6
 687 0047 40       		.uleb128 0x40
 688 0048 18       		.uleb128 0x18
 689 0049 9742     		.uleb128 0x2117
 690 004b 19       		.uleb128 0x19
 691 004c 00       		.byte	0
 692 004d 00       		.byte	0
 693 004e 06       		.uleb128 0x6
 694 004f 2E       		.uleb128 0x2e
 695 0050 01       		.byte	0x1
 696 0051 3F       		.uleb128 0x3f
 697 0052 19       		.uleb128 0x19
 698 0053 03       		.uleb128 0x3
 699 0054 0E       		.uleb128 0xe
 700 0055 3A       		.uleb128 0x3a
 701 0056 0B       		.uleb128 0xb
 702 0057 3B       		.uleb128 0x3b
 703 0058 0B       		.uleb128 0xb
 704 0059 27       		.uleb128 0x27
 705 005a 19       		.uleb128 0x19
 706 005b 11       		.uleb128 0x11
 707 005c 01       		.uleb128 0x1
 708 005d 12       		.uleb128 0x12
 709 005e 06       		.uleb128 0x6
 710 005f 40       		.uleb128 0x40
 711 0060 18       		.uleb128 0x18
 712 0061 9642     		.uleb128 0x2116
 713 0063 19       		.uleb128 0x19
 714 0064 01       		.uleb128 0x1
ARM GAS  C:\Users\LocalAdmin\AppData\Local\Temp\ccxmPewG.s 			page 18


 715 0065 13       		.uleb128 0x13
 716 0066 00       		.byte	0
 717 0067 00       		.byte	0
 718 0068 07       		.uleb128 0x7
 719 0069 05       		.uleb128 0x5
 720 006a 00       		.byte	0
 721 006b 03       		.uleb128 0x3
 722 006c 0E       		.uleb128 0xe
 723 006d 3A       		.uleb128 0x3a
 724 006e 0B       		.uleb128 0xb
 725 006f 3B       		.uleb128 0x3b
 726 0070 0B       		.uleb128 0xb
 727 0071 49       		.uleb128 0x49
 728 0072 13       		.uleb128 0x13
 729 0073 02       		.uleb128 0x2
 730 0074 18       		.uleb128 0x18
 731 0075 00       		.byte	0
 732 0076 00       		.byte	0
 733 0077 08       		.uleb128 0x8
 734 0078 34       		.uleb128 0x34
 735 0079 00       		.byte	0
 736 007a 03       		.uleb128 0x3
 737 007b 0E       		.uleb128 0xe
 738 007c 3A       		.uleb128 0x3a
 739 007d 0B       		.uleb128 0xb
 740 007e 3B       		.uleb128 0x3b
 741 007f 0B       		.uleb128 0xb
 742 0080 49       		.uleb128 0x49
 743 0081 13       		.uleb128 0x13
 744 0082 02       		.uleb128 0x2
 745 0083 18       		.uleb128 0x18
 746 0084 00       		.byte	0
 747 0085 00       		.byte	0
 748 0086 09       		.uleb128 0x9
 749 0087 0F       		.uleb128 0xf
 750 0088 00       		.byte	0
 751 0089 0B       		.uleb128 0xb
 752 008a 0B       		.uleb128 0xb
 753 008b 49       		.uleb128 0x49
 754 008c 13       		.uleb128 0x13
 755 008d 00       		.byte	0
 756 008e 00       		.byte	0
 757 008f 0A       		.uleb128 0xa
 758 0090 26       		.uleb128 0x26
 759 0091 00       		.byte	0
 760 0092 49       		.uleb128 0x49
 761 0093 13       		.uleb128 0x13
 762 0094 00       		.byte	0
 763 0095 00       		.byte	0
 764 0096 0B       		.uleb128 0xb
 765 0097 01       		.uleb128 0x1
 766 0098 01       		.byte	0x1
 767 0099 49       		.uleb128 0x49
 768 009a 13       		.uleb128 0x13
 769 009b 01       		.uleb128 0x1
 770 009c 13       		.uleb128 0x13
 771 009d 00       		.byte	0
ARM GAS  C:\Users\LocalAdmin\AppData\Local\Temp\ccxmPewG.s 			page 19


 772 009e 00       		.byte	0
 773 009f 0C       		.uleb128 0xc
 774 00a0 21       		.uleb128 0x21
 775 00a1 00       		.byte	0
 776 00a2 49       		.uleb128 0x49
 777 00a3 13       		.uleb128 0x13
 778 00a4 2F       		.uleb128 0x2f
 779 00a5 0B       		.uleb128 0xb
 780 00a6 00       		.byte	0
 781 00a7 00       		.byte	0
 782 00a8 0D       		.uleb128 0xd
 783 00a9 2E       		.uleb128 0x2e
 784 00aa 00       		.byte	0
 785 00ab 3F       		.uleb128 0x3f
 786 00ac 19       		.uleb128 0x19
 787 00ad 03       		.uleb128 0x3
 788 00ae 0E       		.uleb128 0xe
 789 00af 3A       		.uleb128 0x3a
 790 00b0 0B       		.uleb128 0xb
 791 00b1 3B       		.uleb128 0x3b
 792 00b2 0B       		.uleb128 0xb
 793 00b3 27       		.uleb128 0x27
 794 00b4 19       		.uleb128 0x19
 795 00b5 11       		.uleb128 0x11
 796 00b6 01       		.uleb128 0x1
 797 00b7 12       		.uleb128 0x12
 798 00b8 06       		.uleb128 0x6
 799 00b9 40       		.uleb128 0x40
 800 00ba 18       		.uleb128 0x18
 801 00bb 9642     		.uleb128 0x2116
 802 00bd 19       		.uleb128 0x19
 803 00be 00       		.byte	0
 804 00bf 00       		.byte	0
 805 00c0 0E       		.uleb128 0xe
 806 00c1 34       		.uleb128 0x34
 807 00c2 00       		.byte	0
 808 00c3 03       		.uleb128 0x3
 809 00c4 0E       		.uleb128 0xe
 810 00c5 3A       		.uleb128 0x3a
 811 00c6 0B       		.uleb128 0xb
 812 00c7 3B       		.uleb128 0x3b
 813 00c8 0B       		.uleb128 0xb
 814 00c9 49       		.uleb128 0x49
 815 00ca 13       		.uleb128 0x13
 816 00cb 3F       		.uleb128 0x3f
 817 00cc 19       		.uleb128 0x19
 818 00cd 02       		.uleb128 0x2
 819 00ce 18       		.uleb128 0x18
 820 00cf 00       		.byte	0
 821 00d0 00       		.byte	0
 822 00d1 00       		.byte	0
 823              		.section	.debug_aranges,"",%progbits
 824 0000 4C000000 		.4byte	0x4c
 825 0004 0200     		.2byte	0x2
 826 0006 00000000 		.4byte	.Ldebug_info0
 827 000a 04       		.byte	0x4
 828 000b 00       		.byte	0
ARM GAS  C:\Users\LocalAdmin\AppData\Local\Temp\ccxmPewG.s 			page 20


 829 000c 0000     		.2byte	0
 830 000e 0000     		.2byte	0
 831 0010 00000000 		.4byte	.LFB0
 832 0014 0C000000 		.4byte	.LFE0-.LFB0
 833 0018 00000000 		.4byte	.LFB1
 834 001c 0C000000 		.4byte	.LFE1-.LFB1
 835 0020 00000000 		.4byte	.LFB2
 836 0024 38000000 		.4byte	.LFE2-.LFB2
 837 0028 00000000 		.4byte	.LFB3
 838 002c 32000000 		.4byte	.LFE3-.LFB3
 839 0030 00000000 		.4byte	.LFB4
 840 0034 38000000 		.4byte	.LFE4-.LFB4
 841 0038 00000000 		.4byte	.LFB5
 842 003c 28000000 		.4byte	.LFE5-.LFB5
 843 0040 00000000 		.4byte	.LFB6
 844 0044 12000000 		.4byte	.LFE6-.LFB6
 845 0048 00000000 		.4byte	0
 846 004c 00000000 		.4byte	0
 847              		.section	.debug_ranges,"",%progbits
 848              	.Ldebug_ranges0:
 849 0000 00000000 		.4byte	.LFB0
 850 0004 0C000000 		.4byte	.LFE0
 851 0008 00000000 		.4byte	.LFB1
 852 000c 0C000000 		.4byte	.LFE1
 853 0010 00000000 		.4byte	.LFB2
 854 0014 38000000 		.4byte	.LFE2
 855 0018 00000000 		.4byte	.LFB3
 856 001c 32000000 		.4byte	.LFE3
 857 0020 00000000 		.4byte	.LFB4
 858 0024 38000000 		.4byte	.LFE4
 859 0028 00000000 		.4byte	.LFB5
 860 002c 28000000 		.4byte	.LFE5
 861 0030 00000000 		.4byte	.LFB6
 862 0034 12000000 		.4byte	.LFE6
 863 0038 00000000 		.4byte	0
 864 003c 00000000 		.4byte	0
 865              		.section	.debug_line,"",%progbits
 866              	.Ldebug_line0:
 867 0000 E4000000 		.section	.debug_str,"MS",%progbits,1
 867      02004900 
 867      00000201 
 867      FB0E0D00 
 867      01010101 
 868              	.LASF28:
 869 0000 53575F54 		.ascii	"SW_Tx_UART_1_hex\000"
 869      785F5541 
 869      52545F31 
 869      5F686578 
 869      00
 870              	.LASF2:
 871 0011 73686F72 		.ascii	"short int\000"
 871      7420696E 
 871      7400
 872              	.LASF29:
 873 001b 73697A65 		.ascii	"sizetype\000"
 873      74797065 
 873      00
ARM GAS  C:\Users\LocalAdmin\AppData\Local\Temp\ccxmPewG.s 			page 21


 874              	.LASF14:
 875 0024 63686172 		.ascii	"char8\000"
 875      3800
 876              	.LASF10:
 877 002a 75696E74 		.ascii	"uint16\000"
 877      313600
 878              	.LASF35:
 879 0031 53575F54 		.ascii	"SW_Tx_UART_1_pinDrAdress\000"
 879      785F5541 
 879      52545F31 
 879      5F70696E 
 879      44724164 
 880              	.LASF9:
 881 004a 75696E74 		.ascii	"uint8\000"
 881      3800
 882              	.LASF17:
 883 0050 53575F54 		.ascii	"SW_Tx_UART_1_Stop\000"
 883      785F5541 
 883      52545F31 
 883      5F53746F 
 883      7000
 884              	.LASF32:
 885 0062 53575F54 		.ascii	"SW_Tx_UART_1_PutCRLF\000"
 885      785F5541 
 885      52545F31 
 885      5F507574 
 885      43524C46 
 886              	.LASF12:
 887 0077 666C6F61 		.ascii	"float\000"
 887      7400
 888              	.LASF30:
 889 007d 53575F54 		.ascii	"SW_Tx_UART_1_PutHexInt\000"
 889      785F5541 
 889      52545F31 
 889      5F507574 
 889      48657849 
 890              	.LASF6:
 891 0094 6C6F6E67 		.ascii	"long long int\000"
 891      206C6F6E 
 891      6720696E 
 891      7400
 892              	.LASF36:
 893 00a2 474E5520 		.ascii	"GNU C 4.9.3 20150303 (release) [ARM/embedded-4_9-br"
 893      4320342E 
 893      392E3320 
 893      32303135 
 893      30333033 
 894 00d5 616E6368 		.ascii	"anch revision 221220] -mcpu=cortex-m3 -mthumb -g -O"
 894      20726576 
 894      6973696F 
 894      6E203232 
 894      31323230 
 895 0108 30202D66 		.ascii	"0 -ffunction-sections -ffat-lto-objects\000"
 895      66756E63 
 895      74696F6E 
 895      2D736563 
 895      74696F6E 
ARM GAS  C:\Users\LocalAdmin\AppData\Local\Temp\ccxmPewG.s 			page 22


 896              	.LASF22:
 897 0130 73747269 		.ascii	"string\000"
 897      6E6700
 898              	.LASF34:
 899 0137 53575F54 		.ascii	"SW_Tx_UART_1_pinPortNumber\000"
 899      785F5541 
 899      52545F31 
 899      5F70696E 
 899      506F7274 
 900              	.LASF38:
 901 0152 433A5C55 		.ascii	"C:\\Users\\LocalAdmin\\Documents\\GitHub\\phd-proje"
 901      73657273 
 901      5C4C6F63 
 901      616C4164 
 901      6D696E5C 
 902 0180 6374735C 		.ascii	"cts\\Devices\\One Laser Lamella\\PSOC5_LamellaDevic"
 902      44657669 
 902      6365735C 
 902      4F6E6520 
 902      4C617365 
 903 01b0 655C5053 		.ascii	"e\\PSOC5_Blinkschaltung.cydsn\000"
 903      4F43355F 
 903      426C696E 
 903      6B736368 
 903      616C7475 
 904              	.LASF27:
 905 01cd 74784865 		.ascii	"txHexByte\000"
 905      78427974 
 905      6500
 906              	.LASF1:
 907 01d7 756E7369 		.ascii	"unsigned char\000"
 907      676E6564 
 907      20636861 
 907      7200
 908              	.LASF33:
 909 01e5 53575F54 		.ascii	"SW_Tx_UART_1_pinNumber\000"
 909      785F5541 
 909      52545F31 
 909      5F70696E 
 909      4E756D62 
 910              	.LASF18:
 911 01fc 73747269 		.ascii	"stringIndex\000"
 911      6E67496E 
 911      64657800 
 912              	.LASF0:
 913 0208 7369676E 		.ascii	"signed char\000"
 913      65642063 
 913      68617200 
 914              	.LASF7:
 915 0214 6C6F6E67 		.ascii	"long long unsigned int\000"
 915      206C6F6E 
 915      6720756E 
 915      7369676E 
 915      65642069 
 916              	.LASF31:
 917 022b 74784865 		.ascii	"txHexInt\000"
 917      78496E74 
ARM GAS  C:\Users\LocalAdmin\AppData\Local\Temp\ccxmPewG.s 			page 23


 917      00
 918              	.LASF37:
 919 0234 47656E65 		.ascii	"Generated_Source\\PSoC5\\SW_Tx_UART_1.c\000"
 919      72617465 
 919      645F536F 
 919      75726365 
 919      5C50536F 
 920              	.LASF26:
 921 025a 53575F54 		.ascii	"SW_Tx_UART_1_PutHexByte\000"
 921      785F5541 
 921      52545F31 
 921      5F507574 
 921      48657842 
 922              	.LASF19:
 923 0272 63757272 		.ascii	"current\000"
 923      656E7400 
 924              	.LASF3:
 925 027a 73686F72 		.ascii	"short unsigned int\000"
 925      7420756E 
 925      7369676E 
 925      65642069 
 925      6E7400
 926              	.LASF15:
 927 028d 63686172 		.ascii	"char\000"
 927      00
 928              	.LASF4:
 929 0292 6C6F6E67 		.ascii	"long int\000"
 929      20696E74 
 929      00
 930              	.LASF20:
 931 029b 53575F54 		.ascii	"SW_Tx_UART_1_PutString\000"
 931      785F5541 
 931      52545F31 
 931      5F507574 
 931      53747269 
 932              	.LASF25:
 933 02b2 61727261 		.ascii	"arrayIndex\000"
 933      79496E64 
 933      657800
 934              	.LASF11:
 935 02bd 75696E74 		.ascii	"uint32\000"
 935      333200
 936              	.LASF5:
 937 02c4 6C6F6E67 		.ascii	"long unsigned int\000"
 937      20756E73 
 937      69676E65 
 937      6420696E 
 937      7400
 938              	.LASF13:
 939 02d6 646F7562 		.ascii	"double\000"
 939      6C6500
 940              	.LASF21:
 941 02dd 53575F54 		.ascii	"SW_Tx_UART_1_PutArray\000"
 941      785F5541 
 941      52545F31 
 941      5F507574 
 941      41727261 
ARM GAS  C:\Users\LocalAdmin\AppData\Local\Temp\ccxmPewG.s 			page 24


 942              	.LASF23:
 943 02f3 61727261 		.ascii	"array\000"
 943      7900
 944              	.LASF16:
 945 02f9 53575F54 		.ascii	"SW_Tx_UART_1_Start\000"
 945      785F5541 
 945      52545F31 
 945      5F537461 
 945      727400
 946              	.LASF24:
 947 030c 62797465 		.ascii	"byteCount\000"
 947      436F756E 
 947      7400
 948              	.LASF8:
 949 0316 756E7369 		.ascii	"unsigned int\000"
 949      676E6564 
 949      20696E74 
 949      00
 950              		.ident	"GCC: (GNU Tools for ARM Embedded Processors) 4.9.3 20150303 (release) [ARM/embedded-4_9-br
